// Jest Snapshot v1, https://goo.gl/fbAQLP

exports[`matches snapshot 1`] = `
<div
  className="justify-content-left container"
>
  <nav
    className="navbar navbar-expand navbar-dark bg-dark fixed-top"
  >
    <a
      className="navbar-brand"
      href="#currentQuality"
    >
      Current Quality
    </a>
    <div
      className="mr-auto navbar-nav"
      onKeyDown={[Function]}
    >
      <a
        className="nav-link"
        data-rb-event-key="#history"
        href="#history"
        onClick={[Function]}
        onKeyDown={[Function]}
      >
        History
      </a>
      <a
        className="nav-link"
        data-rb-event-key="#home"
        href="#home"
        onClick={[Function]}
        onKeyDown={[Function]}
      >
        Home
      </a>
    </div>
  </nav>
  <div
    className="row"
  >
    <div
      className="text-left col-lg-9"
      date-testid="page-info"
      style={
        Object {
          "marginBottom": "15px",
          "paddingTop": "75px",
        }
      }
    >
      On this page you can find all of the current statistics being monitored.
      <br />
      If the number of people displayed on this page is incorrect you can change it to the proper amount.
      <br />
    </div>
  </div>
  <div
    className="row"
    style={
      Object {
        "paddingLeft": "15px",
      }
    }
  >
    <nav
      className="nav nav-tabs"
      onKeyDown={[Function]}
      role="tablist"
    >
      <a
        aria-controls="uncontrolled-tab-example-tabpane-airQuality"
        aria-selected={true}
        className="nav-item nav-link active"
        data-rb-event-key="airQuality"
        href="#"
        id="uncontrolled-tab-example-tab-airQuality"
        onClick={[Function]}
        onKeyDown={[Function]}
        role="tab"
      >
        Air Quality
      </a>
      <a
        aria-controls="uncontrolled-tab-example-tabpane-sound"
        aria-selected={false}
        className="nav-item nav-link"
        data-rb-event-key="sound"
        href="#"
        id="uncontrolled-tab-example-tab-sound"
        onClick={[Function]}
        onKeyDown={[Function]}
        role="tab"
      >
        Sound Level
      </a>
      <a
        aria-controls="uncontrolled-tab-example-tabpane-temperature"
        aria-selected={false}
        className="nav-item nav-link"
        data-rb-event-key="temperature"
        href="#"
        id="uncontrolled-tab-example-tab-temperature"
        onClick={[Function]}
        onKeyDown={[Function]}
        role="tab"
      >
        Temperature
      </a>
      <a
        aria-controls="uncontrolled-tab-example-tabpane-humidity"
        aria-selected={false}
        className="nav-item nav-link"
        data-rb-event-key="humidity"
        href="#"
        id="uncontrolled-tab-example-tab-humidity"
        onClick={[Function]}
        onKeyDown={[Function]}
        role="tab"
      >
        Humidity
      </a>
    </nav>
    <div
      className="tab-content"
    >
      <div
        aria-hidden={false}
        aria-labelledby="uncontrolled-tab-example-tab-airQuality"
        className="fade tab-pane active show"
        id="uncontrolled-tab-example-tabpane-airQuality"
        role="tabpanel"
      >
        <table
          className="table table-dark table-striped table-bordered table-hover"
        >
          <thead>
            <tr>
              <th
                data-testid="date1"
              >
                Date
              </th>
              <th
                data-testid="carbon-header"
              >
                Carbon dioxide
              </th>
              <th
                data-testid="people1"
              >
                #people in room
              </th>
            </tr>
          </thead>
          <tbody>
            <tr>
              <td
                data-testid="actual-date1"
              >
                <div
                  className="spinner-border"
                  data-testid="Spinner"
                  role="status"
                />
              </td>
              <td
                data-testid="actual-carbon"
              >
                <div
                  className="spinner-border"
                  role="status"
                />
              </td>
              <td />
            </tr>
          </tbody>
        </table>
      </div>
      <div
        aria-hidden={true}
        aria-labelledby="uncontrolled-tab-example-tab-sound"
        className="fade tab-pane"
        id="uncontrolled-tab-example-tabpane-sound"
        role="tabpanel"
      >
        <table
          className="table table-dark table-striped table-bordered table-hover"
        >
          <thead>
            <tr>
              <th
                data-testid="date2"
              >
                Date
              </th>
              <th
                data-testid="sound-lvl"
              >
                Sound level (dBa)
              </th>
              <th
                data-testid="people2"
              >
                #people in room
              </th>
            </tr>
          </thead>
          <tbody>
            <tr>
              <td
                data-testid="actual-date2"
              >
                <div
                  className="spinner-border"
                  role="status"
                />
              </td>
              <td />
              <td />
            </tr>
          </tbody>
        </table>
      </div>
      <div
        aria-hidden={true}
        aria-labelledby="uncontrolled-tab-example-tab-temperature"
        className="fade tab-pane"
        id="uncontrolled-tab-example-tabpane-temperature"
        role="tabpanel"
      >
        <table
          className="table table-dark table-striped table-bordered table-hover"
        >
          <thead>
            <tr>
              <th
                data-testid="date3"
              >
                Date
              </th>
              <th
                data-testid="temp"
              >
                temperature
              </th>
              <th
                data-testid="people3"
              >
                #people in room
              </th>
            </tr>
          </thead>
          <tbody>
            <tr>
              <td
                data-testid="actual-date3"
              >
                <div
                  className="spinner-border"
                  role="status"
                />
              </td>
              <td />
              <td />
            </tr>
          </tbody>
        </table>
      </div>
      <div
        aria-hidden={true}
        aria-labelledby="uncontrolled-tab-example-tab-humidity"
        className="fade tab-pane"
        id="uncontrolled-tab-example-tabpane-humidity"
        role="tabpanel"
      >
        <table
          className="table table-dark table-striped table-bordered table-hover"
        >
          <thead>
            <tr>
              <th
                data-testid="date4"
              >
                Date
              </th>
              <th
                data-testid="humidity"
              >
                Humidity
              </th>
              <th
                data-testid="people4"
              >
                #people in room
              </th>
            </tr>
          </thead>
          <tbody>
            <tr>
              <td
                data-testid="actual-date4"
              >
                <div
                  className="spinner-border"
                  role="status"
                />
              </td>
              <td />
              <td />
            </tr>
          </tbody>
        </table>
      </div>
    </div>
  </div>
  <div
    className="text-left row"
    style={
      Object {
        "paddingTop": "40px",
      }
    }
  >
    <div
      className="col"
    >
      <form
        className=""
      >
        <div
          className="form-group"
        >
          <label
            className="form-label"
            htmlFor="formBasicEmail"
          >
            Here you can insert the current number of poeple in the room
          </label>
          <input
            className="form-control"
            id="formBasicEmail"
            placeholder="Enter number of people"
            type="people"
          />
          <small
            className="text-muted form-text"
          >
            Ensure that the number is correct.
          </small>
        </div>
        <button
          className="btn btn-primary"
          data-testid="submit-button"
          disabled={false}
          type="submit"
        >
          Submit
        </button>
      </form>
    </div>
  </div>
</div>
`;
