Archive member included to satisfy reference by file (symbol)

c:/st/stm32cubeide_1.4.0/stm32cubeide/plugins/com.st.stm32cube.ide.mcu.externaltools.gnu-tools-for-stm32.7-2018-q2-update.win32_1.4.0.202007081208/tools/bin/../lib/gcc/arm-none-eabi/7.3.1/../../../../arm-none-eabi/lib/thumb/v7e-m/fpv4-sp/hard\libc_nano.a(lib_a-errno.o)
                              Core/Src/syscalls.o (__errno)
c:/st/stm32cubeide_1.4.0/stm32cubeide/plugins/com.st.stm32cube.ide.mcu.externaltools.gnu-tools-for-stm32.7-2018-q2-update.win32_1.4.0.202007081208/tools/bin/../lib/gcc/arm-none-eabi/7.3.1/../../../../arm-none-eabi/lib/thumb/v7e-m/fpv4-sp/hard\libc_nano.a(lib_a-exit.o)
                              c:/st/stm32cubeide_1.4.0/stm32cubeide/plugins/com.st.stm32cube.ide.mcu.externaltools.gnu-tools-for-stm32.7-2018-q2-update.win32_1.4.0.202007081208/tools/bin/../lib/gcc/arm-none-eabi/7.3.1/../../../../arm-none-eabi/lib/thumb/v7e-m/fpv4-sp/hard/crt0.o (exit)
c:/st/stm32cubeide_1.4.0/stm32cubeide/plugins/com.st.stm32cube.ide.mcu.externaltools.gnu-tools-for-stm32.7-2018-q2-update.win32_1.4.0.202007081208/tools/bin/../lib/gcc/arm-none-eabi/7.3.1/../../../../arm-none-eabi/lib/thumb/v7e-m/fpv4-sp/hard\libc_nano.a(lib_a-impure.o)
                              c:/st/stm32cubeide_1.4.0/stm32cubeide/plugins/com.st.stm32cube.ide.mcu.externaltools.gnu-tools-for-stm32.7-2018-q2-update.win32_1.4.0.202007081208/tools/bin/../lib/gcc/arm-none-eabi/7.3.1/../../../../arm-none-eabi/lib/thumb/v7e-m/fpv4-sp/hard\libc_nano.a(lib_a-exit.o) (_global_impure_ptr)
c:/st/stm32cubeide_1.4.0/stm32cubeide/plugins/com.st.stm32cube.ide.mcu.externaltools.gnu-tools-for-stm32.7-2018-q2-update.win32_1.4.0.202007081208/tools/bin/../lib/gcc/arm-none-eabi/7.3.1/../../../../arm-none-eabi/lib/thumb/v7e-m/fpv4-sp/hard\libc_nano.a(lib_a-init.o)
                              c:/st/stm32cubeide_1.4.0/stm32cubeide/plugins/com.st.stm32cube.ide.mcu.externaltools.gnu-tools-for-stm32.7-2018-q2-update.win32_1.4.0.202007081208/tools/bin/../lib/gcc/arm-none-eabi/7.3.1/../../../../arm-none-eabi/lib/thumb/v7e-m/fpv4-sp/hard/crt0.o (__libc_init_array)
c:/st/stm32cubeide_1.4.0/stm32cubeide/plugins/com.st.stm32cube.ide.mcu.externaltools.gnu-tools-for-stm32.7-2018-q2-update.win32_1.4.0.202007081208/tools/bin/../lib/gcc/arm-none-eabi/7.3.1/../../../../arm-none-eabi/lib/thumb/v7e-m/fpv4-sp/hard\libc_nano.a(lib_a-memset.o)
                              c:/st/stm32cubeide_1.4.0/stm32cubeide/plugins/com.st.stm32cube.ide.mcu.externaltools.gnu-tools-for-stm32.7-2018-q2-update.win32_1.4.0.202007081208/tools/bin/../lib/gcc/arm-none-eabi/7.3.1/../../../../arm-none-eabi/lib/thumb/v7e-m/fpv4-sp/hard/crt0.o (memset)
c:/st/stm32cubeide_1.4.0/stm32cubeide/plugins/com.st.stm32cube.ide.mcu.externaltools.gnu-tools-for-stm32.7-2018-q2-update.win32_1.4.0.202007081208/tools/bin/../lib/gcc/arm-none-eabi/7.3.1/../../../../arm-none-eabi/lib/thumb/v7e-m/fpv4-sp/hard\libc_nano.a(lib_a-printf.o)
                              Core/Src/unity.o (printf)
c:/st/stm32cubeide_1.4.0/stm32cubeide/plugins/com.st.stm32cube.ide.mcu.externaltools.gnu-tools-for-stm32.7-2018-q2-update.win32_1.4.0.202007081208/tools/bin/../lib/gcc/arm-none-eabi/7.3.1/../../../../arm-none-eabi/lib/thumb/v7e-m/fpv4-sp/hard\libc_nano.a(lib_a-putchar.o)
                              Core/Src/unity.o (putchar)
c:/st/stm32cubeide_1.4.0/stm32cubeide/plugins/com.st.stm32cube.ide.mcu.externaltools.gnu-tools-for-stm32.7-2018-q2-update.win32_1.4.0.202007081208/tools/bin/../lib/gcc/arm-none-eabi/7.3.1/../../../../arm-none-eabi/lib/thumb/v7e-m/fpv4-sp/hard\libc_nano.a(lib_a-puts.o)
                              Core/Src/unity.o (puts)
c:/st/stm32cubeide_1.4.0/stm32cubeide/plugins/com.st.stm32cube.ide.mcu.externaltools.gnu-tools-for-stm32.7-2018-q2-update.win32_1.4.0.202007081208/tools/bin/../lib/gcc/arm-none-eabi/7.3.1/../../../../arm-none-eabi/lib/thumb/v7e-m/fpv4-sp/hard\libc_nano.a(lib_a-setjmp.o)
                              Core/Src/unity.o (setjmp)
c:/st/stm32cubeide_1.4.0/stm32cubeide/plugins/com.st.stm32cube.ide.mcu.externaltools.gnu-tools-for-stm32.7-2018-q2-update.win32_1.4.0.202007081208/tools/bin/../lib/gcc/arm-none-eabi/7.3.1/../../../../arm-none-eabi/lib/thumb/v7e-m/fpv4-sp/hard\libc_nano.a(lib_a-wbuf.o)
                              c:/st/stm32cubeide_1.4.0/stm32cubeide/plugins/com.st.stm32cube.ide.mcu.externaltools.gnu-tools-for-stm32.7-2018-q2-update.win32_1.4.0.202007081208/tools/bin/../lib/gcc/arm-none-eabi/7.3.1/../../../../arm-none-eabi/lib/thumb/v7e-m/fpv4-sp/hard\libc_nano.a(lib_a-puts.o) (__swbuf_r)
c:/st/stm32cubeide_1.4.0/stm32cubeide/plugins/com.st.stm32cube.ide.mcu.externaltools.gnu-tools-for-stm32.7-2018-q2-update.win32_1.4.0.202007081208/tools/bin/../lib/gcc/arm-none-eabi/7.3.1/../../../../arm-none-eabi/lib/thumb/v7e-m/fpv4-sp/hard\libc_nano.a(lib_a-wsetup.o)
[...]
Memory Configuration

Name             Origin             Length             Attributes
RAM              0x0000000020000000 0x0000000000018000 xrw
RAM2             0x0000000010000000 0x0000000000008000 xrw
FLASH            0x0000000008000000 0x0000000000100000 xr
*default*        0x0000000000000000 0xffffffffffffffff

Linker script and memory map

LOAD c:/st/stm32cubeide_1.4.0/stm32cubeide/plugins/com.st.stm32cube.ide.mcu.externaltools.gnu-tools-for-stm32.7-2018-q2-update.win32_1.4.0.202007081208/tools/bin/../lib/gcc/arm-none-eabi/7.3.1/thumb/v7e-m/fpv4-sp/hard/crti.o
LOAD c:/st/stm32cubeide_1.4.0/stm32cubeide/plugins/com.st.stm32cube.ide.mcu.externaltools.gnu-tools-for-stm32.7-2018-q2-update.win32_1.4.0.202007081208/tools/bin/../lib/gcc/arm-none-eabi/7.3.1/thumb/v7e-m/fpv4-sp/hard/crtbegin.o
LOAD c:/st/stm32cubeide_1.4.0/stm32cubeide/plugins/com.st.stm32cube.ide.mcu.externaltools.gnu-tools-for-stm32.7-2018-q2-update.win32_1.4.0.202007081208/tools/bin/../lib/gcc/arm-none-eabi/7.3.1/../../../../arm-none-eabi/lib/thumb/v7e-m/fpv4-sp/hard/crt0.o
LOAD Core/Src/Luftkvalitetsensor_funktioner.o
LOAD Core/Src/gpio.o
LOAD Core/Src/i2c.o
LOAD Core/Src/main.o
LOAD Core/Src/stm32l4xx_hal_msp.o
LOAD Core/Src/stm32l4xx_hal_timebase_tim.o
LOAD Core/Src/stm32l4xx_it.o
LOAD Core/Src/syscalls.o
LOAD Core/Src/sysmem.o
LOAD Core/Src/system_stm32l4xx.o
LOAD Core/Src/testfil.o
LOAD Core/Src/unity.o
LOAD Core/Startup/startup_stm32l476rgtx.o
LOAD Drivers/STM32L4xx_HAL_Driver/Src/stm32l4xx_hal.o
LOAD Drivers/STM32L4xx_HAL_Driver/Src/stm32l4xx_hal_cortex.o
LOAD Drivers/STM32L4xx_HAL_Driver/Src/stm32l4xx_hal_dma.o
LOAD Drivers/STM32L4xx_HAL_Driver/Src/stm32l4xx_hal_dma_ex.o
LOAD Drivers/STM32L4xx_HAL_Driver/Src/stm32l4xx_hal_exti.o
LOAD Drivers/STM32L4xx_HAL_Driver/Src/stm32l4xx_hal_flash.o
LOAD Drivers/STM32L4xx_HAL_Driver/Src/stm32l4xx_hal_flash_ex.o
LOAD Drivers/STM32L4xx_HAL_Driver/Src/stm32l4xx_hal_flash_ramfunc.o
LOAD Drivers/STM32L4xx_HAL_Driver/Src/stm32l4xx_hal_gpio.o
LOAD Drivers/STM32L4xx_HAL_Driver/Src/stm32l4xx_hal_i2c.o
LOAD Drivers/STM32L4xx_HAL_Driver/Src/stm32l4xx_hal_i2c_ex.o
LOAD Drivers/STM32L4xx_HAL_Driver/Src/stm32l4xx_hal_pwr.o
LOAD Drivers/STM32L4xx_HAL_Driver/Src/stm32l4xx_hal_pwr_ex.o
LOAD Drivers/STM32L4xx_HAL_Driver/Src/stm32l4xx_hal_rcc.o
LOAD Drivers/STM32L4xx_HAL_Driver/Src/stm32l4xx_hal_rcc_ex.o
LOAD Drivers/STM32L4xx_HAL_Driver/Src/stm32l4xx_hal_tim.o
LOAD Drivers/STM32L4xx_HAL_Driver/Src/stm32l4xx_hal_tim_ex.o
START GROUP
LOAD c:/st/stm32cubeide_1.4.0/stm32cubeide/plugins/com.st.stm32cube.ide.mcu.externaltools.gnu-tools-for-stm32.7-2018-q2-update.win32_1.4.0.202007081208/tools/bin/../lib/gcc/arm-none-eabi/7.3.1/../../../../arm-none-eabi/lib/thumb/v7e-m/fpv4-sp/hard\libc_nano.a
LOAD c:/st/stm32cubeide_1.4.0/stm32cubeide/plugins/com.st.stm32cube.ide.mcu.externaltools.gnu-tools-for-stm32.7-2018-q2-update.win32_1.4.0.202007081208/tools/bin/../lib/gcc/arm-none-eabi/7.3.1/../../../../arm-none-eabi/lib/thumb/v7e-m/fpv4-sp/hard\libm.a
END GROUP
START GROUP
LOAD c:/st/stm32cubeide_1.4.0/stm32cubeide/plugins/com.st.stm32cube.ide.mcu.externaltools.gnu-tools-for-stm32.7-2018-q2-update.win32_1.4.0.202007081208/tools/bin/../lib/gcc/arm-none-eabi/7.3.1/thumb/v7e-m/fpv4-sp/hard\libgcc.a
LOAD c:/st/stm32cubeide_1.4.0/stm32cubeide/plugins/com.st.stm32cube.ide.mcu.externaltools.gnu-tools-for-stm32.7-2018-q2-update.win32_1.4.0.202007081208/tools/bin/../lib/gcc/arm-none-eabi/7.3.1/../../../../arm-none-eabi/lib/thumb/v7e-m/fpv4-sp/hard\libc_nano.a
END GROUP
START GROUP
LOAD c:/st/stm32cubeide_1.4.0/stm32cubeide/plugins/com.st.stm32cube.ide.mcu.externaltools.gnu-tools-for-stm32.7-2018-q2-update.win32_1.4.0.202007081208/tools/bin/../lib/gcc/arm-none-eabi/7.3.1/thumb/v7e-m/fpv4-sp/hard\libgcc.a
LOAD c:/st/stm32cubeide_1.4.0/stm32cubeide/plugins/com.st.stm32cube.ide.mcu.externaltools.gnu-tools-for-stm32.7-2018-q2-update.win32_1.4.0.202007081208/tools/bin/../lib/gcc/arm-none-eabi/7.3.1/../../../../arm-none-eabi/lib/thumb/v7e-m/fpv4-sp/hard\libc_nano.a
LOAD c:/st/stm32cubeide_1.4.0/stm32cubeide/plugins/com.st.stm32cube.ide.mcu.externaltools.gnu-tools-for-stm32.7-2018-q2-update.win32_1.4.0.202007081208/tools/bin/../lib/gcc/arm-none-eabi/7.3.1/../../../../arm-none-eabi/lib/thumb/v7e-m/fpv4-sp/hard\libnosys.a
END GROUP
START GROUP
LOAD c:/st/stm32cubeide_1.4.0/stm32cubeide/plugins/com.st.stm32cube.ide.mcu.externaltools.gnu-tools-for-stm32.7-2018-q2-update.win32_1.4.0.202007081208/tools/bin/../lib/gcc/arm-none-eabi/7.3.1/thumb/v7e-m/fpv4-sp/hard\libgcc.a
LOAD c:/st/stm32cubeide_1.4.0/stm32cubeide/plugins/com.st.stm32cube.ide.mcu.externaltools.gnu-tools-for-stm32.7-2018-q2-update.win32_1.4.0.202007081208/tools/bin/../lib/gcc/arm-none-eabi/7.3.1/../../../../arm-none-eabi/lib/thumb/v7e-m/fpv4-sp/hard\libc_nano.a
LOAD c:/st/stm32cubeide_1.4.0/stm32cubeide/plugins/com.st.stm32cube.ide.mcu.externaltools.gnu-tools-for-stm32.7-2018-q2-update.win32_1.4.0.202007081208/tools/bin/../lib/gcc/arm-none-eabi/7.3.1/../../../../arm-none-eabi/lib/thumb/v7e-m/fpv4-sp/hard\libnosys.a
END GROUP
LOAD c:/st/stm32cubeide_1.4.0/stm32cubeide/plugins/com.st.stm32cube.ide.mcu.externaltools.gnu-tools-for-stm32.7-2018-q2-update.win32_1.4.0.202007081208/tools/bin/../lib/gcc/arm-none-eabi/7.3.1/thumb/v7e-m/fpv4-sp/hard/crtend.o
LOAD c:/st/stm32cubeide_1.4.0/stm32cubeide/plugins/com.st.stm32cube.ide.mcu.externaltools.gnu-tools-for-stm32.7-2018-q2-update.win32_1.4.0.202007081208/tools/bin/../lib/gcc/arm-none-eabi/7.3.1/thumb/v7e-m/fpv4-sp/hard/crtn.o
                0x0000000020018000                _estack = (ORIGIN (RAM) + LENGTH (RAM))
                0x0000000000000200                _Min_Heap_Size = 0x200
                0x0000000000000400                _Min_Stack_Size = 0x400

.isr_vector     0x0000000008000000      0x188
                0x0000000008000000                . = ALIGN (0x4)
 *(.isr_vector)
 .isr_vector    0x0000000008000000      0x188 Core/Startup/startup_stm32l476rgtx.o
                0x0000000008000000                g_pfnVectors
                0x0000000008000188                . = ALIGN (0x4)

.text           0x0000000008000190     0x42b0
                0x0000000008000190                . = ALIGN (0x4)
 *(.text)
 .text          0x0000000008000190       0x40 c:/st/stm32cubeide_1.4.0/stm32cubeide/plugins/com.st.stm32cube.ide.mcu.externaltools.gnu-tools-for-stm32.7-2018-q2-update.win32_1.4.0.202007081208/tools/bin/../lib/gcc/arm-none-eabi/7.3.1/thumb/v7e-m/fpv4-sp/hard/crtbegin.o
 .text          0x00000000080001d0       0x1c c:/st/stm32cubeide_1.4.0/stm32cubeide/plugins/com.st.stm32cube.ide.mcu.externaltools.gnu-tools-for-stm32.7-2018-q2-update.win32_1.4.0.202007081208/tools/bin/../lib/gcc/arm-none-eabi/7.3.1/../../../../arm-none-eabi/lib/thumb/v7e-m/fpv4-sp/hard\libc_nano.a(lib_a-setjmp.o)
                0x00000000080001d0                setjmp
                0x00000000080001dc                longjmp
 *fill*         0x00000000080001ec        0x4 
 .text          0x00000000080001f0       0xa0 c:/st/stm32cubeide_1.4.0/stm32cubeide/plugins/com.st.stm32cube.ide.mcu.externaltools.gnu-tools-for-stm32.7-2018-q2-update.win32_1.4.0.202007081208/tools/bin/../lib/gcc/arm-none-eabi/7.3.1/../../../../arm-none-eabi/lib/thumb/v7e-m/fpv4-sp/hard\libc_nano.a(lib_a-memchr.o)
                0x00000000080001f0                memchr
 *(.text*)
 .text.initialize_sensor
                0x0000000008000290       0x10 Core/Src/Luftkvalitetsensor_funktioner.o
                0x0000000008000290                initialize_sensor
 .text.MX_GPIO_Init
                0x00000000080002a0       0xf0 Core/Src/gpio.o
                0x00000000080002a0                MX_GPIO_Init
 .text.MX_I2C1_Init
                0x0000000008000390       0x80 Core/Src/i2c.o
                0x0000000008000390                MX_I2C1_Init
 .text.MX_I2C2_Init
                0x0000000008000410       0x80 Core/Src/i2c.o
                0x0000000008000410                MX_I2C2_Init
 .text.MX_I2C3_Init
                0x0000000008000490       0x80 Core/Src/i2c.o
                0x0000000008000490                MX_I2C3_Init
 .text.HAL_I2C_MspInit
                0x0000000008000510      0x14c Core/Src/i2c.o
                0x0000000008000510                HAL_I2C_MspInit
 .text.ITM_SendChar
                0x000000000800065c       0x4e Core/Src/main.o
 .text._write   0x00000000080006aa       0x38 Core/Src/main.o
                0x00000000080006aa                _write
 .text.main     0x00000000080006e2       0x22 Core/Src/main.o
                0x00000000080006e2                main
 .text.SystemClock_Config
                0x0000000008000704       0xf4 Core/Src/main.o
                0x0000000008000704                SystemClock_Config
 .text.HAL_TIM_PeriodElapsedCallback
                0x00000000080007f8       0x24 Core/Src/main.o
                0x00000000080007f8                HAL_TIM_PeriodElapsedCallback
 .text.Error_Handler
                0x000000000800081c        0xe Core/Src/main.o
                0x000000000800081c                Error_Handler
 *fill*         0x000000000800082a        0x2 
 .text.HAL_MspInit
                0x000000000800082c       0x48 Core/Src/stm32l4xx_hal_msp.o
                0x000000000800082c                HAL_MspInit
 .text.HAL_InitTick
                0x0000000008000874       0xac Core/Src/stm32l4xx_hal_timebase_tim.o
                0x0000000008000874                HAL_InitTick
 .text.NMI_Handler
                0x0000000008000920        0xe Core/Src/stm32l4xx_it.o
                0x0000000008000920                NMI_Handler
 .text.HardFault_Handler
                0x000000000800092e        0x6 Core/Src/stm32l4xx_it.o
                0x000000000800092e                HardFault_Handler
 .text.MemManage_Handler
                0x0000000008000934        0x6 Core/Src/stm32l4xx_it.o
                0x0000000008000934                MemManage_Handler
 .text.BusFault_Handler
                0x000000000800093a        0x6 Core/Src/stm32l4xx_it.o
                0x000000000800093a                BusFault_Handler
 .text.UsageFault_Handler
                0x0000000008000940        0x6 Core/Src/stm32l4xx_it.o
                0x0000000008000940                UsageFault_Handler
 .text.SVC_Handler
                0x0000000008000946        0xe Core/Src/stm32l4xx_it.o
                0x0000000008000946                SVC_Handler
 .text.DebugMon_Handler
                0x0000000008000954        0xe Core/Src/stm32l4xx_it.o
                0x0000000008000954                DebugMon_Handler
 .text.PendSV_Handler
                0x0000000008000962        0xe Core/Src/stm32l4xx_it.o
                0x0000000008000962                PendSV_Handler
 .text.SysTick_Handler
                0x0000000008000970        0xe Core/Src/stm32l4xx_it.o
                0x0000000008000970                SysTick_Handler
 *fill*         0x000000000800097e        0x2 
 .text.TIM1_UP_TIM16_IRQHandler
                0x0000000008000980       0x14 Core/Src/stm32l4xx_it.o
                0x0000000008000980                TIM1_UP_TIM16_IRQHandler
 .text._read    0x0000000008000994       0x3a Core/Src/syscalls.o
                0x0000000008000994                _read
 .text._close   0x00000000080009ce       0x18 Core/Src/syscalls.o
                0x00000000080009ce                _close
 .text._fstat   0x00000000080009e6       0x20 Core/Src/syscalls.o
                0x00000000080009e6                _fstat
 .text._isatty  0x0000000008000a06       0x16 Core/Src/syscalls.o
                0x0000000008000a06                _isatty
 .text._lseek   0x0000000008000a1c       0x1a Core/Src/syscalls.o
                0x0000000008000a1c                _lseek
 *fill*         0x0000000008000a36        0x2 
 .text._sbrk    0x0000000008000a38       0x6c Core/Src/sysmem.o
                0x0000000008000a38                _sbrk
 .text.SystemInit
                0x0000000008000aa4       0x6c Core/Src/system_stm32l4xx.o
                0x0000000008000aa4                SystemInit
 .text.setUp    0x0000000008000b10        0xe Core/Src/testfil.o
                0x0000000008000b10                setUp
 .text.tearDown
                0x0000000008000b1e        0xe Core/Src/testfil.o
                0x0000000008000b1e                tearDown
 .text.unit_test
                0x0000000008000b2c       0xb0 Core/Src/testfil.o
                0x0000000008000b2c                unit_test
 .text.test_lsf_start
                0x0000000008000bdc       0x22 Core/Src/testfil.o
                0x0000000008000bdc                test_lsf_start
 .text.test_lsf_data_recv
                0x0000000008000bfe        0xe Core/Src/testfil.o
                0x0000000008000bfe                test_lsf_data_recv
 .text.test_hc04_start_01
                0x0000000008000c0c        0xe Core/Src/testfil.o
                0x0000000008000c0c                test_hc04_start_01
 .text.test_hc04_start_02
                0x0000000008000c1a        0xe Core/Src/testfil.o
                0x0000000008000c1a                test_hc04_start_02
 .text.test_hc04_measure_01
                0x0000000008000c28        0xe Core/Src/testfil.o
                0x0000000008000c28                test_hc04_measure_01
 .text.test_hc04_measure_02
                0x0000000008000c36        0xe Core/Src/testfil.o
                0x0000000008000c36                test_hc04_measure_02
 .text.test_buzzer_start
                0x0000000008000c44        0xe Core/Src/testfil.o
                0x0000000008000c44                test_buzzer_start
 .text.test_buzzer_sound
                0x0000000008000c52        0xe Core/Src/testfil.o
                0x0000000008000c52                test_buzzer_sound
 .text.UnityPrintChar
                0x0000000008000c60       0x70 Core/Src/unity.o
 .text.UnityPrint
                0x0000000008000cd0       0x30 Core/Src/unity.o
                0x0000000008000cd0                UnityPrint
 .text.UnityPrintNumber
                0x0000000008000d00       0x2c Core/Src/unity.o
                0x0000000008000d00                UnityPrintNumber
 .text.UnityPrintNumberUnsigned
                0x0000000008000d2c       0x6c Core/Src/unity.o
                0x0000000008000d2c                UnityPrintNumberUnsigned
 .text.UnityPrintNumberHex
                0x0000000008000d98       0x64 Core/Src/unity.o
                0x0000000008000d98                UnityPrintNumberHex
 .text.UnityTestResultsBegin
                0x0000000008000dfc       0x40 Core/Src/unity.o
 .text.UnityTestResultsFailBegin
                0x0000000008000e3c       0x3c Core/Src/unity.o
 .text.UnityConcludeTest
                0x0000000008000e78       0x6c Core/Src/unity.o
                0x0000000008000e78                UnityConcludeTest
 .text.UnityAddMsgIfSpecified
                0x0000000008000ee4       0x68 Core/Src/unity.o
 .text.UnityAssertEqualNumber
                0x0000000008000f4c       0x8c Core/Src/unity.o
                0x0000000008000f4c                UnityAssertEqualNumber
 .text.UnityDefaultTestRun
                0x0000000008000fd8       0x68 Core/Src/unity.o
                0x0000000008000fd8                UnityDefaultTestRun
 .text.UnityBegin
                0x0000000008001040       0x54 Core/Src/unity.o
                0x0000000008001040                UnityBegin
 .text.UnityEnd
                0x0000000008001094       0x98 Core/Src/unity.o
                0x0000000008001094                UnityEnd
 .text.Reset_Handler
                0x000000000800112c       0x50 Core/Startup/startup_stm32l476rgtx.o
                0x000000000800112c                Reset_Handler
 .text.Default_Handler
                0x000000000800117c        0x2 Core/Startup/startup_stm32l476rgtx.o
                0x000000000800117c                RTC_Alarm_IRQHandler
                0x000000000800117c                EXTI2_IRQHandler
                0x000000000800117c                TIM8_TRG_COM_IRQHandler
                0x000000000800117c                TIM8_CC_IRQHandler
                0x000000000800117c                TIM1_CC_IRQHandler
                0x000000000800117c                TSC_IRQHandler
                0x000000000800117c                TAMP_STAMP_IRQHandler
                0x000000000800117c                EXTI3_IRQHandler
                0x000000000800117c                LPTIM2_IRQHandler
                0x000000000800117c                DFSDM1_FLT1_IRQHandler
                0x000000000800117c                I2C3_ER_IRQHandler
                0x000000000800117c                DFSDM1_FLT2_IRQHandler
                0x000000000800117c                EXTI0_IRQHandler
                0x000000000800117c                I2C2_EV_IRQHandler
                0x000000000800117c                CAN1_RX0_IRQHandler
                0x000000000800117c                FPU_IRQHandler
                0x000000000800117c                ADC1_2_IRQHandler
                0x000000000800117c                SPI1_IRQHandler
                0x000000000800117c                TIM6_DAC_IRQHandler
                0x000000000800117c                TIM8_UP_IRQHandler
                0x000000000800117c                DMA2_Channel2_IRQHandler
                0x000000000800117c                DMA1_Channel4_IRQHandler
                0x000000000800117c                SAI2_IRQHandler
                0x000000000800117c                DFSDM1_FLT3_IRQHandler
                0x000000000800117c                USART3_IRQHandler
                0x000000000800117c                DMA1_Channel7_IRQHandler
                0x000000000800117c                CAN1_RX1_IRQHandler
                0x000000000800117c                LCD_IRQHandler
                0x000000000800117c                UART5_IRQHandler
                0x000000000800117c                ADC3_IRQHandler
                0x000000000800117c                TIM4_IRQHandler
                0x000000000800117c                DMA2_Channel1_IRQHandler
                0x000000000800117c                QUADSPI_IRQHandler
                0x000000000800117c                I2C1_EV_IRQHandler
                0x000000000800117c                DMA1_Channel6_IRQHandler
                0x000000000800117c                UART4_IRQHandler
                0x000000000800117c                DMA2_Channel4_IRQHandler
                0x000000000800117c                TIM3_IRQHandler
                0x000000000800117c                RCC_IRQHandler
                0x000000000800117c                DMA1_Channel1_IRQHandler
                0x000000000800117c                Default_Handler
                0x000000000800117c                DMA2_Channel7_IRQHandler
                0x000000000800117c                EXTI15_10_IRQHandler
                0x000000000800117c                TIM7_IRQHandler
                0x000000000800117c                SDMMC1_IRQHandler
                0x000000000800117c                TIM5_IRQHandler
                0x000000000800117c                I2C3_EV_IRQHandler
                0x000000000800117c                EXTI9_5_IRQHandler
                0x000000000800117c                RTC_WKUP_IRQHandler
                0x000000000800117c                PVD_PVM_IRQHandler
                0x000000000800117c                SPI2_IRQHandler
                0x000000000800117c                CAN1_TX_IRQHandler
                0x000000000800117c                DMA2_Channel5_IRQHandler
                0x000000000800117c                DMA1_Channel5_IRQHandler
                0x000000000800117c                EXTI4_IRQHandler
                0x000000000800117c                RNG_IRQHandler
                0x000000000800117c                TIM1_TRG_COM_TIM17_IRQHandler
                0x000000000800117c                DMA1_Channel3_IRQHandler
                0x000000000800117c                COMP_IRQHandler
                0x000000000800117c                WWDG_IRQHandler
                0x000000000800117c                LPUART1_IRQHandler
                0x000000000800117c                DMA2_Channel6_IRQHandler
                0x000000000800117c                TIM2_IRQHandler
                0x000000000800117c                EXTI1_IRQHandler
                0x000000000800117c                USART2_IRQHandler
                0x000000000800117c                DFSDM1_FLT0_IRQHandler
                0x000000000800117c                I2C2_ER_IRQHandler
                0x000000000800117c                DMA1_Channel2_IRQHandler
                0x000000000800117c                TIM8_BRK_IRQHandler
                0x000000000800117c                CAN1_SCE_IRQHandler
                0x000000000800117c                FLASH_IRQHandler
                0x000000000800117c                USART1_IRQHandler
                0x000000000800117c                OTG_FS_IRQHandler
                0x000000000800117c                SPI3_IRQHandler
                0x000000000800117c                I2C1_ER_IRQHandler
                0x000000000800117c                FMC_IRQHandler
                0x000000000800117c                SWPMI1_IRQHandler
                0x000000000800117c                LPTIM1_IRQHandler
                0x000000000800117c                SAI1_IRQHandler
                0x000000000800117c                DMA2_Channel3_IRQHandler
                0x000000000800117c                TIM1_BRK_TIM15_IRQHandler
 *fill*         0x000000000800117e        0x2 
 .text.HAL_Init
                0x0000000008001180       0x40 Drivers/STM32L4xx_HAL_Driver/Src/stm32l4xx_hal.o
                0x0000000008001180                HAL_Init
 .text.HAL_IncTick
                0x00000000080011c0       0x28 Drivers/STM32L4xx_HAL_Driver/Src/stm32l4xx_hal.o
                0x00000000080011c0                HAL_IncTick
 .text.HAL_GetTick
                0x00000000080011e8       0x18 Drivers/STM32L4xx_HAL_Driver/Src/stm32l4xx_hal.o
                0x00000000080011e8                HAL_GetTick
 .text.__NVIC_SetPriorityGrouping
                0x0000000008001200       0x48 Drivers/STM32L4xx_HAL_Driver/Src/stm32l4xx_hal_cortex.o
 .text.__NVIC_GetPriorityGrouping
                0x0000000008001248       0x1c Drivers/STM32L4xx_HAL_Driver/Src/stm32l4xx_hal_cortex.o
 .text.__NVIC_EnableIRQ
                0x0000000008001264       0x3c Drivers/STM32L4xx_HAL_Driver/Src/stm32l4xx_hal_cortex.o
 .text.__NVIC_SetPriority
                0x00000000080012a0       0x54 Drivers/STM32L4xx_HAL_Driver/Src/stm32l4xx_hal_cortex.o
 .text.NVIC_EncodePriority
                0x00000000080012f4       0x66 Drivers/STM32L4xx_HAL_Driver/Src/stm32l4xx_hal_cortex.o
 .text.HAL_NVIC_SetPriorityGrouping
                0x000000000800135a       0x16 Drivers/STM32L4xx_HAL_Driver/Src/stm32l4xx_hal_cortex.o
                0x000000000800135a                HAL_NVIC_SetPriorityGrouping
 .text.HAL_NVIC_SetPriority
                0x0000000008001370       0x38 Drivers/STM32L4xx_HAL_Driver/Src/stm32l4xx_hal_cortex.o
                0x0000000008001370                HAL_NVIC_SetPriority
 .text.HAL_NVIC_EnableIRQ
                0x00000000080013a8       0x1c Drivers/STM32L4xx_HAL_Driver/Src/stm32l4xx_hal_cortex.o
                0x00000000080013a8                HAL_NVIC_EnableIRQ
 .text.HAL_GPIO_Init
                0x00000000080013c4      0x350 Drivers/STM32L4xx_HAL_Driver/Src/stm32l4xx_hal_gpio.o
                0x00000000080013c4                HAL_GPIO_Init
 .text.HAL_GPIO_WritePin
                0x0000000008001714       0x30 Drivers/STM32L4xx_HAL_Driver/Src/stm32l4xx_hal_gpio.o
                0x0000000008001714                HAL_GPIO_WritePin
 .text.HAL_I2C_Init
                0x0000000008001744      0x11e Drivers/STM32L4xx_HAL_Driver/Src/stm32l4xx_hal_i2c.o
                0x0000000008001744                HAL_I2C_Init
 .text.HAL_I2CEx_ConfigAnalogFilter
                0x0000000008001862       0x96 Drivers/STM32L4xx_HAL_Driver/Src/stm32l4xx_hal_i2c_ex.o
                0x0000000008001862                HAL_I2CEx_ConfigAnalogFilter
 .text.HAL_I2CEx_ConfigDigitalFilter
                0x00000000080018f8       0x98 Drivers/STM32L4xx_HAL_Driver/Src/stm32l4xx_hal_i2c_ex.o
                0x00000000080018f8                HAL_I2CEx_ConfigDigitalFilter
 .text.HAL_PWREx_GetVoltageRange
                0x0000000008001990       0x1c Drivers/STM32L4xx_HAL_Driver/Src/stm32l4xx_hal_pwr_ex.o
                0x0000000008001990                HAL_PWREx_GetVoltageRange
 .text.HAL_PWREx_ControlVoltageScaling
                0x00000000080019ac       0xac Drivers/STM32L4xx_HAL_Driver/Src/stm32l4xx_hal_pwr_ex.o
                0x00000000080019ac                HAL_PWREx_ControlVoltageScaling
 .text.HAL_RCC_OscConfig
                0x0000000008001a58      0x7cc Drivers/STM32L4xx_HAL_Driver/Src/stm32l4xx_hal_rcc.o
                0x0000000008001a58                HAL_RCC_OscConfig
 .text.HAL_RCC_ClockConfig
                0x0000000008002224      0x1c4 Drivers/STM32L4xx_HAL_Driver/Src/stm32l4xx_hal_rcc.o
                0x0000000008002224                HAL_RCC_ClockConfig
 .text.HAL_RCC_GetSysClockFreq
                0x00000000080023e8      0x114 Drivers/STM32L4xx_HAL_Driver/Src/stm32l4xx_hal_rcc.o
                0x00000000080023e8                HAL_RCC_GetSysClockFreq
 .text.HAL_RCC_GetHCLKFreq
                0x00000000080024fc       0x18 Drivers/STM32L4xx_HAL_Driver/Src/stm32l4xx_hal_rcc.o
                0x00000000080024fc                HAL_RCC_GetHCLKFreq
 .text.HAL_RCC_GetPCLK2Freq
                0x0000000008002514       0x2c Drivers/STM32L4xx_HAL_Driver/Src/stm32l4xx_hal_rcc.o
                0x0000000008002514                HAL_RCC_GetPCLK2Freq
 .text.HAL_RCC_GetClockConfig
                0x0000000008002540       0x64 Drivers/STM32L4xx_HAL_Driver/Src/stm32l4xx_hal_rcc.o
                0x0000000008002540                HAL_RCC_GetClockConfig
 .text.RCC_SetFlashLatencyFromMSIRange
                0x00000000080025a4       0xc0 Drivers/STM32L4xx_HAL_Driver/Src/stm32l4xx_hal_rcc.o
 .text.HAL_RCCEx_PeriphCLKConfig
                0x0000000008002664      0x5cc Drivers/STM32L4xx_HAL_Driver/Src/stm32l4xx_hal_rcc_ex.o
                0x0000000008002664                HAL_RCCEx_PeriphCLKConfig
 .text.RCCEx_PLLSAI1_Config
                0x0000000008002c30      0x1e0 Drivers/STM32L4xx_HAL_Driver/Src/stm32l4xx_hal_rcc_ex.o
 .text.RCCEx_PLLSAI2_Config
                0x0000000008002e10      0x1b4 Drivers/STM32L4xx_HAL_Driver/Src/stm32l4xx_hal_rcc_ex.o
 .text.HAL_TIM_Base_Init
                0x0000000008002fc4       0xae Drivers/STM32L4xx_HAL_Driver/Src/stm32l4xx_hal_tim.o
                0x0000000008002fc4                HAL_TIM_Base_Init
 .text.HAL_TIM_Base_MspInit
                0x0000000008003072       0x14 Drivers/STM32L4xx_HAL_Driver/Src/stm32l4xx_hal_tim.o
                0x0000000008003072                HAL_TIM_Base_MspInit
 *fill*         0x0000000008003086        0x2 
 .text.HAL_TIM_Base_Start_IT
                0x0000000008003088       0xe0 Drivers/STM32L4xx_HAL_Driver/Src/stm32l4xx_hal_tim.o
                0x0000000008003088                HAL_TIM_Base_Start_IT
 .text.HAL_TIM_IRQHandler
                0x0000000008003168      0x23e Drivers/STM32L4xx_HAL_Driver/Src/stm32l4xx_hal_tim.o
                0x0000000008003168                HAL_TIM_IRQHandler
 .text.HAL_TIM_OC_DelayElapsedCallback
                0x00000000080033a6       0x14 Drivers/STM32L4xx_HAL_Driver/Src/stm32l4xx_hal_tim.o
                0x00000000080033a6                HAL_TIM_OC_DelayElapsedCallback
 .text.HAL_TIM_IC_CaptureCallback
                0x00000000080033ba       0x14 Drivers/STM32L4xx_HAL_Driver/Src/stm32l4xx_hal_tim.o
                0x00000000080033ba                HAL_TIM_IC_CaptureCallback
 .text.HAL_TIM_PWM_PulseFinishedCallback
                0x00000000080033ce       0x14 Drivers/STM32L4xx_HAL_Driver/Src/stm32l4xx_hal_tim.o
                0x00000000080033ce                HAL_TIM_PWM_PulseFinishedCallback
 .text.HAL_TIM_TriggerCallback
                0x00000000080033e2       0x14 Drivers/STM32L4xx_HAL_Driver/Src/stm32l4xx_hal_tim.o
                0x00000000080033e2                HAL_TIM_TriggerCallback
 *fill*         0x00000000080033f6        0x2 
 .text.TIM_Base_SetConfig
                0x00000000080033f8      0x134 Drivers/STM32L4xx_HAL_Driver/Src/stm32l4xx_hal_tim.o
                0x00000000080033f8                TIM_Base_SetConfig
 .text.HAL_TIMEx_CommutCallback
                0x000000000800352c       0x14 Drivers/STM32L4xx_HAL_Driver/Src/stm32l4xx_hal_tim_ex.o
                0x000000000800352c                HAL_TIMEx_CommutCallback
 .text.HAL_TIMEx_BreakCallback
                0x0000000008003540       0x14 Drivers/STM32L4xx_HAL_Driver/Src/stm32l4xx_hal_tim_ex.o
                0x0000000008003540                HAL_TIMEx_BreakCallback
 .text.HAL_TIMEx_Break2Callback
                0x0000000008003554       0x14 Drivers/STM32L4xx_HAL_Driver/Src/stm32l4xx_hal_tim_ex.o
                0x0000000008003554                HAL_TIMEx_Break2Callback
 .text.__errno  0x0000000008003568        0xc c:/st/stm32cubeide_1.4.0/stm32cubeide/plugins/com.st.stm32cube.ide.mcu.externaltools.gnu-tools-for-stm32.7-2018-q2-update.win32_1.4.0.202007081208/tools/bin/../lib/gcc/arm-none-eabi/7.3.1/../../../../arm-none-eabi/lib/thumb/v7e-m/fpv4-sp/hard\libc_nano.a(lib_a-errno.o)
                0x0000000008003568                __errno
 .text.__libc_init_array
                0x0000000008003574       0x48 c:/st/stm32cubeide_1.4.0/stm32cubeide/plugins/com.st.stm32cube.ide.mcu.externaltools.gnu-tools-for-stm32.7-2018-q2-update.win32_1.4.0.202007081208/tools/bin/../lib/gcc/arm-none-eabi/7.3.1/../../../../arm-none-eabi/lib/thumb/v7e-m/fpv4-sp/hard\libc_nano.a(lib_a-init.o)
                0x0000000008003574                __libc_init_array
 .text.memset   0x00000000080035bc       0x10 c:/st/stm32cubeide_1.4.0/stm32cubeide/plugins/com.st.stm32cube.ide.mcu.externaltools.gnu-tools-for-stm32.7-2018-q2-update.win32_1.4.0.202007081208/tools/bin/../lib/gcc/arm-none-eabi/7.3.1/../../../../arm-none-eabi/lib/thumb/v7e-m/fpv4-sp/hard\libc_nano.a(lib_a-memset.o)
                0x00000000080035bc                memset
 .text.printf   0x00000000080035cc       0x30 c:/st/stm32cubeide_1.4.0/stm32cubeide/plugins/com.st.stm32cube.ide.mcu.externaltools.gnu-tools-for-stm32.7-2018-q2-update.win32_1.4.0.202007081208/tools/bin/../lib/gcc/arm-none-eabi/7.3.1/../../../../arm-none-eabi/lib/thumb/v7e-m/fpv4-sp/hard\libc_nano.a(lib_a-printf.o)
                0x00000000080035cc                iprintf
                0x00000000080035cc                printf
 .text.putchar  0x00000000080035fc       0x28 c:/st/stm32cubeide_1.4.0/stm32cubeide/plugins/com.st.stm32cube.ide.mcu.externaltools.gnu-tools-for-stm32.7-2018-q2-update.win32_1.4.0.202007081208/tools/bin/../lib/gcc/arm-none-eabi/7.3.1/../../../../arm-none-eabi/lib/thumb/v7e-m/fpv4-sp/hard\libc_nano.a(lib_a-putchar.o)
                0x00000000080035fc                putchar
 .text.__swbuf_r
                0x0000000008003624       0xa4 c:/st/stm32cubeide_1.4.0/stm32cubeide/plugins/com.st.stm32cube.ide.mcu.externaltools.gnu-tools-for-stm32.7-2018-q2-update.win32_1.4.0.202007081208/tools/bin/../lib/gcc/arm-none-eabi/7.3.1/../../../../arm-none-eabi/lib/thumb/v7e-m/fpv4-sp/hard\libc_nano.a(lib_a-wbuf.o)
                0x0000000008003624                __swbuf_r
 .text.__swsetup_r
                0x00000000080036c8       0xdc c:/st/stm32cubeide_1.4.0/stm32cubeide/plugins/com.st.stm32cube.ide.mcu.externaltools.gnu-tools-for-stm32.7-2018-q2-update.win32_1.4.0.202007081208/tools/bin/../lib/gcc/arm-none-eabi/7.3.1/../../../../arm-none-eabi/lib/thumb/v7e-m/fpv4-sp/hard\libc_nano.a(lib_a-wsetup.o)
                0x00000000080036c8                __swsetup_r
 .text.__sflush_r
                0x00000000080037a4      0x10c c:/st/stm32cubeide_1.4.0/stm32cubeide/plugins/com.st.stm32cube.ide.mcu.externaltools.gnu-tools-for-stm32.7-2018-q2-update.win32_1.4.0.202007081208/tools/bin/../lib/gcc/arm-none-eabi/7.3.1/../../../../arm-none-eabi/lib/thumb/v7e-m/fpv4-sp/hard\libc_nano.a(lib_a-fflush.o)
                0x00000000080037a4                __sflush_r
 .text._fflush_r
                0x00000000080038b0       0x54 c:/st/stm32cubeide_1.4.0/stm32cubeide/plugins/com.st.stm32cube.ide.mcu.externaltools.gnu-tools-for-stm32.7-2018-q2-update.win32_1.4.0.202007081208/tools/bin/../lib/gcc/arm-none-eabi/7.3.1/../../../../arm-none-eabi/lib/thumb/v7e-m/fpv4-sp/hard\libc_nano.a(lib_a-fflush.o)
                0x00000000080038b0                _fflush_r
 .text.std      0x0000000008003904       0x48 c:/st/stm32cubeide_1.4.0/stm32cubeide/plugins/com.st.stm32cube.ide.mcu.externaltools.gnu-tools-for-stm32.7-2018-q2-update.win32_1.4.0.202007081208/tools/bin/../lib/gcc/arm-none-eabi/7.3.1/../../../../arm-none-eabi/lib/thumb/v7e-m/fpv4-sp/hard\libc_nano.a(lib_a-findfp.o)
 .text._cleanup_r
                0x000000000800394c        0xc c:/st/stm32cubeide_1.4.0/stm32cubeide/plugins/com.st.stm32cube.ide.mcu.externaltools.gnu-tools-for-stm32.7-2018-q2-update.win32_1.4.0.202007081208/tools/bin/../lib/gcc/arm-none-eabi/7.3.1/../../../../arm-none-eabi/lib/thumb/v7e-m/fpv4-sp/hard\libc_nano.a(lib_a-findfp.o)
                0x000000000800394c                _cleanup_r
 .text.__sfmoreglue
                0x0000000008003958       0x2c c:/st/stm32cubeide_1.4.0/stm32cubeide/plugins/com.st.stm32cube.ide.mcu.externaltools.gnu-tools-for-stm32.7-2018-q2-update.win32_1.4.0.202007081208/tools/bin/../lib/gcc/arm-none-eabi/7.3.1/../../../../arm-none-eabi/lib/thumb/v7e-m/fpv4-sp/hard\libc_nano.a(lib_a-findfp.o)
                0x0000000008003958                __sfmoreglue
 .text.__sinit  0x0000000008003984       0x60 c:/st/stm32cubeide_1.4.0/stm32cubeide/plugins/com.st.stm32cube.ide.mcu.externaltools.gnu-tools-for-stm32.7-2018-q2-update.win32_1.4.0.202007081208/tools/bin/../lib/gcc/arm-none-eabi/7.3.1/../../../../arm-none-eabi/lib/thumb/v7e-m/fpv4-sp/hard\libc_nano.a(lib_a-findfp.o)
                0x0000000008003984                __sinit
 .text.__sfp    0x00000000080039e4       0x78 c:/st/stm32cubeide_1.4.0/stm32cubeide/plugins/com.st.stm32cube.ide.mcu.externaltools.gnu-tools-for-stm32.7-2018-q2-update.win32_1.4.0.202007081208/tools/bin/../lib/gcc/arm-none-eabi/7.3.1/../../../../arm-none-eabi/lib/thumb/v7e-m/fpv4-sp/hard\libc_nano.a(lib_a-findfp.o)
                0x00000000080039e4                __sfp
 .text._fwalk_reent
                0x0000000008003a5c       0x3c c:/st/stm32cubeide_1.4.0/stm32cubeide/plugins/com.st.stm32cube.ide.mcu.externaltools.gnu-tools-for-stm32.7-2018-q2-update.win32_1.4.0.202007081208/tools/bin/../lib/gcc/arm-none-eabi/7.3.1/../../../../arm-none-eabi/lib/thumb/v7e-m/fpv4-sp/hard\libc_nano.a(lib_a-fwalk.o)
                0x0000000008003a5c                _fwalk_reent
 .text.__swhatbuf_r
                0x0000000008003a98       0x48 c:/st/stm32cubeide_1.4.0/stm32cubeide/plugins/com.st.stm32cube.ide.mcu.externaltools.gnu-tools-for-stm32.7-2018-q2-update.win32_1.4.0.202007081208/tools/bin/../lib/gcc/arm-none-eabi/7.3.1/../../../../arm-none-eabi/lib/thumb/v7e-m/fpv4-sp/hard\libc_nano.a(lib_a-makebuf.o)
                0x0000000008003a98                __swhatbuf_r
 .text.__smakebuf_r
                0x0000000008003ae0       0x80 c:/st/stm32cubeide_1.4.0/stm32cubeide/plugins/com.st.stm32cube.ide.mcu.externaltools.gnu-tools-for-stm32.7-2018-q2-update.win32_1.4.0.202007081208/tools/bin/../lib/gcc/arm-none-eabi/7.3.1/../../../../arm-none-eabi/lib/thumb/v7e-m/fpv4-sp/hard\libc_nano.a(lib_a-makebuf.o)
                0x0000000008003ae0                __smakebuf_r
 .text._free_r  0x0000000008003b60       0x9c c:/st/stm32cubeide_1.4.0/stm32cubeide/plugins/com.st.stm32cube.ide.mcu.externaltools.gnu-tools-for-stm32.7-2018-q2-update.win32_1.4.0.202007081208/tools/bin/../lib/gcc/arm-none-eabi/7.3.1/../../../../arm-none-eabi/lib/thumb/v7e-m/fpv4-sp/hard\libc_nano.a(lib_a-nano-freer.o)
                0x0000000008003b60                _free_r
 .text._malloc_r
                0x0000000008003bfc       0xb4 c:/st/stm32cubeide_1.4.0/stm32cubeide/plugins/com.st.stm32cube.ide.mcu.externaltools.gnu-tools-for-stm32.7-2018-q2-update.win32_1.4.0.202007081208/tools/bin/../lib/gcc/arm-none-eabi/7.3.1/../../../../arm-none-eabi/lib/thumb/v7e-m/fpv4-sp/hard\libc_nano.a(lib_a-nano-mallocr.o)
                0x0000000008003bfc                _malloc_r
 .text.__sfputc_r
                0x0000000008003cb0       0x2e c:/st/stm32cubeide_1.4.0/stm32cubeide/plugins/com.st.stm32cube.ide.mcu.externaltools.gnu-tools-for-stm32.7-2018-q2-update.win32_1.4.0.202007081208/tools/bin/../lib/gcc/arm-none-eabi/7.3.1/../../../../arm-none-eabi/lib/thumb/v7e-m/fpv4-sp/hard\libc_nano.a(lib_a-nano-vfprintf.o)
 .text.__sfputs_r
                0x0000000008003cde       0x24 c:/st/stm32cubeide_1.4.0/stm32cubeide/plugins/com.st.stm32cube.ide.mcu.externaltools.gnu-tools-for-stm32.7-2018-q2-update.win32_1.4.0.202007081208/tools/bin/../lib/gcc/arm-none-eabi/7.3.1/../../../../arm-none-eabi/lib/thumb/v7e-m/fpv4-sp/hard\libc_nano.a(lib_a-nano-vfprintf.o)
                0x0000000008003cde                __sfputs_r
 *fill*         0x0000000008003d02        0x2 
 .text._vfprintf_r
                0x0000000008003d04      0x22c c:/st/stm32cubeide_1.4.0/stm32cubeide/plugins/com.st.stm32cube.ide.mcu.externaltools.gnu-tools-for-stm32.7-2018-q2-update.win32_1.4.0.202007081208/tools/bin/../lib/gcc/arm-none-eabi/7.3.1/../../../../arm-none-eabi/lib/thumb/v7e-m/fpv4-sp/hard\libc_nano.a(lib_a-nano-vfprintf.o)
                0x0000000008003d04                _vfprintf_r
                0x0000000008003d04                _vfiprintf_r
 .text._printf_common
                0x0000000008003f30       0xea c:/st/stm32cubeide_1.4.0/stm32cubeide/plugins/com.st.stm32cube.ide.mcu.externaltools.gnu-tools-for-stm32.7-2018-q2-update.win32_1.4.0.202007081208/tools/bin/../lib/gcc/arm-none-eabi/7.3.1/../../../../arm-none-eabi/lib/thumb/v7e-m/fpv4-sp/hard\libc_nano.a(lib_a-nano-vfprintf_i.o)
                0x0000000008003f30                _printf_common
 *fill*         0x000000000800401a        0x2 
 .text._printf_i
                0x000000000800401c      0x224 c:/st/stm32cubeide_1.4.0/stm32cubeide/plugins/com.st.stm32cube.ide.mcu.externaltools.gnu-tools-for-stm32.7-2018-q2-update.win32_1.4.0.202007081208/tools/bin/../lib/gcc/arm-none-eabi/7.3.1/../../../../arm-none-eabi/lib/thumb/v7e-m/fpv4-sp/hard\libc_nano.a(lib_a-nano-vfprintf_i.o)
                0x000000000800401c                _printf_i
 .text._putc_r  0x0000000008004240       0x6c c:/st/stm32cubeide_1.4.0/stm32cubeide/plugins/com.st.stm32cube.ide.mcu.externaltools.gnu-tools-for-stm32.7-2018-q2-update.win32_1.4.0.202007081208/tools/bin/../lib/gcc/arm-none-eabi/7.3.1/../../../../arm-none-eabi/lib/thumb/v7e-m/fpv4-sp/hard\libc_nano.a(lib_a-putc.o)
                0x0000000008004240                _putc_r
 .text._sbrk_r  0x00000000080042ac       0x20 c:/st/stm32cubeide_1.4.0/stm32cubeide/plugins/com.st.stm32cube.ide.mcu.externaltools.gnu-tools-for-stm32.7-2018-q2-update.win32_1.4.0.202007081208/tools/bin/../lib/gcc/arm-none-eabi/7.3.1/../../../../arm-none-eabi/lib/thumb/v7e-m/fpv4-sp/hard\libc_nano.a(lib_a-sbrkr.o)
                0x00000000080042ac                _sbrk_r
 .text.__sread  0x00000000080042cc       0x22 c:/st/stm32cubeide_1.4.0/stm32cubeide/plugins/com.st.stm32cube.ide.mcu.externaltools.gnu-tools-for-stm32.7-2018-q2-update.win32_1.4.0.202007081208/tools/bin/../lib/gcc/arm-none-eabi/7.3.1/../../../../arm-none-eabi/lib/thumb/v7e-m/fpv4-sp/hard\libc_nano.a(lib_a-stdio.o)
                0x00000000080042cc                __sread
 .text.__swrite
                0x00000000080042ee       0x38 c:/st/stm32cubeide_1.4.0/stm32cubeide/plugins/com.st.stm32cube.ide.mcu.externaltools.gnu-tools-for-stm32.7-2018-q2-update.win32_1.4.0.202007081208/tools/bin/../lib/gcc/arm-none-eabi/7.3.1/../../../../arm-none-eabi/lib/thumb/v7e-m/fpv4-sp/hard\libc_nano.a(lib_a-stdio.o)
                0x00000000080042ee                __swrite
 .text.__sseek  0x0000000008004326       0x24 c:/st/stm32cubeide_1.4.0/stm32cubeide/plugins/com.st.stm32cube.ide.mcu.externaltools.gnu-tools-for-stm32.7-2018-q2-update.win32_1.4.0.202007081208/tools/bin/../lib/gcc/arm-none-eabi/7.3.1/../../../../arm-none-eabi/lib/thumb/v7e-m/fpv4-sp/hard\libc_nano.a(lib_a-stdio.o)
                0x0000000008004326                __sseek
 .text.__sclose
                0x000000000800434a        0x8 c:/st/stm32cubeide_1.4.0/stm32cubeide/plugins/com.st.stm32cube.ide.mcu.externaltools.gnu-tools-for-stm32.7-2018-q2-update.win32_1.4.0.202007081208/tools/bin/../lib/gcc/arm-none-eabi/7.3.1/../../../../arm-none-eabi/lib/thumb/v7e-m/fpv4-sp/hard\libc_nano.a(lib_a-stdio.o)
                0x000000000800434a                __sclose
 *fill*         0x0000000008004352        0x2 
 .text._write_r
                0x0000000008004354       0x24 c:/st/stm32cubeide_1.4.0/stm32cubeide/plugins/com.st.stm32cube.ide.mcu.externaltools.gnu-tools-for-stm32.7-2018-q2-update.win32_1.4.0.202007081208/tools/bin/../lib/gcc/arm-none-eabi/7.3.1/../../../../arm-none-eabi/lib/thumb/v7e-m/fpv4-sp/hard\libc_nano.a(lib_a-writer.o)
                0x0000000008004354                _write_r
 .text._close_r
                0x0000000008004378       0x20 c:/st/stm32cubeide_1.4.0/stm32cubeide/plugins/com.st.stm32cube.ide.mcu.externaltools.gnu-tools-for-stm32.7-2018-q2-update.win32_1.4.0.202007081208/tools/bin/../lib/gcc/arm-none-eabi/7.3.1/../../../../arm-none-eabi/lib/thumb/v7e-m/fpv4-sp/hard\libc_nano.a(lib_a-closer.o)
                0x0000000008004378                _close_r
 .text._fstat_r
                0x0000000008004398       0x24 c:/st/stm32cubeide_1.4.0/stm32cubeide/plugins/com.st.stm32cube.ide.mcu.externaltools.gnu-tools-for-stm32.7-2018-q2-update.win32_1.4.0.202007081208/tools/bin/../lib/gcc/arm-none-eabi/7.3.1/../../../../arm-none-eabi/lib/thumb/v7e-m/fpv4-sp/hard\libc_nano.a(lib_a-fstatr.o)
                0x0000000008004398                _fstat_r
 .text._isatty_r
                0x00000000080043bc       0x20 c:/st/stm32cubeide_1.4.0/stm32cubeide/plugins/com.st.stm32cube.ide.mcu.externaltools.gnu-tools-for-stm32.7-2018-q2-update.win32_1.4.0.202007081208/tools/bin/../lib/gcc/arm-none-eabi/7.3.1/../../../../arm-none-eabi/lib/thumb/v7e-m/fpv4-sp/hard\libc_nano.a(lib_a-isattyr.o)
                0x00000000080043bc                _isatty_r
 .text._lseek_r
                0x00000000080043dc       0x24 c:/st/stm32cubeide_1.4.0/stm32cubeide/plugins/com.st.stm32cube.ide.mcu.externaltools.gnu-tools-for-stm32.7-2018-q2-update.win32_1.4.0.202007081208/tools/bin/../lib/gcc/arm-none-eabi/7.3.1/../../../../arm-none-eabi/lib/thumb/v7e-m/fpv4-sp/hard\libc_nano.a(lib_a-lseekr.o)
                0x00000000080043dc                _lseek_r
 .text.__malloc_lock
                0x0000000008004400        0x2 c:/st/stm32cubeide_1.4.0/stm32cubeide/plugins/com.st.stm32cube.ide.mcu.externaltools.gnu-tools-for-stm32.7-2018-q2-update.win32_1.4.0.202007081208/tools/bin/../lib/gcc/arm-none-eabi/7.3.1/../../../../arm-none-eabi/lib/thumb/v7e-m/fpv4-sp/hard\libc_nano.a(lib_a-mlock.o)
                0x0000000008004400                __malloc_lock
 .text.__malloc_unlock
                0x0000000008004402        0x2 c:/st/stm32cubeide_1.4.0/stm32cubeide/plugins/com.st.stm32cube.ide.mcu.externaltools.gnu-tools-for-stm32.7-2018-q2-update.win32_1.4.0.202007081208/tools/bin/../lib/gcc/arm-none-eabi/7.3.1/../../../../arm-none-eabi/lib/thumb/v7e-m/fpv4-sp/hard\libc_nano.a(lib_a-mlock.o)
                0x0000000008004402                __malloc_unlock
 .text._read_r  0x0000000008004404       0x24 c:/st/stm32cubeide_1.4.0/stm32cubeide/plugins/com.st.stm32cube.ide.mcu.externaltools.gnu-tools-for-stm32.7-2018-q2-update.win32_1.4.0.202007081208/tools/bin/../lib/gcc/arm-none-eabi/7.3.1/../../../../arm-none-eabi/lib/thumb/v7e-m/fpv4-sp/hard\libc_nano.a(lib_a-readr.o)
                0x0000000008004404                _read_r
 *(.glue_7)
 .glue_7        0x0000000008004428        0x0 linker stubs
 *(.glue_7t)
 .glue_7t       0x0000000008004428        0x0 linker stubs
 *(.eh_frame)
 .eh_frame      0x0000000008004428        0x0 c:/st/stm32cubeide_1.4.0/stm32cubeide/plugins/com.st.stm32cube.ide.mcu.externaltools.gnu-tools-for-stm32.7-2018-q2-update.win32_1.4.0.202007081208/tools/bin/../lib/gcc/arm-none-eabi/7.3.1/thumb/v7e-m/fpv4-sp/hard/crtbegin.o
 *(.init)
 .init          0x0000000008004428        0x4 c:/st/stm32cubeide_1.4.0/stm32cubeide/plugins/com.st.stm32cube.ide.mcu.externaltools.gnu-tools-for-stm32.7-2018-q2-update.win32_1.4.0.202007081208/tools/bin/../lib/gcc/arm-none-eabi/7.3.1/thumb/v7e-m/fpv4-sp/hard/crti.o
                0x0000000008004428                _init
 .init          0x000000000800442c        0x8 c:/st/stm32cubeide_1.4.0/stm32cubeide/plugins/com.st.stm32cube.ide.mcu.externaltools.gnu-tools-for-stm32.7-2018-q2-update.win32_1.4.0.202007081208/tools/bin/../lib/gcc/arm-none-eabi/7.3.1/thumb/v7e-m/fpv4-sp/hard/crtn.o
 *(.fini)
 .fini          0x0000000008004434        0x4 c:/st/stm32cubeide_1.4.0/stm32cubeide/plugins/com.st.stm32cube.ide.mcu.externaltools.gnu-tools-for-stm32.7-2018-q2-update.win32_1.4.0.202007081208/tools/bin/../lib/gcc/arm-none-eabi/7.3.1/thumb/v7e-m/fpv4-sp/hard/crti.o
                0x0000000008004434                _fini
 .fini          0x0000000008004438        0x8 c:/st/stm32cubeide_1.4.0/stm32cubeide/plugins/com.st.stm32cube.ide.mcu.externaltools.gnu-tools-for-stm32.7-2018-q2-update.win32_1.4.0.202007081208/tools/bin/../lib/gcc/arm-none-eabi/7.3.1/thumb/v7e-m/fpv4-sp/hard/crtn.o
                0x0000000008004440                . = ALIGN (0x4)
                0x0000000008004440                _etext = .

.vfp11_veneer   0x0000000008004440        0x0
 .vfp11_veneer  0x0000000008004440        0x0 linker stubs

.v4_bx          0x0000000008004440        0x0
 .v4_bx         0x0000000008004440        0x0 linker stubs

.iplt           0x0000000008004440        0x0
 .iplt          0x0000000008004440        0x0 c:/st/stm32cubeide_1.4.0/stm32cubeide/plugins/com.st.stm32cube.ide.mcu.externaltools.gnu-tools-for-stm32.7-2018-q2-update.win32_1.4.0.202007081208/tools/bin/../lib/gcc/arm-none-eabi/7.3.1/thumb/v7e-m/fpv4-sp/hard/crtbegin.o

.rodata         0x0000000008004440      0x294
                0x0000000008004440                . = ALIGN (0x4)
 *(.rodata)
 .rodata        0x0000000008004440       0xba Core/Src/testfil.o
 *fill*         0x00000000080044fa        0x2 
 .rodata        0x00000000080044fc       0x2d Core/Src/unity.o
 *(.rodata*)
 *fill*         0x0000000008004529        0x3 
 .rodata.AHBPrescTable
                0x000000000800452c       0x10 Core/Src/system_stm32l4xx.o
                0x000000000800452c                AHBPrescTable
 .rodata.APBPrescTable
                0x000000000800453c        0x8 Core/Src/system_stm32l4xx.o
                0x000000000800453c                APBPrescTable
 .rodata.MSIRangeTable
                0x0000000008004544       0x30 Core/Src/system_stm32l4xx.o
                0x0000000008004544                MSIRangeTable
 .rodata.UnityStrOk
                0x0000000008004574        0x3 Core/Src/unity.o
                0x0000000008004574                UnityStrOk
 *fill*         0x0000000008004577        0x1 
 .rodata.UnityStrPass
                0x0000000008004578        0x5 Core/Src/unity.o
                0x0000000008004578                UnityStrPass
 *fill*         0x000000000800457d        0x3 
 .rodata.Check  0x0000000008004580        0x5 Core/Src/unity.o
                0x0000000008004580                Check
 *fill*         0x0000000008004585        0x3 
 .rodata.Fail   0x0000000008004588        0x5 Core/Src/unity.o
                0x0000000008004588                Fail
 *fill*         0x000000000800458d        0x3 
 .rodata.UnityStrFail
                0x0000000008004590        0x5 Core/Src/unity.o
                0x0000000008004590                UnityStrFail
 *fill*         0x0000000008004595        0x3 
 .rodata.UnityStrSpacer
                0x0000000008004598        0x3 Core/Src/unity.o
 *fill*         0x000000000800459b        0x1 
 .rodata.UnityStrExpected
                0x000000000800459c        0xc Core/Src/unity.o
 .rodata.UnityStrWas
                0x00000000080045a8        0x7 Core/Src/unity.o
 *fill*         0x00000000080045af        0x1 
 .rodata.UnityStrInf
                0x00000000080045b0        0x9 Core/Src/unity.o
 *fill*         0x00000000080045b9        0x3 
 .rodata.UnityStrNegInf
                0x00000000080045bc       0x12 Core/Src/unity.o
 *fill*         0x00000000080045ce        0x2 
 .rodata.UnityStrNaN
                0x00000000080045d0        0x4 Core/Src/unity.o
 .rodata.UnityStrDet
                0x00000000080045d4        0xc Core/Src/unity.o
 .rodata.UnityStrBreaker
                0x00000000080045e0       0x18 Core/Src/unity.o
 .rodata.UnityStrResultsTests
                0x00000000080045f8       0x12 Core/Src/unity.o
 *fill*         0x000000000800460a        0x2 
 .rodata.UnityStrResultsFailures
                0x000000000800460c        0xc Core/Src/unity.o
 .rodata.UnityStrResultsIgnored
                0x0000000008004618        0xb Core/Src/unity.o
 *fill*         0x0000000008004623        0x1 
 .rodata.UnityStrDetail1Name
                0x0000000008004624        0xa Core/Src/unity.o
 *fill*         0x000000000800462e        0x2 
 .rodata.UnityStrDetail2Name
                0x0000000008004630        0xb Core/Src/unity.o
 *fill*         0x000000000800463b        0x1 
 .rodata._global_impure_ptr
                0x000000000800463c        0x4 c:/st/stm32cubeide_1.4.0/stm32cubeide/plugins/com.st.stm32cube.ide.mcu.externaltools.gnu-tools-for-stm32.7-2018-q2-update.win32_1.4.0.202007081208/tools/bin/../lib/gcc/arm-none-eabi/7.3.1/../../../../arm-none-eabi/lib/thumb/v7e-m/fpv4-sp/hard\libc_nano.a(lib_a-impure.o)
                0x000000000800463c                _global_impure_ptr
 .rodata.__sf_fake_stderr
                0x0000000008004640       0x20 c:/st/stm32cubeide_1.4.0/stm32cubeide/plugins/com.st.stm32cube.ide.mcu.externaltools.gnu-tools-for-stm32.7-2018-q2-update.win32_1.4.0.202007081208/tools/bin/../lib/gcc/arm-none-eabi/7.3.1/../../../../arm-none-eabi/lib/thumb/v7e-m/fpv4-sp/hard\libc_nano.a(lib_a-findfp.o)
                0x0000000008004640                __sf_fake_stderr
 .rodata.__sf_fake_stdin
                0x0000000008004660       0x20 c:/st/stm32cubeide_1.4.0/stm32cubeide/plugins/com.st.stm32cube.ide.mcu.externaltools.gnu-tools-for-stm32.7-2018-q2-update.win32_1.4.0.202007081208/tools/bin/../lib/gcc/arm-none-eabi/7.3.1/../../../../arm-none-eabi/lib/thumb/v7e-m/fpv4-sp/hard\libc_nano.a(lib_a-findfp.o)
                0x0000000008004660                __sf_fake_stdin
 .rodata.__sf_fake_stdout
                0x0000000008004680       0x20 c:/st/stm32cubeide_1.4.0/stm32cubeide/plugins/com.st.stm32cube.ide.mcu.externaltools.gnu-tools-for-stm32.7-2018-q2-update.win32_1.4.0.202007081208/tools/bin/../lib/gcc/arm-none-eabi/7.3.1/../../../../arm-none-eabi/lib/thumb/v7e-m/fpv4-sp/hard\libc_nano.a(lib_a-findfp.o)
                0x0000000008004680                __sf_fake_stdout
 .rodata._vfprintf_r.str1.1
                0x00000000080046a0       0x11 c:/st/stm32cubeide_1.4.0/stm32cubeide/plugins/com.st.stm32cube.ide.mcu.externaltools.gnu-tools-for-stm32.7-2018-q2-update.win32_1.4.0.202007081208/tools/bin/../lib/gcc/arm-none-eabi/7.3.1/../../../../arm-none-eabi/lib/thumb/v7e-m/fpv4-sp/hard\libc_nano.a(lib_a-nano-vfprintf.o)
 .rodata._printf_i.str1.1
                0x00000000080046b1       0x22 c:/st/stm32cubeide_1.4.0/stm32cubeide/plugins/com.st.stm32cube.ide.mcu.externaltools.gnu-tools-for-stm32.7-2018-q2-update.win32_1.4.0.202007081208/tools/bin/../lib/gcc/arm-none-eabi/7.3.1/../../../../arm-none-eabi/lib/thumb/v7e-m/fpv4-sp/hard\libc_nano.a(lib_a-nano-vfprintf_i.o)
                0x00000000080046d4                . = ALIGN (0x4)
 *fill*         0x00000000080046d3        0x1 

.rel.dyn        0x00000000080046d4        0x0
 .rel.iplt      0x00000000080046d4        0x0 c:/st/stm32cubeide_1.4.0/stm32cubeide/plugins/com.st.stm32cube.ide.mcu.externaltools.gnu-tools-for-stm32.7-2018-q2-update.win32_1.4.0.202007081208/tools/bin/../lib/gcc/arm-none-eabi/7.3.1/thumb/v7e-m/fpv4-sp/hard/crtbegin.o

.ARM.extab      0x00000000080046d4        0x0
                0x00000000080046d4                . = ALIGN (0x4)
 *(.ARM.extab* .gnu.linkonce.armextab.*)
                0x00000000080046d4                . = ALIGN (0x4)

.ARM            0x00000000080046d4        0x0
                0x00000000080046d4                . = ALIGN (0x4)
                0x00000000080046d4                __exidx_start = .
 *(.ARM.exidx*)
                0x00000000080046d4                __exidx_end = .
                0x00000000080046d4                . = ALIGN (0x4)

.preinit_array  0x00000000080046d4        0x0
                0x00000000080046d4                . = ALIGN (0x4)
                0x00000000080046d4                PROVIDE (__preinit_array_start = .)
 *(.preinit_array*)
                0x00000000080046d4                PROVIDE (__preinit_array_end = .)
                0x00000000080046d4                . = ALIGN (0x4)

.init_array     0x00000000080046d4        0x4
                0x00000000080046d4                . = ALIGN (0x4)
                0x00000000080046d4                PROVIDE (__init_array_start = .)
 *(SORT_BY_NAME(.init_array.*))
 *(.init_array*)
 .init_array    0x00000000080046d4        0x4 c:/st/stm32cubeide_1.4.0/stm32cubeide/plugins/com.st.stm32cube.ide.mcu.externaltools.gnu-tools-for-stm32.7-2018-q2-update.win32_1.4.0.202007081208/tools/bin/../lib/gcc/arm-none-eabi/7.3.1/thumb/v7e-m/fpv4-sp/hard/crtbegin.o
                0x00000000080046d8                PROVIDE (__init_array_end = .)
                0x00000000080046d8                . = ALIGN (0x4)

.fini_array     0x00000000080046d8        0x4
                0x00000000080046d8                . = ALIGN (0x4)
                [!provide]                        PROVIDE (__fini_array_start = .)
 *(SORT_BY_NAME(.fini_array.*))
 *(.fini_array*)
 .fini_array    0x00000000080046d8        0x4 c:/st/stm32cubeide_1.4.0/stm32cubeide/plugins/com.st.stm32cube.ide.mcu.externaltools.gnu-tools-for-stm32.7-2018-q2-update.win32_1.4.0.202007081208/tools/bin/../lib/gcc/arm-none-eabi/7.3.1/thumb/v7e-m/fpv4-sp/hard/crtbegin.o
                [!provide]                        PROVIDE (__fini_array_end = .)
                0x00000000080046dc                . = ALIGN (0x4)
                0x00000000080046dc                _sidata = LOADADDR (.data)

.data           0x0000000020000000       0x70 load address 0x00000000080046dc
                0x0000000020000000                . = ALIGN (0x4)
                0x0000000020000000                _sdata = .
 *(.data)
 *(.data*)
 .data.SystemCoreClock
                0x0000000020000000        0x4 Core/Src/system_stm32l4xx.o
                0x0000000020000000                SystemCoreClock
 .data.uwTickPrio
                0x0000000020000004        0x4 Drivers/STM32L4xx_HAL_Driver/Src/stm32l4xx_hal.o
                0x0000000020000004                uwTickPrio
 .data.uwTickFreq
                0x0000000020000008        0x1 Drivers/STM32L4xx_HAL_Driver/Src/stm32l4xx_hal.o
                0x0000000020000008                uwTickFreq
 *fill*         0x0000000020000009        0x3 
 .data._impure_ptr
                0x000000002000000c        0x4 c:/st/stm32cubeide_1.4.0/stm32cubeide/plugins/com.st.stm32cube.ide.mcu.externaltools.gnu-tools-for-stm32.7-2018-q2-update.win32_1.4.0.202007081208/tools/bin/../lib/gcc/arm-none-eabi/7.3.1/../../../../arm-none-eabi/lib/thumb/v7e-m/fpv4-sp/hard\libc_nano.a(lib_a-impure.o)
                0x000000002000000c                _impure_ptr
 .data.impure_data
                0x0000000020000010       0x60 c:/st/stm32cubeide_1.4.0/stm32cubeide/plugins/com.st.stm32cube.ide.mcu.externaltools.gnu-tools-for-stm32.7-2018-q2-update.win32_1.4.0.202007081208/tools/bin/../lib/gcc/arm-none-eabi/7.3.1/../../../../arm-none-eabi/lib/thumb/v7e-m/fpv4-sp/hard\libc_nano.a(lib_a-impure.o)
                0x0000000020000070                . = ALIGN (0x4)
                0x0000000020000070                _edata = .

.igot.plt       0x0000000020000070        0x0 load address 0x000000000800474c
 .igot.plt      0x0000000020000070        0x0 c:/st/stm32cubeide_1.4.0/stm32cubeide/plugins/com.st.stm32cube.ide.mcu.externaltools.gnu-tools-for-stm32.7-2018-q2-update.win32_1.4.0.202007081208/tools/bin/../lib/gcc/arm-none-eabi/7.3.1/thumb/v7e-m/fpv4-sp/hard/crtbegin.o
                0x0000000020000070                . = ALIGN (0x4)

.bss            0x0000000020000070      0x1e4 load address 0x000000000800474c
                0x0000000020000070                _sbss = .
                0x0000000020000070                __bss_start__ = _sbss
 *(.bss)
 .bss           0x0000000020000070       0x1c c:/st/stm32cubeide_1.4.0/stm32cubeide/plugins/com.st.stm32cube.ide.mcu.externaltools.gnu-tools-for-stm32.7-2018-q2-update.win32_1.4.0.202007081208/tools/bin/../lib/gcc/arm-none-eabi/7.3.1/thumb/v7e-m/fpv4-sp/hard/crtbegin.o
 *(.bss*)
 .bss.__sbrk_heap_end
                0x000000002000008c        0x4 Core/Src/sysmem.o
 .bss.__malloc_free_list
                0x0000000020000090        0x4 c:/st/stm32cubeide_1.4.0/stm32cubeide/plugins/com.st.stm32cube.ide.mcu.externaltools.gnu-tools-for-stm32.7-2018-q2-update.win32_1.4.0.202007081208/tools/bin/../lib/gcc/arm-none-eabi/7.3.1/../../../../arm-none-eabi/lib/thumb/v7e-m/fpv4-sp/hard\libc_nano.a(lib_a-nano-mallocr.o)
                0x0000000020000090                __malloc_free_list
 .bss.__malloc_sbrk_start
                0x0000000020000094        0x4 c:/st/stm32cubeide_1.4.0/stm32cubeide/plugins/com.st.stm32cube.ide.mcu.externaltools.gnu-tools-for-stm32.7-2018-q2-update.win32_1.4.0.202007081208/tools/bin/../lib/gcc/arm-none-eabi/7.3.1/../../../../arm-none-eabi/lib/thumb/v7e-m/fpv4-sp/hard\libc_nano.a(lib_a-nano-mallocr.o)
                0x0000000020000094                __malloc_sbrk_start
 *(COMMON)
 COMMON         0x0000000020000098       0xe4 Core/Src/i2c.o
                0x0000000020000098                hi2c3
                0x00000000200000e4                hi2c1
                0x0000000020000130                hi2c2
 COMMON         0x000000002000017c       0x4c Core/Src/stm32l4xx_hal_timebase_tim.o
                0x000000002000017c                htim1
 COMMON         0x00000000200001c8       0x84 Core/Src/unity.o
                0x00000000200001c8                Unity
 COMMON         0x000000002000024c        0x4 Drivers/STM32L4xx_HAL_Driver/Src/stm32l4xx_hal.o
                0x000000002000024c                uwTick
 COMMON         0x0000000020000250        0x4 c:/st/stm32cubeide_1.4.0/stm32cubeide/plugins/com.st.stm32cube.ide.mcu.externaltools.gnu-tools-for-stm32.7-2018-q2-update.win32_1.4.0.202007081208/tools/bin/../lib/gcc/arm-none-eabi/7.3.1/../../../../arm-none-eabi/lib/thumb/v7e-m/fpv4-sp/hard\libc_nano.a(lib_a-reent.o)
                0x0000000020000250                errno
                0x0000000020000254                . = ALIGN (0x4)
                0x0000000020000254                _ebss = .
                0x0000000020000254                __bss_end__ = _ebss

._user_heap_stack
                0x0000000020000254      0x604 load address 0x000000000800474c
                0x0000000020000258                . = ALIGN (0x8)
 *fill*         0x0000000020000254        0x4 
                [!provide]                        PROVIDE (end = .)
                0x0000000020000258                PROVIDE (_end = .)
                0x0000000020000458                . = (. + _Min_Heap_Size)
 *fill*         0x0000000020000258      0x200 
                0x0000000020000858                . = (. + _Min_Stack_Size)
 *fill*         0x0000000020000458      0x400 
                0x0000000020000858                . = ALIGN (0x8)

/DISCARD/
 libc.a(*)
 libm.a(*)
 libgcc.a(*)

.ARM.attributes
                0x0000000000000000       0x30
 *(.ARM.attributes)
 .ARM.attributes
                0x0000000000000000       0x22 c:/st/stm32cubeide_1.4.0/stm32cubeide/plugins/com.st.stm32cube.ide.mcu.externaltools.gnu-tools-for-stm32.7-2018-q2-update.win32_1.4.0.202007081208/tools/bin/../lib/gcc/arm-none-eabi/7.3.1/thumb/v7e-m/fpv4-sp/hard/crti.o
 .ARM.attributes
                0x0000000000000022       0x34 c:/st/stm32cubeide_1.4.0/stm32cubeide/plugins/com.st.stm32cube.ide.mcu.externaltools.gnu-tools-for-stm32.7-2018-q2-update.win32_1.4.0.202007081208/tools/bin/../lib/gcc/arm-none-eabi/7.3.1/thumb/v7e-m/fpv4-sp/hard/crtbegin.o
 .ARM.attributes
                0x0000000000000056       0x39 Core/Src/Luftkvalitetsensor_funktioner.o
 .ARM.attributes
                0x000000000000008f       0x39 Core/Src/gpio.o
 .ARM.attributes
                0x00000000000000c8       0x39 Core/Src/i2c.o
 .ARM.attributes
                0x0000000000000101       0x39 Core/Src/main.o
 .ARM.attributes
                0x000000000000013a       0x39 Core/Src/stm32l4xx_hal_msp.o
 .ARM.attributes
                0x0000000000000173       0x39 Core/Src/stm32l4xx_hal_timebase_tim.o
 .ARM.attributes
                0x00000000000001ac       0x39 Core/Src/stm32l4xx_it.o
 .ARM.attributes
                0x00000000000001e5       0x39 Core/Src/syscalls.o
 .ARM.attributes
                0x000000000000021e       0x39 Core/Src/sysmem.o
 .ARM.attributes
                0x0000000000000257       0x39 Core/Src/system_stm32l4xx.o
 .ARM.attributes
                0x0000000000000290       0x39 Core/Src/testfil.o
 .ARM.attributes
                0x00000000000002c9       0x39 Core/Src/unity.o
 .ARM.attributes
                0x0000000000000302       0x21 Core/Startup/startup_stm32l476rgtx.o
 .ARM.attributes
                0x0000000000000323       0x39 Drivers/STM32L4xx_HAL_Driver/Src/stm32l4xx_hal.o
 .ARM.attributes
                0x000000000000035c       0x39 Drivers/STM32L4xx_HAL_Driver/Src/stm32l4xx_hal_cortex.o
 .ARM.attributes
                0x0000000000000395       0x39 Drivers/STM32L4xx_HAL_Driver/Src/stm32l4xx_hal_gpio.o
 .ARM.attributes
                0x00000000000003ce       0x39 Drivers/STM32L4xx_HAL_Driver/Src/stm32l4xx_hal_i2c.o
 .ARM.attributes
                0x0000000000000407       0x39 Drivers/STM32L4xx_HAL_Driver/Src/stm32l4xx_hal_i2c_ex.o
 .ARM.attributes
                0x0000000000000440       0x39 Drivers/STM32L4xx_HAL_Driver/Src/stm32l4xx_hal_pwr_ex.o
 .ARM.attributes
                0x0000000000000479       0x39 Drivers/STM32L4xx_HAL_Driver/Src/stm32l4xx_hal_rcc.o
 .ARM.attributes
                0x00000000000004b2       0x39 Drivers/STM32L4xx_HAL_Driver/Src/stm32l4xx_hal_rcc_ex.o
 .ARM.attributes
                0x00000000000004eb       0x39 Drivers/STM32L4xx_HAL_Driver/Src/stm32l4xx_hal_tim.o
 .ARM.attributes
                0x0000000000000524       0x39 Drivers/STM32L4xx_HAL_Driver/Src/stm32l4xx_hal_tim_ex.o
 .ARM.attributes
                0x000000000000055d       0x34 c:/st/stm32cubeide_1.4.0/stm32cubeide/plugins/com.st.stm32cube.ide.mcu.externaltools.gnu-tools-for-stm32.7-2018-q2-update.win32_1.4.0.202007081208/tools/bin/../lib/gcc/arm-none-eabi/7.3.1/../../../../arm-none-eabi/lib/thumb/v7e-m/fpv4-sp/hard\libc_nano.a(lib_a-errno.o)
 .ARM.attributes
                0x0000000000000591       0x34 c:/st/stm32cubeide_1.4.0/stm32cubeide/plugins/com.st.stm32cube.ide.mcu.externaltools.gnu-tools-for-stm32.7-2018-q2-update.win32_1.4.0.202007081208/tools/bin/../lib/gcc/arm-none-eabi/7.3.1/../../../../arm-none-eabi/lib/thumb/v7e-m/fpv4-sp/hard\libc_nano.a(lib_a-impure.o)
 .ARM.attributes
                0x00000000000005c5       0x34 c:/st/stm32cubeide_1.4.0/stm32cubeide/plugins/com.st.stm32cube.ide.mcu.externaltools.gnu-tools-for-stm32.7-2018-q2-update.win32_1.4.0.202007081208/tools/bin/../lib/gcc/arm-none-eabi/7.3.1/../../../../arm-none-eabi/lib/thumb/v7e-m/fpv4-sp/hard\libc_nano.a(lib_a-init.o)
 .ARM.attributes
                0x00000000000005f9       0x34 c:/st/stm32cubeide_1.4.0/stm32cubeide/plugins/com.st.stm32cube.ide.mcu.externaltools.gnu-tools-for-stm32.7-2018-q2-update.win32_1.4.0.202007081208/tools/bin/../lib/gcc/arm-none-eabi/7.3.1/../../../../arm-none-eabi/lib/thumb/v7e-m/fpv4-sp/hard\libc_nano.a(lib_a-memset.o)
 .ARM.attributes
                0x000000000000062d       0x34 c:/st/stm32cubeide_1.4.0/stm32cubeide/plugins/com.st.stm32cube.ide.mcu.externaltools.gnu-tools-for-stm32.7-2018-q2-update.win32_1.4.0.202007081208/tools/bin/../lib/gcc/arm-none-eabi/7.3.1/../../../../arm-none-eabi/lib/thumb/v7e-m/fpv4-sp/hard\libc_nano.a(lib_a-printf.o)
 .ARM.attributes
                0x0000000000000661       0x34 c:/st/stm32cubeide_1.4.0/stm32cubeide/plugins/com.st.stm32cube.ide.mcu.externaltools.gnu-tools-for-stm32.7-2018-q2-update.win32_1.4.0.202007081208/tools/bin/../lib/gcc/arm-none-eabi/7.3.1/../../../../arm-none-eabi/lib/thumb/v7e-m/fpv4-sp/hard\libc_nano.a(lib_a-putchar.o)
 .ARM.attributes
                0x0000000000000695       0x20 c:/st/stm32cubeide_1.4.0/stm32cubeide/plugins/com.st.stm32cube.ide.mcu.externaltools.gnu-tools-for-stm32.7-2018-q2-update.win32_1.4.0.202007081208/tools/bin/../lib/gcc/arm-none-eabi/7.3.1/../../../../arm-none-eabi/lib/thumb/v7e-m/fpv4-sp/hard\libc_nano.a(lib_a-setjmp.o)
 .ARM.attributes
                0x00000000000006b5       0x34 c:/st/stm32cubeide_1.4.0/stm32cubeide/plugins/com.st.stm32cube.ide.mcu.externaltools.gnu-tools-for-stm32.7-2018-q2-update.win32_1.4.0.202007081208/tools/bin/../lib/gcc/arm-none-eabi/7.3.1/../../../../arm-none-eabi/lib/thumb/v7e-m/fpv4-sp/hard\libc_nano.a(lib_a-wbuf.o)
 .ARM.attributes
                0x00000000000006e9       0x34 c:/st/stm32cubeide_1.4.0/stm32cubeide/plugins/com.st.stm32cube.ide.mcu.externaltools.gnu-tools-for-stm32.7-2018-q2-update.win32_1.4.0.202007081208/tools/bin/../lib/gcc/arm-none-eabi/7.3.1/../../../../arm-none-eabi/lib/thumb/v7e-m/fpv4-sp/hard\libc_nano.a(lib_a-wsetup.o)
 .ARM.attributes
                0x000000000000071d       0x34 c:/st/stm32cubeide_1.4.0/stm32cubeide/plugins/com.st.stm32cube.ide.mcu.externaltools.gnu-tools-for-stm32.7-2018-q2-update.win32_1.4.0.202007081208/tools/bin/../lib/gcc/arm-none-eabi/7.3.1/../../../../arm-none-eabi/lib/thumb/v7e-m/fpv4-sp/hard\libc_nano.a(lib_a-fflush.o)
 .ARM.attributes
                0x0000000000000751       0x34 c:/st/stm32cubeide_1.4.0/stm32cubeide/plugins/com.st.stm32cube.ide.mcu.externaltools.gnu-tools-for-stm32.7-2018-q2-update.win32_1.4.0.202007081208/tools/bin/../lib/gcc/arm-none-eabi/7.3.1/../../../../arm-none-eabi/lib/thumb/v7e-m/fpv4-sp/hard\libc_nano.a(lib_a-findfp.o)
 .ARM.attributes
                0x0000000000000785       0x34 c:/st/stm32cubeide_1.4.0/stm32cubeide/plugins/com.st.stm32cube.ide.mcu.externaltools.gnu-tools-for-stm32.7-2018-q2-update.win32_1.4.0.202007081208/tools/bin/../lib/gcc/arm-none-eabi/7.3.1/../../../../arm-none-eabi/lib/thumb/v7e-m/fpv4-sp/hard\libc_nano.a(lib_a-fwalk.o)
 .ARM.attributes
                0x00000000000007b9       0x34 c:/st/stm32cubeide_1.4.0/stm32cubeide/plugins/com.st.stm32cube.ide.mcu.externaltools.gnu-tools-for-stm32.7-2018-q2-update.win32_1.4.0.202007081208/tools/bin/../lib/gcc/arm-none-eabi/7.3.1/../../../../arm-none-eabi/lib/thumb/v7e-m/fpv4-sp/hard\libc_nano.a(lib_a-makebuf.o)
 .ARM.attributes
                0x00000000000007ed       0x34 c:/st/stm32cubeide_1.4.0/stm32cubeide/plugins/com.st.stm32cube.ide.mcu.externaltools.gnu-tools-for-stm32.7-2018-q2-update.win32_1.4.0.202007081208/tools/bin/../lib/gcc/arm-none-eabi/7.3.1/../../../../arm-none-eabi/lib/thumb/v7e-m/fpv4-sp/hard\libc_nano.a(lib_a-nano-freer.o)
 .ARM.attributes
                0x0000000000000821       0x34 c:/st/stm32cubeide_1.4.0/stm32cubeide/plugins/com.st.stm32cube.ide.mcu.externaltools.gnu-tools-for-stm32.7-2018-q2-update.win32_1.4.0.202007081208/tools/bin/../lib/gcc/arm-none-eabi/7.3.1/../../../../arm-none-eabi/lib/thumb/v7e-m/fpv4-sp/hard\libc_nano.a(lib_a-nano-mallocr.o)
 .ARM.attributes
                0x0000000000000855       0x34 c:/st/stm32cubeide_1.4.0/stm32cubeide/plugins/com.st.stm32cube.ide.mcu.externaltools.gnu-tools-for-stm32.7-2018-q2-update.win32_1.4.0.202007081208/tools/bin/../lib/gcc/arm-none-eabi/7.3.1/../../../../arm-none-eabi/lib/thumb/v7e-m/fpv4-sp/hard\libc_nano.a(lib_a-nano-vfprintf.o)
 .ARM.attributes
                0x0000000000000889       0x34 c:/st/stm32cubeide_1.4.0/stm32cubeide/plugins/com.st.stm32cube.ide.mcu.externaltools.gnu-tools-for-stm32.7-2018-q2-update.win32_1.4.0.202007081208/tools/bin/../lib/gcc/arm-none-eabi/7.3.1/../../../../arm-none-eabi/lib/thumb/v7e-m/fpv4-sp/hard\libc_nano.a(lib_a-nano-vfprintf_i.o)
 .ARM.attributes
                0x00000000000008bd       0x34 c:/st/stm32cubeide_1.4.0/stm32cubeide/plugins/com.st.stm32cube.ide.mcu.externaltools.gnu-tools-for-stm32.7-2018-q2-update.win32_1.4.0.202007081208/tools/bin/../lib/gcc/arm-none-eabi/7.3.1/../../../../arm-none-eabi/lib/thumb/v7e-m/fpv4-sp/hard\libc_nano.a(lib_a-putc.o)
 .ARM.attributes
                0x00000000000008f1       0x34 c:/st/stm32cubeide_1.4.0/stm32cubeide/plugins/com.st.stm32cube.ide.mcu.externaltools.gnu-tools-for-stm32.7-2018-q2-update.win32_1.4.0.202007081208/tools/bin/../lib/gcc/arm-none-eabi/7.3.1/../../../../arm-none-eabi/lib/thumb/v7e-m/fpv4-sp/hard\libc_nano.a(lib_a-sbrkr.o)
 .ARM.attributes
                0x0000000000000925       0x34 c:/st/stm32cubeide_1.4.0/stm32cubeide/plugins/com.st.stm32cube.ide.mcu.externaltools.gnu-tools-for-stm32.7-2018-q2-update.win32_1.4.0.202007081208/tools/bin/../lib/gcc/arm-none-eabi/7.3.1/../../../../arm-none-eabi/lib/thumb/v7e-m/fpv4-sp/hard\libc_nano.a(lib_a-stdio.o)
 .ARM.attributes
                0x0000000000000959       0x34 c:/st/stm32cubeide_1.4.0/stm32cubeide/plugins/com.st.stm32cube.ide.mcu.externaltools.gnu-tools-for-stm32.7-2018-q2-update.win32_1.4.0.202007081208/tools/bin/../lib/gcc/arm-none-eabi/7.3.1/../../../../arm-none-eabi/lib/thumb/v7e-m/fpv4-sp/hard\libc_nano.a(lib_a-writer.o)
 .ARM.attributes
                0x000000000000098d       0x34 c:/st/stm32cubeide_1.4.0/stm32cubeide/plugins/com.st.stm32cube.ide.mcu.externaltools.gnu-tools-for-stm32.7-2018-q2-update.win32_1.4.0.202007081208/tools/bin/../lib/gcc/arm-none-eabi/7.3.1/../../../../arm-none-eabi/lib/thumb/v7e-m/fpv4-sp/hard\libc_nano.a(lib_a-closer.o)
 .ARM.attributes
                0x00000000000009c1       0x34 c:/st/stm32cubeide_1.4.0/stm32cubeide/plugins/com.st.stm32cube.ide.mcu.externaltools.gnu-tools-for-stm32.7-2018-q2-update.win32_1.4.0.202007081208/tools/bin/../lib/gcc/arm-none-eabi/7.3.1/../../../../arm-none-eabi/lib/thumb/v7e-m/fpv4-sp/hard\libc_nano.a(lib_a-fstatr.o)
 .ARM.attributes
                0x00000000000009f5       0x34 c:/st/stm32cubeide_1.4.0/stm32cubeide/plugins/com.st.stm32cube.ide.mcu.externaltools.gnu-tools-for-stm32.7-2018-q2-update.win32_1.4.0.202007081208/tools/bin/../lib/gcc/arm-none-eabi/7.3.1/../../../../arm-none-eabi/lib/thumb/v7e-m/fpv4-sp/hard\libc_nano.a(lib_a-isattyr.o)
 .ARM.attributes
                0x0000000000000a29       0x34 c:/st/stm32cubeide_1.4.0/stm32cubeide/plugins/com.st.stm32cube.ide.mcu.externaltools.gnu-tools-for-stm32.7-2018-q2-update.win32_1.4.0.202007081208/tools/bin/../lib/gcc/arm-none-eabi/7.3.1/../../../../arm-none-eabi/lib/thumb/v7e-m/fpv4-sp/hard\libc_nano.a(lib_a-lseekr.o)
 .ARM.attributes
                0x0000000000000a5d       0x20 c:/st/stm32cubeide_1.4.0/stm32cubeide/plugins/com.st.stm32cube.ide.mcu.externaltools.gnu-tools-for-stm32.7-2018-q2-update.win32_1.4.0.202007081208/tools/bin/../lib/gcc/arm-none-eabi/7.3.1/../../../../arm-none-eabi/lib/thumb/v7e-m/fpv4-sp/hard\libc_nano.a(lib_a-memchr.o)
 .ARM.attributes
                0x0000000000000a7d       0x34 c:/st/stm32cubeide_1.4.0/stm32cubeide/plugins/com.st.stm32cube.ide.mcu.externaltools.gnu-tools-for-stm32.7-2018-q2-update.win32_1.4.0.202007081208/tools/bin/../lib/gcc/arm-none-eabi/7.3.1/../../../../arm-none-eabi/lib/thumb/v7e-m/fpv4-sp/hard\libc_nano.a(lib_a-mlock.o)
 .ARM.attributes
                0x0000000000000ab1       0x34 c:/st/stm32cubeide_1.4.0/stm32cubeide/plugins/com.st.stm32cube.ide.mcu.externaltools.gnu-tools-for-stm32.7-2018-q2-update.win32_1.4.0.202007081208/tools/bin/../lib/gcc/arm-none-eabi/7.3.1/../../../../arm-none-eabi/lib/thumb/v7e-m/fpv4-sp/hard\libc_nano.a(lib_a-readr.o)
 .ARM.attributes
                0x0000000000000ae5       0x34 c:/st/stm32cubeide_1.4.0/stm32cubeide/plugins/com.st.stm32cube.ide.mcu.externaltools.gnu-tools-for-stm32.7-2018-q2-update.win32_1.4.0.202007081208/tools/bin/../lib/gcc/arm-none-eabi/7.3.1/../../../../arm-none-eabi/lib/thumb/v7e-m/fpv4-sp/hard\libc_nano.a(lib_a-reent.o)
 .ARM.attributes
                0x0000000000000b19       0x22 c:/st/stm32cubeide_1.4.0/stm32cubeide/plugins/com.st.stm32cube.ide.mcu.externaltools.gnu-tools-for-stm32.7-2018-q2-update.win32_1.4.0.202007081208/tools/bin/../lib/gcc/arm-none-eabi/7.3.1/thumb/v7e-m/fpv4-sp/hard/crtn.o
OUTPUT(OfficeEnvironmentMonitorSensors.elf elf32-littlearm)

.debug_info     0x0000000000000000    0x155fb
 .debug_info    0x0000000000000000      0x8a2 Core/Src/Luftkvalitetsensor_funktioner.o
 .debug_info    0x00000000000008a2      0x679 Core/Src/gpio.o
 .debug_info    0x0000000000000f1b      0xc27 Core/Src/i2c.o
 .debug_info    0x0000000000001b42     0x1b24 Core/Src/main.o
 .debug_info    0x0000000000003666      0x4f9 Core/Src/stm32l4xx_hal_msp.o
 .debug_info    0x0000000000003b5f      0xd71 Core/Src/stm32l4xx_hal_timebase_tim.o
 .debug_info    0x00000000000048d0      0x8d1 Core/Src/stm32l4xx_it.o
 .debug_info    0x00000000000051a1      0xebd Core/Src/syscalls.o
 .debug_info    0x000000000000605e      0x985 Core/Src/sysmem.o
 .debug_info    0x00000000000069e3      0x727 Core/Src/system_stm32l4xx.o
 .debug_info    0x000000000000710a      0xb52 Core/Src/testfil.o
 .debug_info    0x0000000000007c5c     0x1e1d Core/Src/unity.o
 .debug_info    0x0000000000009a79       0x22 Core/Startup/startup_stm32l476rgtx.o
 .debug_info    0x0000000000009a9b      0xd2e Drivers/STM32L4xx_HAL_Driver/Src/stm32l4xx_hal.o
 .debug_info    0x000000000000a7c9      0xf6d Drivers/STM32L4xx_HAL_Driver/Src/stm32l4xx_hal_cortex.o
 .debug_info    0x000000000000b736      0x9c2 Drivers/STM32L4xx_HAL_Driver/Src/stm32l4xx_hal_gpio.o
 .debug_info    0x000000000000c0f8     0x210d Drivers/STM32L4xx_HAL_Driver/Src/stm32l4xx_hal_i2c.o
 .debug_info    0x000000000000e205      0xb72 Drivers/STM32L4xx_HAL_Driver/Src/stm32l4xx_hal_i2c_ex.o
 .debug_info    0x000000000000ed77      0xb35 Drivers/STM32L4xx_HAL_Driver/Src/stm32l4xx_hal_pwr_ex.o
 .debug_info    0x000000000000f8ac      0xd2f Drivers/STM32L4xx_HAL_Driver/Src/stm32l4xx_hal_rcc.o
 .debug_info    0x00000000000105db      0xf41 Drivers/STM32L4xx_HAL_Driver/Src/stm32l4xx_hal_rcc_ex.o
 .debug_info    0x000000000001151c     0x2a61 Drivers/STM32L4xx_HAL_Driver/Src/stm32l4xx_hal_tim.o
 .debug_info    0x0000000000013f7d     0x167e Drivers/STM32L4xx_HAL_Driver/Src/stm32l4xx_hal_tim_ex.o

.debug_abbrev   0x0000000000000000     0x2b1f
 .debug_abbrev  0x0000000000000000      0x190 Core/Src/Luftkvalitetsensor_funktioner.o
 .debug_abbrev  0x0000000000000190      0x134 Core/Src/gpio.o
 .debug_abbrev  0x00000000000002c4      0x1a4 Core/Src/i2c.o
 .debug_abbrev  0x0000000000000468      0x2c6 Core/Src/main.o
 .debug_abbrev  0x000000000000072e      0x125 Core/Src/stm32l4xx_hal_msp.o
 .debug_abbrev  0x0000000000000853      0x19d Core/Src/stm32l4xx_hal_timebase_tim.o
 .debug_abbrev  0x00000000000009f0      0x15a Core/Src/stm32l4xx_it.o
 .debug_abbrev  0x0000000000000b4a      0x261 Core/Src/syscalls.o
 .debug_abbrev  0x0000000000000dab      0x19b Core/Src/sysmem.o
 .debug_abbrev  0x0000000000000f46      0x150 Core/Src/system_stm32l4xx.o
 .debug_abbrev  0x0000000000001096      0x1b6 Core/Src/testfil.o
 .debug_abbrev  0x000000000000124c      0x37b Core/Src/unity.o
 .debug_abbrev  0x00000000000015c7       0x12 Core/Startup/startup_stm32l476rgtx.o
 .debug_abbrev  0x00000000000015d9      0x1fb Drivers/STM32L4xx_HAL_Driver/Src/stm32l4xx_hal.o
 .debug_abbrev  0x00000000000017d4      0x2fa Drivers/STM32L4xx_HAL_Driver/Src/stm32l4xx_hal_cortex.o
 .debug_abbrev  0x0000000000001ace      0x1c0 Drivers/STM32L4xx_HAL_Driver/Src/stm32l4xx_hal_gpio.o
 .debug_abbrev  0x0000000000001c8e      0x22a Drivers/STM32L4xx_HAL_Driver/Src/stm32l4xx_hal_i2c.o
 .debug_abbrev  0x0000000000001eb8      0x1b9 Drivers/STM32L4xx_HAL_Driver/Src/stm32l4xx_hal_i2c_ex.o
 .debug_abbrev  0x0000000000002071      0x1cb Drivers/STM32L4xx_HAL_Driver/Src/stm32l4xx_hal_pwr_ex.o
 .debug_abbrev  0x000000000000223c      0x245 Drivers/STM32L4xx_HAL_Driver/Src/stm32l4xx_hal_rcc.o
 .debug_abbrev  0x0000000000002481      0x238 Drivers/STM32L4xx_HAL_Driver/Src/stm32l4xx_hal_rcc_ex.o
 .debug_abbrev  0x00000000000026b9      0x230 Drivers/STM32L4xx_HAL_Driver/Src/stm32l4xx_hal_tim.o
 .debug_abbrev  0x00000000000028e9      0x236 Drivers/STM32L4xx_HAL_Driver/Src/stm32l4xx_hal_tim_ex.o

.debug_aranges  0x0000000000000000     0x11f8
 .debug_aranges
                0x0000000000000000       0x50 Core/Src/Luftkvalitetsensor_funktioner.o
 .debug_aranges
                0x0000000000000050       0x20 Core/Src/gpio.o
 .debug_aranges
                0x0000000000000070       0x40 Core/Src/i2c.o
 .debug_aranges
                0x00000000000000b0       0x48 Core/Src/main.o
 .debug_aranges
                0x00000000000000f8       0x20 Core/Src/stm32l4xx_hal_msp.o
 .debug_aranges
                0x0000000000000118       0x30 Core/Src/stm32l4xx_hal_timebase_tim.o
 .debug_aranges
                0x0000000000000148       0x68 Core/Src/stm32l4xx_it.o
 .debug_aranges
                0x00000000000001b0       0xa8 Core/Src/syscalls.o
 .debug_aranges
                0x0000000000000258       0x20 Core/Src/sysmem.o
 .debug_aranges
                0x0000000000000278       0x28 Core/Src/system_stm32l4xx.o
 .debug_aranges
                0x00000000000002a0       0x70 Core/Src/testfil.o
 .debug_aranges
                0x0000000000000310      0x150 Core/Src/unity.o
 .debug_aranges
                0x0000000000000460       0x28 Core/Startup/startup_stm32l476rgtx.o
 .debug_aranges
                0x0000000000000488      0x130 Drivers/STM32L4xx_HAL_Driver/Src/stm32l4xx_hal.o
 .debug_aranges
                0x00000000000005b8      0x118 Drivers/STM32L4xx_HAL_Driver/Src/stm32l4xx_hal_cortex.o
 .debug_aranges
                0x00000000000006d0       0x58 Drivers/STM32L4xx_HAL_Driver/Src/stm32l4xx_hal_gpio.o
 .debug_aranges
                0x0000000000000728      0x290 Drivers/STM32L4xx_HAL_Driver/Src/stm32l4xx_hal_i2c.o
 .debug_aranges
                0x00000000000009b8       0x48 Drivers/STM32L4xx_HAL_Driver/Src/stm32l4xx_hal_i2c_ex.o
 .debug_aranges
                0x0000000000000a00      0x150 Drivers/STM32L4xx_HAL_Driver/Src/stm32l4xx_hal_pwr_ex.o
 .debug_aranges
                0x0000000000000b50       0x88 Drivers/STM32L4xx_HAL_Driver/Src/stm32l4xx_hal_rcc.o
 .debug_aranges
                0x0000000000000bd8       0xc0 Drivers/STM32L4xx_HAL_Driver/Src/stm32l4xx_hal_rcc_ex.o
 .debug_aranges
                0x0000000000000c98      0x3e0 Drivers/STM32L4xx_HAL_Driver/Src/stm32l4xx_hal_tim.o
 .debug_aranges
                0x0000000000001078      0x180 Drivers/STM32L4xx_HAL_Driver/Src/stm32l4xx_hal_tim_ex.o

.debug_ranges   0x0000000000000000     0x1090
 .debug_ranges  0x0000000000000000       0x40 Core/Src/Luftkvalitetsensor_funktioner.o
 .debug_ranges  0x0000000000000040       0x10 Core/Src/gpio.o
 .debug_ranges  0x0000000000000050       0x30 Core/Src/i2c.o
 .debug_ranges  0x0000000000000080       0x38 Core/Src/main.o
 .debug_ranges  0x00000000000000b8       0x10 Core/Src/stm32l4xx_hal_msp.o
 .debug_ranges  0x00000000000000c8       0x20 Core/Src/stm32l4xx_hal_timebase_tim.o
 .debug_ranges  0x00000000000000e8       0x58 Core/Src/stm32l4xx_it.o
 .debug_ranges  0x0000000000000140       0x98 Core/Src/syscalls.o
 .debug_ranges  0x00000000000001d8       0x10 Core/Src/sysmem.o
 .debug_ranges  0x00000000000001e8       0x18 Core/Src/system_stm32l4xx.o
 .debug_ranges  0x0000000000000200       0x60 Core/Src/testfil.o
 .debug_ranges  0x0000000000000260      0x140 Core/Src/unity.o
 .debug_ranges  0x00000000000003a0       0x20 Core/Startup/startup_stm32l476rgtx.o
 .debug_ranges  0x00000000000003c0      0x120 Drivers/STM32L4xx_HAL_Driver/Src/stm32l4xx_hal.o
 .debug_ranges  0x00000000000004e0      0x108 Drivers/STM32L4xx_HAL_Driver/Src/stm32l4xx_hal_cortex.o
 .debug_ranges  0x00000000000005e8       0x48 Drivers/STM32L4xx_HAL_Driver/Src/stm32l4xx_hal_gpio.o
 .debug_ranges  0x0000000000000630      0x280 Drivers/STM32L4xx_HAL_Driver/Src/stm32l4xx_hal_i2c.o
 .debug_ranges  0x00000000000008b0       0x38 Drivers/STM32L4xx_HAL_Driver/Src/stm32l4xx_hal_i2c_ex.o
 .debug_ranges  0x00000000000008e8      0x140 Drivers/STM32L4xx_HAL_Driver/Src/stm32l4xx_hal_pwr_ex.o
 .debug_ranges  0x0000000000000a28       0x78 Drivers/STM32L4xx_HAL_Driver/Src/stm32l4xx_hal_rcc.o
 .debug_ranges  0x0000000000000aa0       0xb0 Drivers/STM32L4xx_HAL_Driver/Src/stm32l4xx_hal_rcc_ex.o
 .debug_ranges  0x0000000000000b50      0x3d0 Drivers/STM32L4xx_HAL_Driver/Src/stm32l4xx_hal_tim.o
 .debug_ranges  0x0000000000000f20      0x170 Drivers/STM32L4xx_HAL_Driver/Src/stm32l4xx_hal_tim_ex.o

.debug_macro    0x0000000000000000    0x29980
 .debug_macro   0x0000000000000000      0x202 Core/Src/Luftkvalitetsensor_funktioner.o
 .debug_macro   0x0000000000000202      0xa5a Core/Src/Luftkvalitetsensor_funktioner.o
 .debug_macro   0x0000000000000c5c      0x1a7 Core/Src/Luftkvalitetsensor_funktioner.o
 .debug_macro   0x0000000000000e03       0x2e Core/Src/Luftkvalitetsensor_funktioner.o
 .debug_macro   0x0000000000000e31       0x28 Core/Src/Luftkvalitetsensor_funktioner.o
 .debug_macro   0x0000000000000e59       0x22 Core/Src/Luftkvalitetsensor_funktioner.o
 .debug_macro   0x0000000000000e7b       0x8e Core/Src/Luftkvalitetsensor_funktioner.o
 .debug_macro   0x0000000000000f09       0x51 Core/Src/Luftkvalitetsensor_funktioner.o
 .debug_macro   0x0000000000000f5a       0xef Core/Src/Luftkvalitetsensor_funktioner.o
 .debug_macro   0x0000000000001049       0x6a Core/Src/Luftkvalitetsensor_funktioner.o
 .debug_macro   0x00000000000010b3      0x1df Core/Src/Luftkvalitetsensor_funktioner.o
 .debug_macro   0x0000000000001292       0x1c Core/Src/Luftkvalitetsensor_funktioner.o
 .debug_macro   0x00000000000012ae       0x22 Core/Src/Luftkvalitetsensor_funktioner.o
 .debug_macro   0x00000000000012d0      0x101 Core/Src/Luftkvalitetsensor_funktioner.o
 .debug_macro   0x00000000000013d1     0x1011 Core/Src/Luftkvalitetsensor_funktioner.o
 .debug_macro   0x00000000000023e2      0x11f Core/Src/Luftkvalitetsensor_funktioner.o
 .debug_macro   0x0000000000002501    0x1a13d Core/Src/Luftkvalitetsensor_funktioner.o
 .debug_macro   0x000000000001c63e       0x43 Core/Src/Luftkvalitetsensor_funktioner.o
 .debug_macro   0x000000000001c681     0x3890 Core/Src/Luftkvalitetsensor_funktioner.o
 .debug_macro   0x000000000001ff11      0x174 Core/Src/Luftkvalitetsensor_funktioner.o
 .debug_macro   0x0000000000020085       0x5c Core/Src/Luftkvalitetsensor_funktioner.o
 .debug_macro   0x00000000000200e1     0x155f Core/Src/Luftkvalitetsensor_funktioner.o
 .debug_macro   0x0000000000021640      0x59e Core/Src/Luftkvalitetsensor_funktioner.o
 .debug_macro   0x0000000000021bde      0x13d Core/Src/Luftkvalitetsensor_funktioner.o
 .debug_macro   0x0000000000021d1b      0x18b Core/Src/Luftkvalitetsensor_funktioner.o
 .debug_macro   0x0000000000021ea6      0x26b Core/Src/Luftkvalitetsensor_funktioner.o
 .debug_macro   0x0000000000022111      0x23d Core/Src/Luftkvalitetsensor_funktioner.o
 .debug_macro   0x000000000002234e      0x241 Core/Src/Luftkvalitetsensor_funktioner.o
 .debug_macro   0x000000000002258f      0x37c Core/Src/Luftkvalitetsensor_funktioner.o
 .debug_macro   0x000000000002290b       0xd6 Core/Src/Luftkvalitetsensor_funktioner.o
 .debug_macro   0x00000000000229e1      0x22c Core/Src/Luftkvalitetsensor_funktioner.o
 .debug_macro   0x0000000000022c0d       0x61 Core/Src/Luftkvalitetsensor_funktioner.o
 .debug_macro   0x0000000000022c6e       0xa5 Core/Src/Luftkvalitetsensor_funktioner.o
 .debug_macro   0x0000000000022d13      0x122 Core/Src/Luftkvalitetsensor_funktioner.o
 .debug_macro   0x0000000000022e35      0x3e9 Core/Src/Luftkvalitetsensor_funktioner.o
 .debug_macro   0x000000000002321e      0xa75 Core/Src/Luftkvalitetsensor_funktioner.o
 .debug_macro   0x0000000000023c93      0x1e7 Core/Src/Luftkvalitetsensor_funktioner.o
 .debug_macro   0x0000000000023e7a      0x331 Core/Src/Luftkvalitetsensor_funktioner.o
 .debug_macro   0x00000000000241ab       0x28 Core/Src/Luftkvalitetsensor_funktioner.o
 .debug_macro   0x00000000000241d3      0x1de Core/Src/gpio.o
 .debug_macro   0x00000000000243b1      0x1de Core/Src/i2c.o
 .debug_macro   0x000000000002458f      0x3c7 Core/Src/main.o
 .debug_macro   0x0000000000024956       0x28 Core/Src/main.o
 .debug_macro   0x000000000002497e       0x46 Core/Src/main.o
 .debug_macro   0x00000000000249c4       0x18 Core/Src/main.o
 .debug_macro   0x00000000000249dc       0x3c Core/Src/main.o
 .debug_macro   0x0000000000024a18       0x34 Core/Src/main.o
 .debug_macro   0x0000000000024a4c       0x52 Core/Src/main.o
 .debug_macro   0x0000000000024a9e       0x1f Core/Src/main.o
 .debug_macro   0x0000000000024abd       0x43 Core/Src/main.o
 .debug_macro   0x0000000000024b00       0x20 Core/Src/main.o
 .debug_macro   0x0000000000024b20      0x1a3 Core/Src/main.o
 .debug_macro   0x0000000000024cc3      0x32a Core/Src/main.o
 .debug_macro   0x0000000000024fed      0x1e1 Core/Src/main.o
 .debug_macro   0x00000000000251ce       0x2b Core/Src/main.o
 .debug_macro   0x00000000000251f9      0x118 Core/Src/main.o
 .debug_macro   0x0000000000025311       0x5b Core/Src/main.o
 .debug_macro   0x000000000002536c       0x1c Core/Src/main.o
 .debug_macro   0x0000000000025388       0x35 Core/Src/main.o
 .debug_macro   0x00000000000253bd       0x10 Core/Src/main.o
 .debug_macro   0x00000000000253cd       0x10 Core/Src/main.o
 .debug_macro   0x00000000000253dd       0x1c Core/Src/main.o
 .debug_macro   0x00000000000253f9       0x52 Core/Src/main.o
 .debug_macro   0x000000000002544b       0x40 Core/Src/main.o
 .debug_macro   0x000000000002548b       0x10 Core/Src/main.o
 .debug_macro   0x000000000002549b       0x40 Core/Src/main.o
 .debug_macro   0x00000000000254db       0xd7 Core/Src/main.o
 .debug_macro   0x00000000000255b2       0x1c Core/Src/main.o
 .debug_macro   0x00000000000255ce       0x3d Core/Src/main.o
 .debug_macro   0x000000000002560b       0x16 Core/Src/main.o
 .debug_macro   0x0000000000025621      0x145 Core/Src/main.o
 .debug_macro   0x0000000000025766      0x5fa Core/Src/main.o
 .debug_macro   0x0000000000025d60      0xc23 Core/Src/main.o
 .debug_macro   0x0000000000026983      0x1d4 Core/Src/stm32l4xx_hal_msp.o
 .debug_macro   0x0000000000026b57      0x1c5 Core/Src/stm32l4xx_hal_timebase_tim.o
 .debug_macro   0x0000000000026d1c      0x1de Core/Src/stm32l4xx_it.o
 .debug_macro   0x0000000000026efa      0x243 Core/Src/syscalls.o
 .debug_macro   0x000000000002713d       0x40 Core/Src/syscalls.o
 .debug_macro   0x000000000002717d       0x94 Core/Src/syscalls.o
 .debug_macro   0x0000000000027211       0x57 Core/Src/syscalls.o
 .debug_macro   0x0000000000027268      0x330 Core/Src/syscalls.o
 .debug_macro   0x0000000000027598       0x10 Core/Src/syscalls.o
 .debug_macro   0x00000000000275a8       0x10 Core/Src/syscalls.o
 .debug_macro   0x00000000000275b8       0x10 Core/Src/syscalls.o
 .debug_macro   0x00000000000275c8       0x35 Core/Src/syscalls.o
 .debug_macro   0x00000000000275fd      0x122 Core/Src/syscalls.o
 .debug_macro   0x000000000002771f       0x16 Core/Src/syscalls.o
 .debug_macro   0x0000000000027735       0x16 Core/Src/syscalls.o
 .debug_macro   0x000000000002774b       0x29 Core/Src/syscalls.o
 .debug_macro   0x0000000000027774       0x10 Core/Src/syscalls.o
 .debug_macro   0x0000000000027784      0x241 Core/Src/syscalls.o
 .debug_macro   0x00000000000279c5       0x10 Core/Src/syscalls.o
 .debug_macro   0x00000000000279d5      0x189 Core/Src/syscalls.o
 .debug_macro   0x0000000000027b5e       0x16 Core/Src/syscalls.o
 .debug_macro   0x0000000000027b74       0x88 Core/Src/syscalls.o
 .debug_macro   0x0000000000027bfc       0xee Core/Src/sysmem.o
 .debug_macro   0x0000000000027cea      0x23b Core/Src/sysmem.o
 .debug_macro   0x0000000000027f25      0x1cb Core/Src/system_stm32l4xx.o
 .debug_macro   0x00000000000280f0      0x245 Core/Src/testfil.o
 .debug_macro   0x0000000000028335      0x294 Core/Src/unity.o
 .debug_macro   0x00000000000285c9       0x16 Core/Src/unity.o
 .debug_macro   0x00000000000285df      0x213 Drivers/STM32L4xx_HAL_Driver/Src/stm32l4xx_hal.o
 .debug_macro   0x00000000000287f2      0x1c5 Drivers/STM32L4xx_HAL_Driver/Src/stm32l4xx_hal_cortex.o
 .debug_macro   0x00000000000289b7      0x204 Drivers/STM32L4xx_HAL_Driver/Src/stm32l4xx_hal_gpio.o
 .debug_macro   0x0000000000028bbb      0x28a Drivers/STM32L4xx_HAL_Driver/Src/stm32l4xx_hal_i2c.o
 .debug_macro   0x0000000000028e45      0x1c5 Drivers/STM32L4xx_HAL_Driver/Src/stm32l4xx_hal_i2c_ex.o
 .debug_macro   0x000000000002900a      0x1e9 Drivers/STM32L4xx_HAL_Driver/Src/stm32l4xx_hal_pwr_ex.o
 .debug_macro   0x00000000000291f3      0x207 Drivers/STM32L4xx_HAL_Driver/Src/stm32l4xx_hal_rcc.o
 .debug_macro   0x00000000000293fa      0x1fb Drivers/STM32L4xx_HAL_Driver/Src/stm32l4xx_hal_rcc_ex.o
 .debug_macro   0x00000000000295f5      0x1c6 Drivers/STM32L4xx_HAL_Driver/Src/stm32l4xx_hal_tim.o
 .debug_macro   0x00000000000297bb      0x1c5 Drivers/STM32L4xx_HAL_Driver/Src/stm32l4xx_hal_tim_ex.o

.debug_line     0x0000000000000000     0xfaf0
 .debug_line    0x0000000000000000      0x740 Core/Src/Luftkvalitetsensor_funktioner.o
 .debug_line    0x0000000000000740      0x6cf Core/Src/gpio.o
 .debug_line    0x0000000000000e0f      0x763 Core/Src/i2c.o
 .debug_line    0x0000000000001572      0xa7e Core/Src/main.o
 .debug_line    0x0000000000001ff0      0x6c0 Core/Src/stm32l4xx_hal_msp.o
 .debug_line    0x00000000000026b0      0x6f4 Core/Src/stm32l4xx_hal_timebase_tim.o
 .debug_line    0x0000000000002da4      0x775 Core/Src/stm32l4xx_it.o
 .debug_line    0x0000000000003519      0x73e Core/Src/syscalls.o
 .debug_line    0x0000000000003c57      0x4c7 Core/Src/sysmem.o
 .debug_line    0x000000000000411e      0x6eb Core/Src/system_stm32l4xx.o
 .debug_line    0x0000000000004809      0x760 Core/Src/testfil.o
 .debug_line    0x0000000000004f69      0xf05 Core/Src/unity.o
 .debug_line    0x0000000000005e6e       0x87 Core/Startup/startup_stm32l476rgtx.o
 .debug_line    0x0000000000005ef5      0x962 Drivers/STM32L4xx_HAL_Driver/Src/stm32l4xx_hal.o
 .debug_line    0x0000000000006857      0x9e9 Drivers/STM32L4xx_HAL_Driver/Src/stm32l4xx_hal_cortex.o
 .debug_line    0x0000000000007240      0x87c Drivers/STM32L4xx_HAL_Driver/Src/stm32l4xx_hal_gpio.o
 .debug_line    0x0000000000007abc     0x1aa3 Drivers/STM32L4xx_HAL_Driver/Src/stm32l4xx_hal_i2c.o
 .debug_line    0x000000000000955f      0x804 Drivers/STM32L4xx_HAL_Driver/Src/stm32l4xx_hal_i2c_ex.o
 .debug_line    0x0000000000009d63      0xa75 Drivers/STM32L4xx_HAL_Driver/Src/stm32l4xx_hal_pwr_ex.o
 .debug_line    0x000000000000a7d8      0x9d8 Drivers/STM32L4xx_HAL_Driver/Src/stm32l4xx_hal_rcc.o
 .debug_line    0x000000000000b1b0      0xc6e Drivers/STM32L4xx_HAL_Driver/Src/stm32l4xx_hal_rcc_ex.o
 .debug_line    0x000000000000be1e     0x2781 Drivers/STM32L4xx_HAL_Driver/Src/stm32l4xx_hal_tim.o
 .debug_line    0x000000000000e59f     0x1551 Drivers/STM32L4xx_HAL_Driver/Src/stm32l4xx_hal_tim_ex.o

.debug_str      0x0000000000000000   0x10c355
 .debug_str     0x0000000000000000    0xe70ce Core/Src/Luftkvalitetsensor_funktioner.o
                                      0xe7425 (size before relaxing)
 .debug_str     0x00000000000e70ce      0x1fe Core/Src/gpio.o
                                      0xe707b (size before relaxing)
 .debug_str     0x00000000000e72cc       0x65 Core/Src/i2c.o
                                      0xe752b (size before relaxing)
 .debug_str     0x00000000000e7331    0x1edf4 Core/Src/main.o
                                     0x106366 (size before relaxing)
 .debug_str     0x0000000000106125       0x2c Core/Src/stm32l4xx_hal_msp.o
                                      0xe6fdb (size before relaxing)
 .debug_str     0x0000000000106151      0x4d7 Core/Src/stm32l4xx_hal_timebase_tim.o
                                      0xe79f5 (size before relaxing)
 .debug_str     0x0000000000106628       0xd6 Core/Src/stm32l4xx_it.o
                                      0xe7402 (size before relaxing)
 .debug_str     0x00000000001066fe     0x11f0 Core/Src/syscalls.o
                                       0x88ad (size before relaxing)
 .debug_str     0x00000000001078ee       0x6b Core/Src/sysmem.o
                                       0x5f7b (size before relaxing)
 .debug_str     0x0000000000107959       0xcd Core/Src/system_stm32l4xx.o
                                      0xe6ff3 (size before relaxing)
 .debug_str     0x0000000000107a26      0x21d Core/Src/testfil.o
                                      0x229d7 (size before relaxing)
 .debug_str     0x0000000000107c43      0xcbe Core/Src/unity.o
                                      0x23705 (size before relaxing)
 .debug_str     0x0000000000108901       0x36 Core/Startup/startup_stm32l476rgtx.o
                                         0x88 (size before relaxing)
 .debug_str     0x0000000000108937      0x5d7 Drivers/STM32L4xx_HAL_Driver/Src/stm32l4xx_hal.o
                                      0xe7b43 (size before relaxing)
 .debug_str     0x0000000000108f0e      0x389 Drivers/STM32L4xx_HAL_Driver/Src/stm32l4xx_hal_cortex.o
                                      0xe7847 (size before relaxing)
 .debug_str     0x0000000000109297      0x23b Drivers/STM32L4xx_HAL_Driver/Src/stm32l4xx_hal_gpio.o
                                      0xe7272 (size before relaxing)
 .debug_str     0x00000000001094d2      0xd49 Drivers/STM32L4xx_HAL_Driver/Src/stm32l4xx_hal_i2c.o
                                      0xe8104 (size before relaxing)
 .debug_str     0x000000000010a21b       0xb8 Drivers/STM32L4xx_HAL_Driver/Src/stm32l4xx_hal_i2c_ex.o
                                      0xe74fc (size before relaxing)
 .debug_str     0x000000000010a2d3      0x4b4 Drivers/STM32L4xx_HAL_Driver/Src/stm32l4xx_hal_pwr_ex.o
                                      0xe750e (size before relaxing)
 .debug_str     0x000000000010a787      0x339 Drivers/STM32L4xx_HAL_Driver/Src/stm32l4xx_hal_rcc.o
                                      0xe75b5 (size before relaxing)
 .debug_str     0x000000000010aac0      0x3a6 Drivers/STM32L4xx_HAL_Driver/Src/stm32l4xx_hal_rcc_ex.o
                                      0xe7746 (size before relaxing)
 .debug_str     0x000000000010ae66      0xe6b Drivers/STM32L4xx_HAL_Driver/Src/stm32l4xx_hal_tim.o