UartRingbuffer.c:19:6:Ringbuf_init	8	static
UartRingbuffer.c:32:6:store_char	24	static
UartRingbuffer.c:46:5:Uart_read	16	static
UartRingbuffer.c:59:6:Uart_write	24	static
UartRingbuffer.c:71:5:IsDataAvailable	4	static
UartRingbuffer.c:76:10:get_pos	40	static
UartRingbuffer.c:114:6:Uart_sendArray	24	static
UartRingbuffer.c:122:6:Uart_sendstring	16	static
UartRingbuffer.c:127:6:Uart_printbase	64	static
UartRingbuffer.c:146:6:Get_string	32	static
UartRingbuffer.c:172:5:wait_until	32	static
UartRingbuffer.c:201:6:flush	4	static
UartRingbuffer.c:206:6:Uart_isr	32	static
