unit_test.c:18:6:setUp	4	static
unit_test.c:21:6:tearDown	4	static
unit_test.c:24:6:test_esp8266_init	8	static
unit_test.c:34:6:test_esp8266_wifi_connect	264	static
unit_test.c:40:6:test_esp8266_web_connection	344	static
unit_test.c:49:6:test_esp8266_web_request	440	static
unit_test.c:65:6:unit_test	8	static
unit_test.c:91:6:test_esp8266_at_rst	8	static
unit_test.c:95:6:test_esp8266_at	8	static
unit_test.c:99:6:test_esp8266_at_cwqap	8	static
unit_test.c:103:6:test_esp8266_at_cwmode_1	8	static
unit_test.c:107:6:test_esp8266_at_cwmode_1_verify	8	static
unit_test.c:111:6:test_esp8266_at_cwjap_verify	8	static
unit_test.c:115:6:test_esp8266_at_cipmux_set_single	8	static
unit_test.c:119:6:test_esp8266_at_cipmux_verify	8	static
unit_test.c:123:6:test_esp8266_at_send	16	static
unit_test.c:127:6:test_esp8266_send_data	16	static
