unit_test.c:15:6:setUp	4	static
unit_test.c:18:6:tearDown	4	static
unit_test.c:21:6:test_esp8266_init	8	static
unit_test.c:31:6:test_esp8266_wifi_connect	264	static
unit_test.c:37:6:test_esp8266_web_connection	344	static
unit_test.c:46:6:test_esp8266_web_request	416	static
unit_test.c:60:6:unit_test	8	static
unit_test.c:86:6:test_esp8266_at_rst	8	static
unit_test.c:90:6:test_esp8266_at	8	static
unit_test.c:94:6:test_esp8266_at_cwqap	8	static
unit_test.c:98:6:test_esp8266_at_cwmode_1	8	static
unit_test.c:102:6:test_esp8266_at_cwmode_1_verify	8	static
unit_test.c:106:6:test_esp8266_at_cwjap_verify	8	static
unit_test.c:110:6:test_esp8266_at_cipmux_set_single	8	static
unit_test.c:114:6:test_esp8266_at_cipmux_verify	8	static
unit_test.c:118:6:test_esp8266_at_send	16	static
unit_test.c:122:6:test_esp8266_send_data	16	static
