unity.c:84:13:UnityPrintChar	16	static
unity.c:134:6:UnityPrint	24	static
unity.c:156:6:UnityPrintLen	24	static
unity.c:194:6:UnityPrintNumberByStyle	16	static
unity.c:245:6:UnityPrintNumber	24	static
unity.c:260:6:UnityPrintNumberUnsigned	24	static
unity.c:279:6:UnityPrintNumberHex	24	static
unity.c:305:6:UnityPrintMask	24	static
unity.c:340:6:UnityPrintFloat	72	static
unity.c:494:13:UnityTestResultsBegin	16	static
unity.c:537:13:UnityTestResultsFailBegin	16	static
unity.c:547:6:UnityConcludeTest	8	static
unity.c:574:13:UnityAddMsgIfSpecified	16	static
unity.c:601:13:UnityPrintExpectedAndActualStrings	16	static
unity.c:638:13:UnityPrintExpectedAndActualStringsLen	24	static
unity.c:671:12:UnityIsOneArrayNull	24	static
unity.c:705:6:UnityAssertBits	24	static
unity.c:726:6:UnityAssertEqualNumber	24	static
unity.c:757:6:UnityAssertGreaterOrLessOrEqualNumber	32	static
unity.c:804:6:UnityAssertEqualIntArray	48	static
unity.c:927:12:UnityFloatsWithin	32	static
unity.c:934:6:UnityAssertEqualFloatArray	40	static
unity.c:982:6:UnityAssertFloatsWithin	32	static
unity.c:1001:6:UnityAssertFloatSpecial	64	static
unity.c:1207:6:UnityAssertNumbersWithin	24	static
unity.c:1254:6:UnityAssertNumbersArrayWithin	48	static
unity.c:1374:6:UnityAssertEqualString	32	static
unity.c:1417:6:UnityAssertEqualStringLen	32	static
unity.c:1457:6:UnityAssertEqualStringArray	40	static
unity.c:1536:6:UnityAssertEqualMemory	40	static
unity.c:1617:20:UnityNumToPtr	16	static
unity.c:1643:20:UnityFloatToPtr	16	static
unity.c:1791:6:UnityFail	16	static
unity.c:1828:6:UnityIgnore	16	static
unity.c:1844:6:UnityMessage	16	static
unity.c:1861:6:UnityDefaultTestRun	24	static
unity.c:1885:6:UnitySetTestFile	16	static
unity.c:1891:6:UnityBegin	16	static
unity.c:1907:5:UnityEnd	8	static
