unity.c:84:13:UnityPrintChar	16	static
unity.c:134:6:UnityPrint	24	static
unity.c:156:6:UnityPrintLen	24	static
unity.c:194:6:UnityPrintNumberByStyle	16	static
unity.c:245:6:UnityPrintNumber	24	static
unity.c:260:6:UnityPrintNumberUnsigned	24	static
unity.c:279:6:UnityPrintNumberHex	24	static
unity.c:305:6:UnityPrintMask	24	static
unity.c:340:6:UnityPrintFloat	72	static
unity.c:494:13:UnityTestResultsBegin	16	static
unity.c:537:13:UnityTestResultsFailBegin	16	static
unity.c:546:6:UnityConcludeTest	8	static
unity.c:572:13:UnityAddMsgIfSpecified	16	static
unity.c:599:13:UnityPrintExpectedAndActualStrings	16	static
unity.c:636:13:UnityPrintExpectedAndActualStringsLen	24	static
unity.c:669:12:UnityIsOneArrayNull	24	static
unity.c:703:6:UnityAssertBits	24	static
unity.c:724:6:UnityAssertEqualNumber	24	static
unity.c:755:6:UnityAssertGreaterOrLessOrEqualNumber	32	static
unity.c:802:6:UnityAssertEqualIntArray	48	static
unity.c:925:12:UnityFloatsWithin	32	static
unity.c:932:6:UnityAssertEqualFloatArray	40	static
unity.c:980:6:UnityAssertFloatsWithin	32	static
unity.c:999:6:UnityAssertFloatSpecial	64	static
unity.c:1205:6:UnityAssertNumbersWithin	24	static
unity.c:1252:6:UnityAssertNumbersArrayWithin	48	static
unity.c:1372:6:UnityAssertEqualString	32	static
unity.c:1415:6:UnityAssertEqualStringLen	32	static
unity.c:1455:6:UnityAssertEqualStringArray	40	static
unity.c:1534:6:UnityAssertEqualMemory	40	static
unity.c:1615:20:UnityNumToPtr	16	static
unity.c:1641:20:UnityFloatToPtr	16	static
unity.c:1789:6:UnityFail	16	static
unity.c:1826:6:UnityIgnore	16	static
unity.c:1842:6:UnityMessage	16	static
unity.c:1859:6:UnityDefaultTestRun	24	static
unity.c:1883:6:UnitySetTestFile	16	static
unity.c:1889:6:UnityBegin	16	static
unity.c:1905:5:UnityEnd	8	static
