unity.c:82:13:UnityPrintChar	16	static
unity.c:132:6:UnityPrint	24	static
unity.c:154:6:UnityPrintLen	24	static
unity.c:192:6:UnityPrintNumberByStyle	16	static
unity.c:243:6:UnityPrintNumber	24	static
unity.c:258:6:UnityPrintNumberUnsigned	24	static
unity.c:277:6:UnityPrintNumberHex	24	static
unity.c:303:6:UnityPrintMask	24	static
unity.c:338:6:UnityPrintFloat	72	static
unity.c:492:13:UnityTestResultsBegin	16	static
unity.c:535:13:UnityTestResultsFailBegin	16	static
unity.c:544:6:UnityConcludeTest	8	static
unity.c:570:13:UnityAddMsgIfSpecified	16	static
unity.c:597:13:UnityPrintExpectedAndActualStrings	16	static
unity.c:634:13:UnityPrintExpectedAndActualStringsLen	24	static
unity.c:667:12:UnityIsOneArrayNull	24	static
unity.c:701:6:UnityAssertBits	24	static
unity.c:722:6:UnityAssertEqualNumber	24	static
unity.c:753:6:UnityAssertGreaterOrLessOrEqualNumber	32	static
unity.c:800:6:UnityAssertEqualIntArray	48	static
unity.c:923:12:UnityFloatsWithin	32	static
unity.c:930:6:UnityAssertEqualFloatArray	40	static
unity.c:978:6:UnityAssertFloatsWithin	32	static
unity.c:997:6:UnityAssertFloatSpecial	64	static
unity.c:1203:6:UnityAssertNumbersWithin	24	static
unity.c:1250:6:UnityAssertNumbersArrayWithin	48	static
unity.c:1370:6:UnityAssertEqualString	32	static
unity.c:1413:6:UnityAssertEqualStringLen	32	static
unity.c:1453:6:UnityAssertEqualStringArray	40	static
unity.c:1532:6:UnityAssertEqualMemory	40	static
unity.c:1613:20:UnityNumToPtr	16	static
unity.c:1639:20:UnityFloatToPtr	16	static
unity.c:1787:6:UnityFail	16	static
unity.c:1824:6:UnityIgnore	16	static
unity.c:1840:6:UnityMessage	16	static
unity.c:1857:6:UnityDefaultTestRun	24	static
unity.c:1881:6:UnitySetTestFile	16	static
unity.c:1887:6:UnityBegin	16	static
unity.c:1903:5:UnityEnd	8	static
