Archive member included to satisfy reference by file (symbol)

c:/st/stm32cubeide_1.6.0/stm32cubeide/plugins/com.st.stm32cube.ide.mcu.externaltools.gnu-tools-for-stm32.9-2020-q2-update.win32_1.5.0.202011040924/tools/bin/../lib/gcc/arm-none-eabi/9.3.1/../../../../arm-none-eabi/lib/thumb/v7e-m+fp/hard\libc_nano.a(lib_a-errno.o)
                              Core/Src/syscalls.o (__errno)
c:/st/stm32cubeide_1.6.0/stm32cubeide/plugins/com.st.stm32cube.ide.mcu.externaltools.gnu-tools-for-stm32.9-2020-q2-update.win32_1.5.0.202011040924/tools/bin/../lib/gcc/arm-none-eabi/9.3.1/../../../../arm-none-eabi/lib/thumb/v7e-m+fp/hard\libc_nano.a(lib_a-exit.o)
                              c:/st/stm32cubeide_1.6.0/stm32cubeide/plugins/com.st.stm32cube.ide.mcu.externaltools.gnu-tools-for-stm32.9-2020-q2-update.win32_1.5.0.202011040924/tools/bin/../lib/gcc/arm-none-eabi/9.3.1/../../../../arm-none-eabi/lib/thumb/v7e-m+fp/hard/crt0.o (exit)
c:/st/stm32cubeide_1.6.0/stm32cubeide/plugins/com.st.stm32cube.ide.mcu.externaltools.gnu-tools-for-stm32.9-2020-q2-update.win32_1.5.0.202011040924/tools/bin/../lib/gcc/arm-none-eabi/9.3.1/../../../../arm-none-eabi/lib/thumb/v7e-m+fp/hard\libc_nano.a(lib_a-impure.o)
                              c:/st/stm32cubeide_1.6.0/stm32cubeide/plugins/com.st.stm32cube.ide.mcu.externaltools.gnu-tools-for-stm32.9-2020-q2-update.win32_1.5.0.202011040924/tools/bin/../lib/gcc/arm-none-eabi/9.3.1/../../../../arm-none-eabi/lib/thumb/v7e-m+fp/hard\libc_nano.a(lib_a-exit.o) (_global_impure_ptr)
c:/st/stm32cubeide_1.6.0/stm32cubeide/plugins/com.st.stm32cube.ide.mcu.externaltools.gnu-tools-for-stm32.9-2020-q2-update.win32_1.5.0.202011040924/tools/bin/../lib/gcc/arm-none-eabi/9.3.1/../../../../arm-none-eabi/lib/thumb/v7e-m+fp/hard\libc_nano.a(lib_a-init.o)
                              c:/st/stm32cubeide_1.6.0/stm32cubeide/plugins/com.st.stm32cube.ide.mcu.externaltools.gnu-tools-for-stm32.9-2020-q2-update.win32_1.5.0.202011040924/tools/bin/../lib/gcc/arm-none-eabi/9.3.1/../../../../arm-none-eabi/lib/thumb/v7e-m+fp/hard/crt0.o (__libc_init_array)
c:/st/stm32cubeide_1.6.0/stm32cubeide/plugins/com.st.stm32cube.ide.mcu.externaltools.gnu-tools-for-stm32.9-2020-q2-update.win32_1.5.0.202011040924/tools/bin/../lib/gcc/arm-none-eabi/9.3.1/../../../../arm-none-eabi/lib/thumb/v7e-m+fp/hard\libc_nano.a(lib_a-memset.o)
                              c:/st/stm32cubeide_1.6.0/stm32cubeide/plugins/com.st.stm32cube.ide.mcu.externaltools.gnu-tools-for-stm32.9-2020-q2-update.win32_1.5.0.202011040924/tools/bin/../lib/gcc/arm-none-eabi/9.3.1/../../../../arm-none-eabi/lib/thumb/v7e-m+fp/hard/crt0.o (memset)
c:/st/stm32cubeide_1.6.0/stm32cubeide/plugins/com.st.stm32cube.ide.mcu.externaltools.gnu-tools-for-stm32.9-2020-q2-update.win32_1.5.0.202011040924/tools/bin/../lib/gcc/arm-none-eabi/9.3.1/../../../../arm-none-eabi/lib/thumb/v7e-m+fp/hard\libc_nano.a(lib_a-printf.o)
                              Core/Src/unity.o (printf)
c:/st/stm32cubeide_1.6.0/stm32cubeide/plugins/com.st.stm32cube.ide.mcu.externaltools.gnu-tools-for-stm32.9-2020-q2-update.win32_1.5.0.202011040924/tools/bin/../lib/gcc/arm-none-eabi/9.3.1/../../../../arm-none-eabi/lib/thumb/v7e-m+fp/hard\libc_nano.a(lib_a-putchar.o)
                              Core/Src/unity.o (putchar)
c:/st/stm32cubeide_1.6.0/stm32cubeide/plugins/com.st.stm32cube.ide.mcu.externaltools.gnu-tools-for-stm32.9-2020-q2-update.win32_1.5.0.202011040924/tools/bin/../lib/gcc/arm-none-eabi/9.3.1/../../../../arm-none-eabi/lib/thumb/v7e-m+fp/hard\libc_nano.a(lib_a-puts.o)
                              Core/Src/unity.o (puts)
c:/st/stm32cubeide_1.6.0/stm32cubeide/plugins/com.st.stm32cube.ide.mcu.externaltools.gnu-tools-for-stm32.9-2020-q2-update.win32_1.5.0.202011040924/tools/bin/../lib/gcc/arm-none-eabi/9.3.1/../../../../arm-none-eabi/lib/thumb/v7e-m+fp/hard\libc_nano.a(lib_a-setjmp.o)
                              Core/Src/unity.o (setjmp)
c:/st/stm32cubeide_1.6.0/stm32cubeide/plugins/com.st.stm32cube.ide.mcu.externaltools.gnu-tools-for-stm32.9-2020-q2-update.win32_1.5.0.202011040924/tools/bin/../lib/gcc/arm-none-eabi/9.3.1/../../../../arm-none-eabi/lib/thumb/v7e-m+fp/hard\libc_nano.a(lib_a-sprintf.o)
                              Core/Src/ESP8266.o (sprintf)
c:/st/stm32cubeide_1.6.0/stm32cubeide/plugins/com.st.stm32cube.ide.mcu.externaltools.gnu-tools-for-stm32.9-2020-q2-update.win32_1.5.0.202011040924/tools/bin/../lib/gcc/arm-none-eabi/9.3.1/../../../../arm-none-eabi/lib/thumb/v7e-m+fp/hard\libc_nano.a(lib_a-strcmp.o)
                              Core/Src/ESP8266.o (strcmp)
c:/st/stm32cubeide_1.6.0/stm32cubeide/plugins/com.st.stm32cube.ide.mcu.externaltools.gnu-tools-for-stm32.9-2020-q2-update.win32_1.5.0.202011040924/tools/bin/../lib/gcc/arm-none-eabi/9.3.1/../../../../arm-none-eabi/lib/thumb/v7e-m+fp/hard\libc_nano.a(lib_a-strlen.o)
                              Core/Src/ESP8266.o (strlen)
[...]
Memory Configuration

Name             Origin             Length             Attributes
RAM              0x0000000020000000 0x0000000000018000 xrw
RAM2             0x0000000010000000 0x0000000000008000 xrw
FLASH            0x0000000008000000 0x0000000000100000 xr
*default*        0x0000000000000000 0xffffffffffffffff

Linker script and memory map

LOAD c:/st/stm32cubeide_1.6.0/stm32cubeide/plugins/com.st.stm32cube.ide.mcu.externaltools.gnu-tools-for-stm32.9-2020-q2-update.win32_1.5.0.202011040924/tools/bin/../lib/gcc/arm-none-eabi/9.3.1/thumb/v7e-m+fp/hard/crti.o
LOAD c:/st/stm32cubeide_1.6.0/stm32cubeide/plugins/com.st.stm32cube.ide.mcu.externaltools.gnu-tools-for-stm32.9-2020-q2-update.win32_1.5.0.202011040924/tools/bin/../lib/gcc/arm-none-eabi/9.3.1/thumb/v7e-m+fp/hard/crtbegin.o
LOAD c:/st/stm32cubeide_1.6.0/stm32cubeide/plugins/com.st.stm32cube.ide.mcu.externaltools.gnu-tools-for-stm32.9-2020-q2-update.win32_1.5.0.202011040924/tools/bin/../lib/gcc/arm-none-eabi/9.3.1/../../../../arm-none-eabi/lib/thumb/v7e-m+fp/hard/crt0.o
LOAD Core/Src/ESP8266.o
LOAD Core/Src/gpio.o
LOAD Core/Src/main.o
LOAD Core/Src/office_environment_monitor.o
LOAD Core/Src/stm32l4xx_hal_msp.o
LOAD Core/Src/stm32l4xx_it.o
LOAD Core/Src/syscalls.o
LOAD Core/Src/sysmem.o
LOAD Core/Src/system_stm32l4xx.o
LOAD Core/Src/unit_test.o
LOAD Core/Src/unity.o
LOAD Core/Src/usart.o
LOAD Core/Startup/startup_stm32l476rgtx.o
LOAD Drivers/STM32L4xx_HAL_Driver/Src/stm32l4xx_hal.o
LOAD Drivers/STM32L4xx_HAL_Driver/Src/stm32l4xx_hal_cortex.o
LOAD Drivers/STM32L4xx_HAL_Driver/Src/stm32l4xx_hal_dma.o
LOAD Drivers/STM32L4xx_HAL_Driver/Src/stm32l4xx_hal_dma_ex.o
LOAD Drivers/STM32L4xx_HAL_Driver/Src/stm32l4xx_hal_exti.o
LOAD Drivers/STM32L4xx_HAL_Driver/Src/stm32l4xx_hal_flash.o
LOAD Drivers/STM32L4xx_HAL_Driver/Src/stm32l4xx_hal_flash_ex.o
LOAD Drivers/STM32L4xx_HAL_Driver/Src/stm32l4xx_hal_flash_ramfunc.o
LOAD Drivers/STM32L4xx_HAL_Driver/Src/stm32l4xx_hal_gpio.o
LOAD Drivers/STM32L4xx_HAL_Driver/Src/stm32l4xx_hal_i2c.o
LOAD Drivers/STM32L4xx_HAL_Driver/Src/stm32l4xx_hal_i2c_ex.o
LOAD Drivers/STM32L4xx_HAL_Driver/Src/stm32l4xx_hal_pwr.o
LOAD Drivers/STM32L4xx_HAL_Driver/Src/stm32l4xx_hal_pwr_ex.o
LOAD Drivers/STM32L4xx_HAL_Driver/Src/stm32l4xx_hal_rcc.o
LOAD Drivers/STM32L4xx_HAL_Driver/Src/stm32l4xx_hal_rcc_ex.o
LOAD Drivers/STM32L4xx_HAL_Driver/Src/stm32l4xx_hal_tim.o
LOAD Drivers/STM32L4xx_HAL_Driver/Src/stm32l4xx_hal_tim_ex.o
LOAD Drivers/STM32L4xx_HAL_Driver/Src/stm32l4xx_hal_uart.o
LOAD Drivers/STM32L4xx_HAL_Driver/Src/stm32l4xx_hal_uart_ex.o
START GROUP
LOAD c:/st/stm32cubeide_1.6.0/stm32cubeide/plugins/com.st.stm32cube.ide.mcu.externaltools.gnu-tools-for-stm32.9-2020-q2-update.win32_1.5.0.202011040924/tools/bin/../lib/gcc/arm-none-eabi/9.3.1/../../../../arm-none-eabi/lib/thumb/v7e-m+fp/hard\libc_nano.a
LOAD c:/st/stm32cubeide_1.6.0/stm32cubeide/plugins/com.st.stm32cube.ide.mcu.externaltools.gnu-tools-for-stm32.9-2020-q2-update.win32_1.5.0.202011040924/tools/bin/../lib/gcc/arm-none-eabi/9.3.1/../../../../arm-none-eabi/lib/thumb/v7e-m+fp/hard\libm.a
END GROUP
START GROUP
LOAD c:/st/stm32cubeide_1.6.0/stm32cubeide/plugins/com.st.stm32cube.ide.mcu.externaltools.gnu-tools-for-stm32.9-2020-q2-update.win32_1.5.0.202011040924/tools/bin/../lib/gcc/arm-none-eabi/9.3.1/thumb/v7e-m+fp/hard\libgcc.a
LOAD c:/st/stm32cubeide_1.6.0/stm32cubeide/plugins/com.st.stm32cube.ide.mcu.externaltools.gnu-tools-for-stm32.9-2020-q2-update.win32_1.5.0.202011040924/tools/bin/../lib/gcc/arm-none-eabi/9.3.1/../../../../arm-none-eabi/lib/thumb/v7e-m+fp/hard\libc_nano.a
END GROUP
START GROUP
LOAD c:/st/stm32cubeide_1.6.0/stm32cubeide/plugins/com.st.stm32cube.ide.mcu.externaltools.gnu-tools-for-stm32.9-2020-q2-update.win32_1.5.0.202011040924/tools/bin/../lib/gcc/arm-none-eabi/9.3.1/thumb/v7e-m+fp/hard\libgcc.a
LOAD c:/st/stm32cubeide_1.6.0/stm32cubeide/plugins/com.st.stm32cube.ide.mcu.externaltools.gnu-tools-for-stm32.9-2020-q2-update.win32_1.5.0.202011040924/tools/bin/../lib/gcc/arm-none-eabi/9.3.1/../../../../arm-none-eabi/lib/thumb/v7e-m+fp/hard\libc_nano.a
LOAD c:/st/stm32cubeide_1.6.0/stm32cubeide/plugins/com.st.stm32cube.ide.mcu.externaltools.gnu-tools-for-stm32.9-2020-q2-update.win32_1.5.0.202011040924/tools/bin/../lib/gcc/arm-none-eabi/9.3.1/../../../../arm-none-eabi/lib/thumb/v7e-m+fp/hard\libnosys.a
END GROUP
START GROUP
LOAD c:/st/stm32cubeide_1.6.0/stm32cubeide/plugins/com.st.stm32cube.ide.mcu.externaltools.gnu-tools-for-stm32.9-2020-q2-update.win32_1.5.0.202011040924/tools/bin/../lib/gcc/arm-none-eabi/9.3.1/thumb/v7e-m+fp/hard\libgcc.a
LOAD c:/st/stm32cubeide_1.6.0/stm32cubeide/plugins/com.st.stm32cube.ide.mcu.externaltools.gnu-tools-for-stm32.9-2020-q2-update.win32_1.5.0.202011040924/tools/bin/../lib/gcc/arm-none-eabi/9.3.1/../../../../arm-none-eabi/lib/thumb/v7e-m+fp/hard\libc_nano.a
LOAD c:/st/stm32cubeide_1.6.0/stm32cubeide/plugins/com.st.stm32cube.ide.mcu.externaltools.gnu-tools-for-stm32.9-2020-q2-update.win32_1.5.0.202011040924/tools/bin/../lib/gcc/arm-none-eabi/9.3.1/../../../../arm-none-eabi/lib/thumb/v7e-m+fp/hard\libnosys.a
END GROUP
LOAD c:/st/stm32cubeide_1.6.0/stm32cubeide/plugins/com.st.stm32cube.ide.mcu.externaltools.gnu-tools-for-stm32.9-2020-q2-update.win32_1.5.0.202011040924/tools/bin/../lib/gcc/arm-none-eabi/9.3.1/thumb/v7e-m+fp/hard/crtend.o
LOAD c:/st/stm32cubeide_1.6.0/stm32cubeide/plugins/com.st.stm32cube.ide.mcu.externaltools.gnu-tools-for-stm32.9-2020-q2-update.win32_1.5.0.202011040924/tools/bin/../lib/gcc/arm-none-eabi/9.3.1/thumb/v7e-m+fp/hard/crtn.o
                0x0000000020018000                _estack = (ORIGIN (RAM) + LENGTH (RAM))
                0x0000000000000200                _Min_Heap_Size = 0x200
                0x0000000000000400                _Min_Stack_Size = 0x400

.isr_vector     0x0000000008000000      0x188
                0x0000000008000000                . = ALIGN (0x4)
 *(.isr_vector)
 .isr_vector    0x0000000008000000      0x188 Core/Startup/startup_stm32l476rgtx.o
                0x0000000008000000                g_pfnVectors
                0x0000000008000188                . = ALIGN (0x4)

.text           0x0000000008000188     0x3cd0
                0x0000000008000188                . = ALIGN (0x4)
 *(.text)
 .text          0x0000000008000188       0x40 c:/st/stm32cubeide_1.6.0/stm32cubeide/plugins/com.st.stm32cube.ide.mcu.externaltools.gnu-tools-for-stm32.9-2020-q2-update.win32_1.5.0.202011040924/tools/bin/../lib/gcc/arm-none-eabi/9.3.1/thumb/v7e-m+fp/hard/crtbegin.o
 .text          0x00000000080001c8       0x14 c:/st/stm32cubeide_1.6.0/stm32cubeide/plugins/com.st.stm32cube.ide.mcu.externaltools.gnu-tools-for-stm32.9-2020-q2-update.win32_1.5.0.202011040924/tools/bin/../lib/gcc/arm-none-eabi/9.3.1/../../../../arm-none-eabi/lib/thumb/v7e-m+fp/hard\libc_nano.a(lib_a-strcmp.o)
                0x00000000080001c8                strcmp
 .text          0x00000000080001dc       0x10 c:/st/stm32cubeide_1.6.0/stm32cubeide/plugins/com.st.stm32cube.ide.mcu.externaltools.gnu-tools-for-stm32.9-2020-q2-update.win32_1.5.0.202011040924/tools/bin/../lib/gcc/arm-none-eabi/9.3.1/../../../../arm-none-eabi/lib/thumb/v7e-m+fp/hard\libc_nano.a(lib_a-strlen.o)
                0x00000000080001dc                strlen
 .text          0x00000000080001ec       0x30 c:/st/stm32cubeide_1.6.0/stm32cubeide/plugins/com.st.stm32cube.ide.mcu.externaltools.gnu-tools-for-stm32.9-2020-q2-update.win32_1.5.0.202011040924/tools/bin/../lib/gcc/arm-none-eabi/9.3.1/thumb/v7e-m+fp/hard\libgcc.a(_aeabi_uldivmod.o)
                0x00000000080001ec                __aeabi_uldivmod
 .text          0x000000000800021c      0x2c4 c:/st/stm32cubeide_1.6.0/stm32cubeide/plugins/com.st.stm32cube.ide.mcu.externaltools.gnu-tools-for-stm32.9-2020-q2-update.win32_1.5.0.202011040924/tools/bin/../lib/gcc/arm-none-eabi/9.3.1/thumb/v7e-m+fp/hard\libgcc.a(_udivmoddi4.o)
                0x000000000800021c                __udivmoddi4
 .text          0x00000000080004e0        0x4 c:/st/stm32cubeide_1.6.0/stm32cubeide/plugins/com.st.stm32cube.ide.mcu.externaltools.gnu-tools-for-stm32.9-2020-q2-update.win32_1.5.0.202011040924/tools/bin/../lib/gcc/arm-none-eabi/9.3.1/thumb/v7e-m+fp/hard\libgcc.a(_dvmd_tls.o)
                0x00000000080004e0                __aeabi_idiv0
                0x00000000080004e0                __aeabi_ldiv0
 *(.text*)
 .text.init_uart_interrupt
                0x00000000080004e4       0x1c Core/Src/ESP8266.o
                0x00000000080004e4                init_uart_interrupt
 .text.HAL_UART_RxCpltCallback
                0x0000000008000500       0x50 Core/Src/ESP8266.o
                0x0000000008000500                HAL_UART_RxCpltCallback
 .text.hash     0x0000000008000550       0x3c Core/Src/ESP8266.o
                0x0000000008000550                hash
 .text.esp8266_send_command
                0x000000000800058c       0xa8 Core/Src/ESP8266.o
                0x000000000800058c                esp8266_send_command
 .text.esp8266_init
                0x0000000008000634       0xec Core/Src/ESP8266.o
                0x0000000008000634                esp8266_init
 .text.get_return
                0x0000000008000720      0x2f8 Core/Src/ESP8266.o
                0x0000000008000720                get_return
 .text.evaluate
                0x0000000008000a18       0x34 Core/Src/ESP8266.o
                0x0000000008000a18                evaluate
 .text.MX_GPIO_Init
                0x0000000008000a4c       0x30 Core/Src/gpio.o
                0x0000000008000a4c                MX_GPIO_Init
 .text.main     0x0000000008000a7c       0x1a Core/Src/main.o
                0x0000000008000a7c                main
 .text.SystemClock_Config
                0x0000000008000a96       0xea Core/Src/main.o
                0x0000000008000a96                SystemClock_Config
 .text.Error_Handler
                0x0000000008000b80        0xa Core/Src/main.o
                0x0000000008000b80                Error_Handler
 .text.office_environment_monitor
                0x0000000008000b8a       0x14 Core/Src/office_environment_monitor.o
                0x0000000008000b8a                office_environment_monitor
 .text.error_handler
                0x0000000008000b9e        0x6 Core/Src/office_environment_monitor.o
                0x0000000008000b9e                error_handler
 .text.esp8266_start
                0x0000000008000ba4       0x40 Core/Src/office_environment_monitor.o
                0x0000000008000ba4                esp8266_start
 .text.HAL_MspInit
                0x0000000008000be4       0x48 Core/Src/stm32l4xx_hal_msp.o
                0x0000000008000be4                HAL_MspInit
 .text.NMI_Handler
                0x0000000008000c2c        0x6 Core/Src/stm32l4xx_it.o
                0x0000000008000c2c                NMI_Handler
 .text.HardFault_Handler
                0x0000000008000c32        0x6 Core/Src/stm32l4xx_it.o
                0x0000000008000c32                HardFault_Handler
 .text.MemManage_Handler
                0x0000000008000c38        0x6 Core/Src/stm32l4xx_it.o
                0x0000000008000c38                MemManage_Handler
 .text.BusFault_Handler
                0x0000000008000c3e        0x6 Core/Src/stm32l4xx_it.o
                0x0000000008000c3e                BusFault_Handler
 .text.UsageFault_Handler
                0x0000000008000c44        0x6 Core/Src/stm32l4xx_it.o
                0x0000000008000c44                UsageFault_Handler
 .text.SVC_Handler
                0x0000000008000c4a        0xe Core/Src/stm32l4xx_it.o
                0x0000000008000c4a                SVC_Handler
 .text.DebugMon_Handler
                0x0000000008000c58        0xe Core/Src/stm32l4xx_it.o
                0x0000000008000c58                DebugMon_Handler
 .text.PendSV_Handler
                0x0000000008000c66        0xe Core/Src/stm32l4xx_it.o
                0x0000000008000c66                PendSV_Handler
 .text.SysTick_Handler
                0x0000000008000c74        0xc Core/Src/stm32l4xx_it.o
                0x0000000008000c74                SysTick_Handler
 .text.UART4_IRQHandler
                0x0000000008000c80       0x14 Core/Src/stm32l4xx_it.o
                0x0000000008000c80                UART4_IRQHandler
 .text.SystemInit
                0x0000000008000c94       0x64 Core/Src/system_stm32l4xx.o
                0x0000000008000c94                SystemInit
 .text.MX_UART4_Init
                0x0000000008000cf8       0x60 Core/Src/usart.o
                0x0000000008000cf8                MX_UART4_Init
 .text.HAL_UART_MspInit
                0x0000000008000d58       0x94 Core/Src/usart.o
                0x0000000008000d58                HAL_UART_MspInit
 .text.Reset_Handler
                0x0000000008000dec       0x50 Core/Startup/startup_stm32l476rgtx.o
                0x0000000008000dec                Reset_Handler
 .text.Default_Handler
                0x0000000008000e3c        0x2 Core/Startup/startup_stm32l476rgtx.o
                0x0000000008000e3c                RTC_Alarm_IRQHandler
                0x0000000008000e3c                EXTI2_IRQHandler
                0x0000000008000e3c                TIM8_TRG_COM_IRQHandler
                0x0000000008000e3c                TIM8_CC_IRQHandler
                0x0000000008000e3c                TIM1_CC_IRQHandler
                0x0000000008000e3c                TSC_IRQHandler
                0x0000000008000e3c                TAMP_STAMP_IRQHandler
                0x0000000008000e3c                EXTI3_IRQHandler
                0x0000000008000e3c                LPTIM2_IRQHandler
                0x0000000008000e3c                DFSDM1_FLT1_IRQHandler
                0x0000000008000e3c                I2C3_ER_IRQHandler
                0x0000000008000e3c                DFSDM1_FLT2_IRQHandler
                0x0000000008000e3c                EXTI0_IRQHandler
                0x0000000008000e3c                I2C2_EV_IRQHandler
                0x0000000008000e3c                CAN1_RX0_IRQHandler
                0x0000000008000e3c                FPU_IRQHandler
                0x0000000008000e3c                TIM1_UP_TIM16_IRQHandler
                0x0000000008000e3c                ADC1_2_IRQHandler
                0x0000000008000e3c                SPI1_IRQHandler
                0x0000000008000e3c                TIM6_DAC_IRQHandler
                0x0000000008000e3c                TIM8_UP_IRQHandler
                0x0000000008000e3c                DMA2_Channel2_IRQHandler
                0x0000000008000e3c                DMA1_Channel4_IRQHandler
                0x0000000008000e3c                SAI2_IRQHandler
                0x0000000008000e3c                DFSDM1_FLT3_IRQHandler
                0x0000000008000e3c                USART3_IRQHandler
                0x0000000008000e3c                DMA1_Channel7_IRQHandler
                0x0000000008000e3c                CAN1_RX1_IRQHandler
                0x0000000008000e3c                LCD_IRQHandler
                0x0000000008000e3c                UART5_IRQHandler
                0x0000000008000e3c                ADC3_IRQHandler
                0x0000000008000e3c                TIM4_IRQHandler
                0x0000000008000e3c                DMA2_Channel1_IRQHandler
                0x0000000008000e3c                QUADSPI_IRQHandler
                0x0000000008000e3c                I2C1_EV_IRQHandler
                0x0000000008000e3c                DMA1_Channel6_IRQHandler
                0x0000000008000e3c                DMA2_Channel4_IRQHandler
                0x0000000008000e3c                TIM3_IRQHandler
                0x0000000008000e3c                RCC_IRQHandler
                0x0000000008000e3c                DMA1_Channel1_IRQHandler
                0x0000000008000e3c                Default_Handler
                0x0000000008000e3c                DMA2_Channel7_IRQHandler
                0x0000000008000e3c                EXTI15_10_IRQHandler
                0x0000000008000e3c                TIM7_IRQHandler
                0x0000000008000e3c                SDMMC1_IRQHandler
                0x0000000008000e3c                TIM5_IRQHandler
                0x0000000008000e3c                I2C3_EV_IRQHandler
                0x0000000008000e3c                EXTI9_5_IRQHandler
                0x0000000008000e3c                RTC_WKUP_IRQHandler
                0x0000000008000e3c                PVD_PVM_IRQHandler
                0x0000000008000e3c                SPI2_IRQHandler
                0x0000000008000e3c                CAN1_TX_IRQHandler
                0x0000000008000e3c                DMA2_Channel5_IRQHandler
                0x0000000008000e3c                DMA1_Channel5_IRQHandler
                0x0000000008000e3c                EXTI4_IRQHandler
                0x0000000008000e3c                RNG_IRQHandler
                0x0000000008000e3c                TIM1_TRG_COM_TIM17_IRQHandler
                0x0000000008000e3c                DMA1_Channel3_IRQHandler
                0x0000000008000e3c                COMP_IRQHandler
                0x0000000008000e3c                WWDG_IRQHandler
                0x0000000008000e3c                LPUART1_IRQHandler
                0x0000000008000e3c                DMA2_Channel6_IRQHandler
                0x0000000008000e3c                TIM2_IRQHandler
                0x0000000008000e3c                EXTI1_IRQHandler
                0x0000000008000e3c                USART2_IRQHandler
                0x0000000008000e3c                DFSDM1_FLT0_IRQHandler
                0x0000000008000e3c                I2C2_ER_IRQHandler
                0x0000000008000e3c                DMA1_Channel2_IRQHandler
                0x0000000008000e3c                TIM8_BRK_IRQHandler
                0x0000000008000e3c                CAN1_SCE_IRQHandler
                0x0000000008000e3c                FLASH_IRQHandler
                0x0000000008000e3c                USART1_IRQHandler
                0x0000000008000e3c                OTG_FS_IRQHandler
                0x0000000008000e3c                SPI3_IRQHandler
                0x0000000008000e3c                I2C1_ER_IRQHandler
                0x0000000008000e3c                FMC_IRQHandler
                0x0000000008000e3c                SWPMI1_IRQHandler
                0x0000000008000e3c                LPTIM1_IRQHandler
                0x0000000008000e3c                SAI1_IRQHandler
                0x0000000008000e3c                DMA2_Channel3_IRQHandler
                0x0000000008000e3c                TIM1_BRK_TIM15_IRQHandler
 .text.HAL_Init
                0x0000000008000e3e       0x30 Drivers/STM32L4xx_HAL_Driver/Src/stm32l4xx_hal.o
                0x0000000008000e3e                HAL_Init
 *fill*         0x0000000008000e6e        0x2 
 .text.HAL_InitTick
                0x0000000008000e70       0x78 Drivers/STM32L4xx_HAL_Driver/Src/stm32l4xx_hal.o
                0x0000000008000e70                HAL_InitTick
 .text.HAL_IncTick
                0x0000000008000ee8       0x28 Drivers/STM32L4xx_HAL_Driver/Src/stm32l4xx_hal.o
                0x0000000008000ee8                HAL_IncTick
 .text.HAL_GetTick
                0x0000000008000f10       0x18 Drivers/STM32L4xx_HAL_Driver/Src/stm32l4xx_hal.o
                0x0000000008000f10                HAL_GetTick
 .text.__NVIC_SetPriorityGrouping
                0x0000000008000f28       0x48 Drivers/STM32L4xx_HAL_Driver/Src/stm32l4xx_hal_cortex.o
 .text.__NVIC_GetPriorityGrouping
                0x0000000008000f70       0x1c Drivers/STM32L4xx_HAL_Driver/Src/stm32l4xx_hal_cortex.o
 .text.__NVIC_EnableIRQ
                0x0000000008000f8c       0x3c Drivers/STM32L4xx_HAL_Driver/Src/stm32l4xx_hal_cortex.o
 .text.__NVIC_SetPriority
                0x0000000008000fc8       0x54 Drivers/STM32L4xx_HAL_Driver/Src/stm32l4xx_hal_cortex.o
 .text.NVIC_EncodePriority
                0x000000000800101c       0x66 Drivers/STM32L4xx_HAL_Driver/Src/stm32l4xx_hal_cortex.o
 *fill*         0x0000000008001082        0x2 
 .text.SysTick_Config
                0x0000000008001084       0x44 Drivers/STM32L4xx_HAL_Driver/Src/stm32l4xx_hal_cortex.o
 .text.HAL_NVIC_SetPriorityGrouping
                0x00000000080010c8       0x16 Drivers/STM32L4xx_HAL_Driver/Src/stm32l4xx_hal_cortex.o
                0x00000000080010c8                HAL_NVIC_SetPriorityGrouping
 .text.HAL_NVIC_SetPriority
                0x00000000080010de       0x38 Drivers/STM32L4xx_HAL_Driver/Src/stm32l4xx_hal_cortex.o
                0x00000000080010de                HAL_NVIC_SetPriority
 .text.HAL_NVIC_EnableIRQ
                0x0000000008001116       0x1c Drivers/STM32L4xx_HAL_Driver/Src/stm32l4xx_hal_cortex.o
                0x0000000008001116                HAL_NVIC_EnableIRQ
 .text.HAL_SYSTICK_Config
                0x0000000008001132       0x18 Drivers/STM32L4xx_HAL_Driver/Src/stm32l4xx_hal_cortex.o
                0x0000000008001132                HAL_SYSTICK_Config
 .text.HAL_DMA_Abort
                0x000000000800114a       0x7c Drivers/STM32L4xx_HAL_Driver/Src/stm32l4xx_hal_dma.o
                0x000000000800114a                HAL_DMA_Abort
 .text.HAL_DMA_Abort_IT
                0x00000000080011c6       0x82 Drivers/STM32L4xx_HAL_Driver/Src/stm32l4xx_hal_dma.o
                0x00000000080011c6                HAL_DMA_Abort_IT
 .text.HAL_GPIO_Init
                0x0000000008001248      0x354 Drivers/STM32L4xx_HAL_Driver/Src/stm32l4xx_hal_gpio.o
                0x0000000008001248                HAL_GPIO_Init
 .text.HAL_PWREx_GetVoltageRange
                0x000000000800159c       0x1c Drivers/STM32L4xx_HAL_Driver/Src/stm32l4xx_hal_pwr_ex.o
                0x000000000800159c                HAL_PWREx_GetVoltageRange
 .text.HAL_PWREx_ControlVoltageScaling
                0x00000000080015b8       0xac Drivers/STM32L4xx_HAL_Driver/Src/stm32l4xx_hal_pwr_ex.o
                0x00000000080015b8                HAL_PWREx_ControlVoltageScaling
 .text.HAL_RCC_OscConfig
                0x0000000008001664      0x7cc Drivers/STM32L4xx_HAL_Driver/Src/stm32l4xx_hal_rcc.o
                0x0000000008001664                HAL_RCC_OscConfig
 .text.HAL_RCC_ClockConfig
                0x0000000008001e30      0x1c4 Drivers/STM32L4xx_HAL_Driver/Src/stm32l4xx_hal_rcc.o
                0x0000000008001e30                HAL_RCC_ClockConfig
 .text.HAL_RCC_GetSysClockFreq
                0x0000000008001ff4      0x118 Drivers/STM32L4xx_HAL_Driver/Src/stm32l4xx_hal_rcc.o
                0x0000000008001ff4                HAL_RCC_GetSysClockFreq
 .text.HAL_RCC_GetHCLKFreq
                0x000000000800210c       0x18 Drivers/STM32L4xx_HAL_Driver/Src/stm32l4xx_hal_rcc.o
                0x000000000800210c                HAL_RCC_GetHCLKFreq
 .text.HAL_RCC_GetPCLK1Freq
                0x0000000008002124       0x2c Drivers/STM32L4xx_HAL_Driver/Src/stm32l4xx_hal_rcc.o
                0x0000000008002124                HAL_RCC_GetPCLK1Freq
 .text.HAL_RCC_GetPCLK2Freq
                0x0000000008002150       0x2c Drivers/STM32L4xx_HAL_Driver/Src/stm32l4xx_hal_rcc.o
                0x0000000008002150                HAL_RCC_GetPCLK2Freq
 .text.RCC_SetFlashLatencyFromMSIRange
                0x000000000800217c       0xc0 Drivers/STM32L4xx_HAL_Driver/Src/stm32l4xx_hal_rcc.o
 .text.HAL_RCCEx_PeriphCLKConfig
                0x000000000800223c      0x5d4 Drivers/STM32L4xx_HAL_Driver/Src/stm32l4xx_hal_rcc_ex.o
                0x000000000800223c                HAL_RCCEx_PeriphCLKConfig
 .text.RCCEx_PLLSAI1_Config
                0x0000000008002810      0x1e8 Drivers/STM32L4xx_HAL_Driver/Src/stm32l4xx_hal_rcc_ex.o
 .text.RCCEx_PLLSAI2_Config
                0x00000000080029f8      0x1bc Drivers/STM32L4xx_HAL_Driver/Src/stm32l4xx_hal_rcc_ex.o
 .text.HAL_UART_Init
                0x0000000008002bb4       0x9c Drivers/STM32L4xx_HAL_Driver/Src/stm32l4xx_hal_uart.o
                0x0000000008002bb4                HAL_UART_Init
 .text.HAL_UART_Transmit
                0x0000000008002c50      0x128 Drivers/STM32L4xx_HAL_Driver/Src/stm32l4xx_hal_uart.o
                0x0000000008002c50                HAL_UART_Transmit
 .text.HAL_UART_Receive_IT
                0x0000000008002d78       0x88 Drivers/STM32L4xx_HAL_Driver/Src/stm32l4xx_hal_uart.o
                0x0000000008002d78                HAL_UART_Receive_IT
 .text.HAL_UART_IRQHandler
                0x0000000008002e00      0x404 Drivers/STM32L4xx_HAL_Driver/Src/stm32l4xx_hal_uart.o
                0x0000000008002e00                HAL_UART_IRQHandler
 .text.HAL_UART_TxCpltCallback
                0x0000000008003204       0x14 Drivers/STM32L4xx_HAL_Driver/Src/stm32l4xx_hal_uart.o
                0x0000000008003204                HAL_UART_TxCpltCallback
 .text.HAL_UART_ErrorCallback
                0x0000000008003218       0x14 Drivers/STM32L4xx_HAL_Driver/Src/stm32l4xx_hal_uart.o
                0x0000000008003218                HAL_UART_ErrorCallback
 .text.HAL_UARTEx_RxEventCallback
                0x000000000800322c       0x18 Drivers/STM32L4xx_HAL_Driver/Src/stm32l4xx_hal_uart.o
                0x000000000800322c                HAL_UARTEx_RxEventCallback
 .text.UART_SetConfig
                0x0000000008003244      0x514 Drivers/STM32L4xx_HAL_Driver/Src/stm32l4xx_hal_uart.o
                0x0000000008003244                UART_SetConfig
 .text.UART_AdvFeatureConfig
                0x0000000008003758      0x144 Drivers/STM32L4xx_HAL_Driver/Src/stm32l4xx_hal_uart.o
                0x0000000008003758                UART_AdvFeatureConfig
 .text.UART_CheckIdleState
                0x000000000800389c       0x92 Drivers/STM32L4xx_HAL_Driver/Src/stm32l4xx_hal_uart.o
                0x000000000800389c                UART_CheckIdleState
 .text.UART_WaitOnFlagUntilTimeout
                0x000000000800392e       0xf8 Drivers/STM32L4xx_HAL_Driver/Src/stm32l4xx_hal_uart.o
                0x000000000800392e                UART_WaitOnFlagUntilTimeout
 *fill*         0x0000000008003a26        0x2 
 .text.UART_Start_Receive_IT
                0x0000000008003a28      0x110 Drivers/STM32L4xx_HAL_Driver/Src/stm32l4xx_hal_uart.o
                0x0000000008003a28                UART_Start_Receive_IT
 .text.UART_EndRxTransfer
                0x0000000008003b38       0x5e Drivers/STM32L4xx_HAL_Driver/Src/stm32l4xx_hal_uart.o
 .text.UART_DMAAbortOnError
                0x0000000008003b96       0x2c Drivers/STM32L4xx_HAL_Driver/Src/stm32l4xx_hal_uart.o
 .text.UART_EndTransmit_IT
                0x0000000008003bc2       0x32 Drivers/STM32L4xx_HAL_Driver/Src/stm32l4xx_hal_uart.o
 .text.UART_RxISR_8BIT
                0x0000000008003bf4       0xd8 Drivers/STM32L4xx_HAL_Driver/Src/stm32l4xx_hal_uart.o
 .text.UART_RxISR_16BIT
                0x0000000008003ccc       0xd8 Drivers/STM32L4xx_HAL_Driver/Src/stm32l4xx_hal_uart.o
 .text.HAL_UARTEx_WakeupCallback
                0x0000000008003da4       0x14 Drivers/STM32L4xx_HAL_Driver/Src/stm32l4xx_hal_uart_ex.o
                0x0000000008003da4                HAL_UARTEx_WakeupCallback
 .text.__libc_init_array
                0x0000000008003db8       0x48 c:/st/stm32cubeide_1.6.0/stm32cubeide/plugins/com.st.stm32cube.ide.mcu.externaltools.gnu-tools-for-stm32.9-2020-q2-update.win32_1.5.0.202011040924/tools/bin/../lib/gcc/arm-none-eabi/9.3.1/../../../../arm-none-eabi/lib/thumb/v7e-m+fp/hard\libc_nano.a(lib_a-init.o)
                0x0000000008003db8                __libc_init_array
 .text.memset   0x0000000008003e00       0x10 c:/st/stm32cubeide_1.6.0/stm32cubeide/plugins/com.st.stm32cube.ide.mcu.externaltools.gnu-tools-for-stm32.9-2020-q2-update.win32_1.5.0.202011040924/tools/bin/../lib/gcc/arm-none-eabi/9.3.1/../../../../arm-none-eabi/lib/thumb/v7e-m+fp/hard\libc_nano.a(lib_a-memset.o)
                0x0000000008003e00                memset
 .text.strstr   0x0000000008003e10       0x2e c:/st/stm32cubeide_1.6.0/stm32cubeide/plugins/com.st.stm32cube.ide.mcu.externaltools.gnu-tools-for-stm32.9-2020-q2-update.win32_1.5.0.202011040924/tools/bin/../lib/gcc/arm-none-eabi/9.3.1/../../../../arm-none-eabi/lib/thumb/v7e-m+fp/hard\libc_nano.a(lib_a-strstr.o)
                0x0000000008003e10                strstr
 *(.glue_7)
 .glue_7        0x0000000008003e3e        0x0 linker stubs
 *(.glue_7t)
 .glue_7t       0x0000000008003e3e        0x0 linker stubs
 *(.eh_frame)
 *fill*         0x0000000008003e3e        0x2 
 .eh_frame      0x0000000008003e40        0x0 c:/st/stm32cubeide_1.6.0/stm32cubeide/plugins/com.st.stm32cube.ide.mcu.externaltools.gnu-tools-for-stm32.9-2020-q2-update.win32_1.5.0.202011040924/tools/bin/../lib/gcc/arm-none-eabi/9.3.1/thumb/v7e-m+fp/hard/crtbegin.o
 *(.init)
 .init          0x0000000008003e40        0x4 c:/st/stm32cubeide_1.6.0/stm32cubeide/plugins/com.st.stm32cube.ide.mcu.externaltools.gnu-tools-for-stm32.9-2020-q2-update.win32_1.5.0.202011040924/tools/bin/../lib/gcc/arm-none-eabi/9.3.1/thumb/v7e-m+fp/hard/crti.o
                0x0000000008003e40                _init
 .init          0x0000000008003e44        0x8 c:/st/stm32cubeide_1.6.0/stm32cubeide/plugins/com.st.stm32cube.ide.mcu.externaltools.gnu-tools-for-stm32.9-2020-q2-update.win32_1.5.0.202011040924/tools/bin/../lib/gcc/arm-none-eabi/9.3.1/thumb/v7e-m+fp/hard/crtn.o
 *(.fini)
 .fini          0x0000000008003e4c        0x4 c:/st/stm32cubeide_1.6.0/stm32cubeide/plugins/com.st.stm32cube.ide.mcu.externaltools.gnu-tools-for-stm32.9-2020-q2-update.win32_1.5.0.202011040924/tools/bin/../lib/gcc/arm-none-eabi/9.3.1/thumb/v7e-m+fp/hard/crti.o
                0x0000000008003e4c                _fini
 .fini          0x0000000008003e50        0x8 c:/st/stm32cubeide_1.6.0/stm32cubeide/plugins/com.st.stm32cube.ide.mcu.externaltools.gnu-tools-for-stm32.9-2020-q2-update.win32_1.5.0.202011040924/tools/bin/../lib/gcc/arm-none-eabi/9.3.1/thumb/v7e-m+fp/hard/crtn.o
                0x0000000008003e58                . = ALIGN (0x4)
                0x0000000008003e58                _etext = .

.vfp11_veneer   0x0000000008003e58        0x0
 .vfp11_veneer  0x0000000008003e58        0x0 linker stubs

.v4_bx          0x0000000008003e58        0x0
 .v4_bx         0x0000000008003e58        0x0 linker stubs

.iplt           0x0000000008003e58        0x0
 .iplt          0x0000000008003e58        0x0 c:/st/stm32cubeide_1.6.0/stm32cubeide/plugins/com.st.stm32cube.ide.mcu.externaltools.gnu-tools-for-stm32.9-2020-q2-update.win32_1.5.0.202011040924/tools/bin/../lib/gcc/arm-none-eabi/9.3.1/thumb/v7e-m+fp/hard/crtbegin.o

.rodata         0x0000000008003e58      0x204
                0x0000000008003e58                . = ALIGN (0x4)
 *(.rodata)
 *(.rodata*)
 .rodata.ESP8266_NOT_IMPLEMENTED
                0x0000000008003e58       0x10 Core/Src/ESP8266.o
 .rodata.ESP8266_AT_OK_TERMINATOR
                0x0000000008003e68        0x5 Core/Src/ESP8266.o
 *fill*         0x0000000008003e6d        0x3 
 .rodata.ESP8266_AT_OK
                0x0000000008003e70        0x3 Core/Src/ESP8266.o
 *fill*         0x0000000008003e73        0x1 
 .rodata.ESP8266_AT_ERROR
                0x0000000008003e74        0x6 Core/Src/ESP8266.o
 *fill*         0x0000000008003e7a        0x2 
 .rodata.ESP8266_AT_FAIL
                0x0000000008003e7c        0x5 Core/Src/ESP8266.o
 *fill*         0x0000000008003e81        0x3 
 .rodata.ESP8266_AT_WIFI_CONNECTED
                0x0000000008003e84        0xf Core/Src/ESP8266.o
 *fill*         0x0000000008003e93        0x1 
 .rodata.ESP8266_AT_WIFI_DISCONNECTED
                0x0000000008003e94       0x12 Core/Src/ESP8266.o
 *fill*         0x0000000008003ea6        0x2 
 .rodata.ESP8266_AT_CONNECT
                0x0000000008003ea8        0x8 Core/Src/ESP8266.o
 .rodata.ESP8266_AT_SEND_OK
                0x0000000008003eb0        0x8 Core/Src/ESP8266.o
 .rodata.ESP8266_AT_NO_AP
                0x0000000008003eb8        0x8 Core/Src/ESP8266.o
 .rodata.ESP8266_AT_UNKNOWN
                0x0000000008003ec0        0x8 Core/Src/ESP8266.o
 .rodata.ESP8266_AT_CWMODE_1
                0x0000000008003ec8        0xd Core/Src/ESP8266.o
 *fill*         0x0000000008003ed5        0x3 
 .rodata.ESP8266_AT_CWMODE_2
                0x0000000008003ed8        0xd Core/Src/ESP8266.o
 *fill*         0x0000000008003ee5        0x3 
 .rodata.ESP8266_AT_CWMODE_3
                0x0000000008003ee8        0xd Core/Src/ESP8266.o
 *fill*         0x0000000008003ef5        0x3 
 .rodata.ESP8266_AT_CWJAP_1
                0x0000000008003ef8        0x8 Core/Src/ESP8266.o
 .rodata.ESP8266_AT_CWJAP_2
                0x0000000008003f00        0x8 Core/Src/ESP8266.o
 .rodata.ESP8266_AT_CWJAP_3
                0x0000000008003f08        0x8 Core/Src/ESP8266.o
 .rodata.ESP8266_AT_CWJAP_4
                0x0000000008003f10        0x8 Core/Src/ESP8266.o
 .rodata.ESP8266_AT_TIMEOUT
                0x0000000008003f18       0x13 Core/Src/ESP8266.o
 *fill*         0x0000000008003f2b        0x1 
 .rodata.ESP8266_AT_WRONG_PWD
                0x0000000008003f2c        0xf Core/Src/ESP8266.o
 *fill*         0x0000000008003f3b        0x1 
 .rodata.ESP8266_AT_NO_TARGET
                0x0000000008003f3c       0x1a Core/Src/ESP8266.o
 *fill*         0x0000000008003f56        0x2 
 .rodata.ESP8266_AT_CONNECTION_FAIL
                0x0000000008003f58       0x12 Core/Src/ESP8266.o
 *fill*         0x0000000008003f6a        0x2 
 .rodata.ESP8266_AT_CIPMUX_0
                0x0000000008003f6c        0x9 Core/Src/ESP8266.o
 *fill*         0x0000000008003f75        0x3 
 .rodata.ESP8266_AT_CIPMUX_1
                0x0000000008003f78        0x9 Core/Src/ESP8266.o
 *fill*         0x0000000008003f81        0x3 
 .rodata.ESP8266_AT
                0x0000000008003f84        0x5 Core/Src/ESP8266.o
 *fill*         0x0000000008003f89        0x3 
 .rodata.ESP8266_AT_RST
                0x0000000008003f8c        0x9 Core/Src/ESP8266.o
 *fill*         0x0000000008003f95        0x3 
 .rodata.ESP8266_AT_CWMODE_TEST
                0x0000000008003f98       0x11 Core/Src/ESP8266.o
 *fill*         0x0000000008003fa9        0x3 
 .rodata.ESP8266_AT_CWMODE_STATION_MODE
                0x0000000008003fac        0xe Core/Src/ESP8266.o
 *fill*         0x0000000008003fba        0x2 
 .rodata.ESP8266_AT_CWJAP_SET
                0x0000000008003fbc        0xa Core/Src/ESP8266.o
 *fill*         0x0000000008003fc6        0x2 
 .rodata.ESP8266_AT_CWQAP
                0x0000000008003fc8        0xb Core/Src/ESP8266.o
 *fill*         0x0000000008003fd3        0x1 
 .rodata.ESP8266_AT_CIPMUX_SINGLE
                0x0000000008003fd4        0xe Core/Src/ESP8266.o
 *fill*         0x0000000008003fe2        0x2 
 .rodata.ESP8266_AT_CIPMUX_TEST
                0x0000000008003fe4        0xd Core/Src/ESP8266.o
 *fill*         0x0000000008003ff1        0x3 
 .rodata.ESP8266_AT_START
                0x0000000008003ff4        0xd Core/Src/ESP8266.o
 *fill*         0x0000000008004001        0x3 
 .rodata.ESP8266_AT_SEND
                0x0000000008004004        0xc Core/Src/ESP8266.o
 .rodata.ESP8266_AT_OK
                0x0000000008004010        0x3 Core/Src/office_environment_monitor.o
 *fill*         0x0000000008004013        0x1 
 .rodata.AHBPrescTable
                0x0000000008004014       0x10 Core/Src/system_stm32l4xx.o
                0x0000000008004014                AHBPrescTable
 .rodata.APBPrescTable
                0x0000000008004024        0x8 Core/Src/system_stm32l4xx.o
                0x0000000008004024                APBPrescTable
 .rodata.MSIRangeTable
                0x000000000800402c       0x30 Core/Src/system_stm32l4xx.o
                0x000000000800402c                MSIRangeTable
                0x000000000800405c                . = ALIGN (0x4)

.ARM.extab      0x000000000800405c        0x0
                0x000000000800405c                . = ALIGN (0x4)
 *(.ARM.extab* .gnu.linkonce.armextab.*)
                0x000000000800405c                . = ALIGN (0x4)

.ARM            0x000000000800405c        0x8
                0x000000000800405c                . = ALIGN (0x4)
                0x000000000800405c                __exidx_start = .
 *(.ARM.exidx*)
 .ARM.exidx     0x000000000800405c        0x8 c:/st/stm32cubeide_1.6.0/stm32cubeide/plugins/com.st.stm32cube.ide.mcu.externaltools.gnu-tools-for-stm32.9-2020-q2-update.win32_1.5.0.202011040924/tools/bin/../lib/gcc/arm-none-eabi/9.3.1/thumb/v7e-m+fp/hard\libgcc.a(_udivmoddi4.o)
                0x0000000008004064                __exidx_end = .
                0x0000000008004064                . = ALIGN (0x4)

.rel.dyn        0x0000000008004064        0x0
 .rel.iplt      0x0000000008004064        0x0 c:/st/stm32cubeide_1.6.0/stm32cubeide/plugins/com.st.stm32cube.ide.mcu.externaltools.gnu-tools-for-stm32.9-2020-q2-update.win32_1.5.0.202011040924/tools/bin/../lib/gcc/arm-none-eabi/9.3.1/thumb/v7e-m+fp/hard/crtbegin.o

.preinit_array  0x0000000008004064        0x0
                0x0000000008004064                . = ALIGN (0x4)
                0x0000000008004064                PROVIDE (__preinit_array_start = .)
 *(.preinit_array*)
                0x0000000008004064                PROVIDE (__preinit_array_end = .)
                0x0000000008004064                . = ALIGN (0x4)

.init_array     0x0000000008004064        0x4
                0x0000000008004064                . = ALIGN (0x4)
                0x0000000008004064                PROVIDE (__init_array_start = .)
 *(SORT_BY_NAME(.init_array.*))
 *(.init_array*)
 .init_array    0x0000000008004064        0x4 c:/st/stm32cubeide_1.6.0/stm32cubeide/plugins/com.st.stm32cube.ide.mcu.externaltools.gnu-tools-for-stm32.9-2020-q2-update.win32_1.5.0.202011040924/tools/bin/../lib/gcc/arm-none-eabi/9.3.1/thumb/v7e-m+fp/hard/crtbegin.o
                0x0000000008004068                PROVIDE (__init_array_end = .)
                0x0000000008004068                . = ALIGN (0x4)

.fini_array     0x0000000008004068        0x4
                0x0000000008004068                . = ALIGN (0x4)
                [!provide]                        PROVIDE (__fini_array_start = .)
 *(SORT_BY_NAME(.fini_array.*))
 *(.fini_array*)
 .fini_array    0x0000000008004068        0x4 c:/st/stm32cubeide_1.6.0/stm32cubeide/plugins/com.st.stm32cube.ide.mcu.externaltools.gnu-tools-for-stm32.9-2020-q2-update.win32_1.5.0.202011040924/tools/bin/../lib/gcc/arm-none-eabi/9.3.1/thumb/v7e-m+fp/hard/crtbegin.o
                [!provide]                        PROVIDE (__fini_array_end = .)
                0x000000000800406c                . = ALIGN (0x4)
                0x000000000800406c                _sidata = LOADADDR (.data)

.data           0x0000000020000000        0xc load address 0x000000000800406c
                0x0000000020000000                . = ALIGN (0x4)
                0x0000000020000000                _sdata = .
 *(.data)
 *(.data*)
 .data.SystemCoreClock
                0x0000000020000000        0x4 Core/Src/system_stm32l4xx.o
                0x0000000020000000                SystemCoreClock
 .data.uwTickPrio
                0x0000000020000004        0x4 Drivers/STM32L4xx_HAL_Driver/Src/stm32l4xx_hal.o
                0x0000000020000004                uwTickPrio
 .data.uwTickFreq
                0x0000000020000008        0x1 Drivers/STM32L4xx_HAL_Driver/Src/stm32l4xx_hal.o
                0x0000000020000008                uwTickFreq
 *(.RamFunc)
 *(.RamFunc*)
                0x000000002000000c                . = ALIGN (0x4)
 *fill*         0x0000000020000009        0x3 
                0x000000002000000c                _edata = .

.igot.plt       0x000000002000000c        0x0 load address 0x0000000008004078
 .igot.plt      0x000000002000000c        0x0 c:/st/stm32cubeide_1.6.0/stm32cubeide/plugins/com.st.stm32cube.ide.mcu.externaltools.gnu-tools-for-stm32.9-2020-q2-update.win32_1.5.0.202011040924/tools/bin/../lib/gcc/arm-none-eabi/9.3.1/thumb/v7e-m+fp/hard/crtbegin.o
                0x000000002000000c                . = ALIGN (0x4)

.bss            0x000000002000000c     0x10ac load address 0x0000000008004078
                0x000000002000000c                _sbss = .
                0x000000002000000c                __bss_start__ = _sbss
 *(.bss)
 .bss           0x000000002000000c       0x1c c:/st/stm32cubeide_1.6.0/stm32cubeide/plugins/com.st.stm32cube.ide.mcu.externaltools.gnu-tools-for-stm32.9-2020-q2-update.win32_1.5.0.202011040924/tools/bin/../lib/gcc/arm-none-eabi/9.3.1/thumb/v7e-m+fp/hard/crtbegin.o
 *(.bss*)
 .bss.rx_variable
                0x0000000020000028        0x1 Core/Src/ESP8266.o
 *fill*         0x0000000020000029        0x3 
 .bss.rx_buffer
                0x000000002000002c     0x1000 Core/Src/ESP8266.o
 .bss.rx_buffer_index
                0x000000002000102c        0x1 Core/Src/ESP8266.o
 .bss.error_flag
                0x000000002000102d        0x1 Core/Src/ESP8266.o
 .bss.fail_flag
                0x000000002000102e        0x1 Core/Src/ESP8266.o
 .bss.current_status
                0x000000002000102f        0x1 Core/Src/office_environment_monitor.o
 *(COMMON)
 COMMON         0x0000000020001030       0x84 Core/Src/usart.o
                0x0000000020001030                huart4
 COMMON         0x00000000200010b4        0x4 Drivers/STM32L4xx_HAL_Driver/Src/stm32l4xx_hal.o
                0x00000000200010b4                uwTick
                0x00000000200010b8                . = ALIGN (0x4)
                0x00000000200010b8                _ebss = .
                0x00000000200010b8                __bss_end__ = _ebss

._user_heap_stack
                0x00000000200010b8      0x600 load address 0x0000000008004078
                0x00000000200010b8                . = ALIGN (0x8)
                [!provide]                        PROVIDE (end = .)
                0x00000000200010b8                PROVIDE (_end = .)
                0x00000000200012b8                . = (. + _Min_Heap_Size)
 *fill*         0x00000000200010b8      0x200 
                0x00000000200016b8                . = (. + _Min_Stack_Size)
 *fill*         0x00000000200012b8      0x400 
                0x00000000200016b8                . = ALIGN (0x8)

/DISCARD/
 libc.a(*)
 libm.a(*)
 libgcc.a(*)

.ARM.attributes
                0x0000000000000000       0x30
 *(.ARM.attributes)
 .ARM.attributes
                0x0000000000000000       0x1e c:/st/stm32cubeide_1.6.0/stm32cubeide/plugins/com.st.stm32cube.ide.mcu.externaltools.gnu-tools-for-stm32.9-2020-q2-update.win32_1.5.0.202011040924/tools/bin/../lib/gcc/arm-none-eabi/9.3.1/thumb/v7e-m+fp/hard/crti.o
 .ARM.attributes
                0x000000000000001e       0x34 c:/st/stm32cubeide_1.6.0/stm32cubeide/plugins/com.st.stm32cube.ide.mcu.externaltools.gnu-tools-for-stm32.9-2020-q2-update.win32_1.5.0.202011040924/tools/bin/../lib/gcc/arm-none-eabi/9.3.1/thumb/v7e-m+fp/hard/crtbegin.o
 .ARM.attributes
                0x0000000000000052       0x34 Core/Src/ESP8266.o
 .ARM.attributes
                0x0000000000000086       0x34 Core/Src/gpio.o
 .ARM.attributes
                0x00000000000000ba       0x34 Core/Src/main.o
 .ARM.attributes
                0x00000000000000ee       0x34 Core/Src/office_environment_monitor.o
 .ARM.attributes
                0x0000000000000122       0x34 Core/Src/stm32l4xx_hal_msp.o
 .ARM.attributes
                0x0000000000000156       0x34 Core/Src/stm32l4xx_it.o
 .ARM.attributes
                0x000000000000018a       0x34 Core/Src/system_stm32l4xx.o
 .ARM.attributes
                0x00000000000001be       0x34 Core/Src/usart.o
 .ARM.attributes
                0x00000000000001f2       0x21 Core/Startup/startup_stm32l476rgtx.o
 .ARM.attributes
                0x0000000000000213       0x34 Drivers/STM32L4xx_HAL_Driver/Src/stm32l4xx_hal.o
 .ARM.attributes
                0x0000000000000247       0x34 Drivers/STM32L4xx_HAL_Driver/Src/stm32l4xx_hal_cortex.o
 .ARM.attributes
                0x000000000000027b       0x34 Drivers/STM32L4xx_HAL_Driver/Src/stm32l4xx_hal_dma.o
 .ARM.attributes
                0x00000000000002af       0x34 Drivers/STM32L4xx_HAL_Driver/Src/stm32l4xx_hal_gpio.o
 .ARM.attributes
                0x00000000000002e3       0x34 Drivers/STM32L4xx_HAL_Driver/Src/stm32l4xx_hal_pwr_ex.o
 .ARM.attributes
                0x0000000000000317       0x34 Drivers/STM32L4xx_HAL_Driver/Src/stm32l4xx_hal_rcc.o
 .ARM.attributes
                0x000000000000034b       0x34 Drivers/STM32L4xx_HAL_Driver/Src/stm32l4xx_hal_rcc_ex.o
 .ARM.attributes
                0x000000000000037f       0x34 Drivers/STM32L4xx_HAL_Driver/Src/stm32l4xx_hal_uart.o
 .ARM.attributes
                0x00000000000003b3       0x34 Drivers/STM32L4xx_HAL_Driver/Src/stm32l4xx_hal_uart_ex.o
 .ARM.attributes
                0x00000000000003e7       0x34 c:/st/stm32cubeide_1.6.0/stm32cubeide/plugins/com.st.stm32cube.ide.mcu.externaltools.gnu-tools-for-stm32.9-2020-q2-update.win32_1.5.0.202011040924/tools/bin/../lib/gcc/arm-none-eabi/9.3.1/../../../../arm-none-eabi/lib/thumb/v7e-m+fp/hard\libc_nano.a(lib_a-init.o)
 .ARM.attributes
                0x000000000000041b       0x34 c:/st/stm32cubeide_1.6.0/stm32cubeide/plugins/com.st.stm32cube.ide.mcu.externaltools.gnu-tools-for-stm32.9-2020-q2-update.win32_1.5.0.202011040924/tools/bin/../lib/gcc/arm-none-eabi/9.3.1/../../../../arm-none-eabi/lib/thumb/v7e-m+fp/hard\libc_nano.a(lib_a-memset.o)
 .ARM.attributes
                0x000000000000044f       0x1c c:/st/stm32cubeide_1.6.0/stm32cubeide/plugins/com.st.stm32cube.ide.mcu.externaltools.gnu-tools-for-stm32.9-2020-q2-update.win32_1.5.0.202011040924/tools/bin/../lib/gcc/arm-none-eabi/9.3.1/../../../../arm-none-eabi/lib/thumb/v7e-m+fp/hard\libc_nano.a(lib_a-strcmp.o)
 .ARM.attributes
                0x000000000000046b       0x17 c:/st/stm32cubeide_1.6.0/stm32cubeide/plugins/com.st.stm32cube.ide.mcu.externaltools.gnu-tools-for-stm32.9-2020-q2-update.win32_1.5.0.202011040924/tools/bin/../lib/gcc/arm-none-eabi/9.3.1/../../../../arm-none-eabi/lib/thumb/v7e-m+fp/hard\libc_nano.a(lib_a-strlen.o)
 .ARM.attributes
                0x0000000000000482       0x34 c:/st/stm32cubeide_1.6.0/stm32cubeide/plugins/com.st.stm32cube.ide.mcu.externaltools.gnu-tools-for-stm32.9-2020-q2-update.win32_1.5.0.202011040924/tools/bin/../lib/gcc/arm-none-eabi/9.3.1/../../../../arm-none-eabi/lib/thumb/v7e-m+fp/hard\libc_nano.a(lib_a-strstr.o)
 .ARM.attributes
                0x00000000000004b6       0x1e c:/st/stm32cubeide_1.6.0/stm32cubeide/plugins/com.st.stm32cube.ide.mcu.externaltools.gnu-tools-for-stm32.9-2020-q2-update.win32_1.5.0.202011040924/tools/bin/../lib/gcc/arm-none-eabi/9.3.1/thumb/v7e-m+fp/hard\libgcc.a(_aeabi_uldivmod.o)
 .ARM.attributes
                0x00000000000004d4       0x34 c:/st/stm32cubeide_1.6.0/stm32cubeide/plugins/com.st.stm32cube.ide.mcu.externaltools.gnu-tools-for-stm32.9-2020-q2-update.win32_1.5.0.202011040924/tools/bin/../lib/gcc/arm-none-eabi/9.3.1/thumb/v7e-m+fp/hard\libgcc.a(_udivmoddi4.o)
 .ARM.attributes
                0x0000000000000508       0x1e c:/st/stm32cubeide_1.6.0/stm32cubeide/plugins/com.st.stm32cube.ide.mcu.externaltools.gnu-tools-for-stm32.9-2020-q2-update.win32_1.5.0.202011040924/tools/bin/../lib/gcc/arm-none-eabi/9.3.1/thumb/v7e-m+fp/hard\libgcc.a(_dvmd_tls.o)
 .ARM.attributes
                0x0000000000000526       0x1e c:/st/stm32cubeide_1.6.0/stm32cubeide/plugins/com.st.stm32cube.ide.mcu.externaltools.gnu-tools-for-stm32.9-2020-q2-update.win32_1.5.0.202011040924/tools/bin/../lib/gcc/arm-none-eabi/9.3.1/thumb/v7e-m+fp/hard/crtn.o
OUTPUT(OEM.elf elf32-littlearm)
LOAD linker stubs
LOAD c:/st/stm32cubeide_1.6.0/stm32cubeide/plugins/com.st.stm32cube.ide.mcu.externaltools.gnu-tools-for-stm32.9-2020-q2-update.win32_1.5.0.202011040924/tools/bin/../lib/gcc/arm-none-eabi/9.3.1/../../../../arm-none-eabi/lib/thumb/v7e-m+fp/hard\libc.a
LOAD c:/st/stm32cubeide_1.6.0/stm32cubeide/plugins/com.st.stm32cube.ide.mcu.externaltools.gnu-tools-for-stm32.9-2020-q2-update.win32_1.5.0.202011040924/tools/bin/../lib/gcc/arm-none-eabi/9.3.1/../../../../arm-none-eabi/lib/thumb/v7e-m+fp/hard\libm.a
LOAD c:/st/stm32cubeide_1.6.0/stm32cubeide/plugins/com.st.stm32cube.ide.mcu.externaltools.gnu-tools-for-stm32.9-2020-q2-update.win32_1.5.0.202011040924/tools/bin/../lib/gcc/arm-none-eabi/9.3.1/thumb/v7e-m+fp/hard\libgcc.a

.debug_info     0x0000000000000000     0xf9d6
 .debug_info    0x0000000000000000     0x1912 Core/Src/ESP8266.o
 .debug_info    0x0000000000001912      0x528 Core/Src/gpio.o
 .debug_info    0x0000000000001e3a     0x1e51 Core/Src/main.o
 .debug_info    0x0000000000003c8b     0x1682 Core/Src/office_environment_monitor.o
 .debug_info    0x000000000000530d      0x545 Core/Src/stm32l4xx_hal_msp.o
 .debug_info    0x0000000000005852      0x922 Core/Src/stm32l4xx_it.o
 .debug_info    0x0000000000006174      0x779 Core/Src/system_stm32l4xx.o
 .debug_info    0x00000000000068ed      0xec0 Core/Src/usart.o
 .debug_info    0x00000000000077ad       0x22 Core/Startup/startup_stm32l476rgtx.o
 .debug_info    0x00000000000077cf      0xcb9 Drivers/STM32L4xx_HAL_Driver/Src/stm32l4xx_hal.o
 .debug_info    0x0000000000008488     0x102e Drivers/STM32L4xx_HAL_Driver/Src/stm32l4xx_hal_cortex.o
 .debug_info    0x00000000000094b6      0x973 Drivers/STM32L4xx_HAL_Driver/Src/stm32l4xx_hal_dma.o
 .debug_info    0x0000000000009e29      0xa5f Drivers/STM32L4xx_HAL_Driver/Src/stm32l4xx_hal_gpio.o
 .debug_info    0x000000000000a888      0xbda Drivers/STM32L4xx_HAL_Driver/Src/stm32l4xx_hal_pwr_ex.o
 .debug_info    0x000000000000b462      0xe0b Drivers/STM32L4xx_HAL_Driver/Src/stm32l4xx_hal_rcc.o
 .debug_info    0x000000000000c26d     0x103f Drivers/STM32L4xx_HAL_Driver/Src/stm32l4xx_hal_rcc_ex.o
 .debug_info    0x000000000000d2ac     0x1ac3 Drivers/STM32L4xx_HAL_Driver/Src/stm32l4xx_hal_uart.o
 .debug_info    0x000000000000ed6f      0xc67 Drivers/STM32L4xx_HAL_Driver/Src/stm32l4xx_hal_uart_ex.o

.debug_abbrev   0x0000000000000000     0x23c6
 .debug_abbrev  0x0000000000000000      0x2c1 Core/Src/ESP8266.o
 .debug_abbrev  0x00000000000002c1      0x132 Core/Src/gpio.o
 .debug_abbrev  0x00000000000003f3      0x32c Core/Src/main.o
 .debug_abbrev  0x000000000000071f      0x267 Core/Src/office_environment_monitor.o
 .debug_abbrev  0x0000000000000986      0x13d Core/Src/stm32l4xx_hal_msp.o
 .debug_abbrev  0x0000000000000ac3      0x163 Core/Src/stm32l4xx_it.o
 .debug_abbrev  0x0000000000000c26      0x165 Core/Src/system_stm32l4xx.o
 .debug_abbrev  0x0000000000000d8b      0x1c4 Core/Src/usart.o
 .debug_abbrev  0x0000000000000f4f       0x12 Core/Startup/startup_stm32l476rgtx.o
 .debug_abbrev  0x0000000000000f61      0x227 Drivers/STM32L4xx_HAL_Driver/Src/stm32l4xx_hal.o
 .debug_abbrev  0x0000000000001188      0x33c Drivers/STM32L4xx_HAL_Driver/Src/stm32l4xx_hal_cortex.o
 .debug_abbrev  0x00000000000014c4      0x201 Drivers/STM32L4xx_HAL_Driver/Src/stm32l4xx_hal_dma.o
 .debug_abbrev  0x00000000000016c5      0x1e8 Drivers/STM32L4xx_HAL_Driver/Src/stm32l4xx_hal_gpio.o
 .debug_abbrev  0x00000000000018ad      0x1f3 Drivers/STM32L4xx_HAL_Driver/Src/stm32l4xx_hal_pwr_ex.o
 .debug_abbrev  0x0000000000001aa0      0x275 Drivers/STM32L4xx_HAL_Driver/Src/stm32l4xx_hal_rcc.o
 .debug_abbrev  0x0000000000001d15      0x268 Drivers/STM32L4xx_HAL_Driver/Src/stm32l4xx_hal_rcc_ex.o
 .debug_abbrev  0x0000000000001f7d      0x23f Drivers/STM32L4xx_HAL_Driver/Src/stm32l4xx_hal_uart.o
 .debug_abbrev  0x00000000000021bc      0x20a Drivers/STM32L4xx_HAL_Driver/Src/stm32l4xx_hal_uart_ex.o

.debug_aranges  0x0000000000000000      0xa78
 .debug_aranges
                0x0000000000000000       0x78 Core/Src/ESP8266.o
 .debug_aranges
                0x0000000000000078       0x20 Core/Src/gpio.o
 .debug_aranges
                0x0000000000000098       0x40 Core/Src/main.o
 .debug_aranges
                0x00000000000000d8       0x40 Core/Src/office_environment_monitor.o
 .debug_aranges
                0x0000000000000118       0x20 Core/Src/stm32l4xx_hal_msp.o
 .debug_aranges
                0x0000000000000138       0x68 Core/Src/stm32l4xx_it.o
 .debug_aranges
                0x00000000000001a0       0x28 Core/Src/system_stm32l4xx.o
 .debug_aranges
                0x00000000000001c8       0x30 Core/Src/usart.o
 .debug_aranges
                0x00000000000001f8       0x28 Core/Startup/startup_stm32l476rgtx.o
 .debug_aranges
                0x0000000000000220      0x130 Drivers/STM32L4xx_HAL_Driver/Src/stm32l4xx_hal.o
 .debug_aranges
                0x0000000000000350      0x118 Drivers/STM32L4xx_HAL_Driver/Src/stm32l4xx_hal_cortex.o
 .debug_aranges
                0x0000000000000468       0x80 Drivers/STM32L4xx_HAL_Driver/Src/stm32l4xx_hal_dma.o
 .debug_aranges
                0x00000000000004e8       0x58 Drivers/STM32L4xx_HAL_Driver/Src/stm32l4xx_hal_gpio.o
 .debug_aranges
                0x0000000000000540      0x150 Drivers/STM32L4xx_HAL_Driver/Src/stm32l4xx_hal_pwr_ex.o
 .debug_aranges
                0x0000000000000690       0x88 Drivers/STM32L4xx_HAL_Driver/Src/stm32l4xx_hal_rcc.o
 .debug_aranges
                0x0000000000000718       0xc0 Drivers/STM32L4xx_HAL_Driver/Src/stm32l4xx_hal_rcc_ex.o
 .debug_aranges
                0x00000000000007d8      0x228 Drivers/STM32L4xx_HAL_Driver/Src/stm32l4xx_hal_uart.o
 .debug_aranges
                0x0000000000000a00       0x78 Drivers/STM32L4xx_HAL_Driver/Src/stm32l4xx_hal_uart_ex.o

.debug_ranges   0x0000000000000000      0x990
 .debug_ranges  0x0000000000000000       0x68 Core/Src/ESP8266.o
 .debug_ranges  0x0000000000000068       0x10 Core/Src/gpio.o
 .debug_ranges  0x0000000000000078       0x30 Core/Src/main.o
 .debug_ranges  0x00000000000000a8       0x30 Core/Src/office_environment_monitor.o
 .debug_ranges  0x00000000000000d8       0x10 Core/Src/stm32l4xx_hal_msp.o
 .debug_ranges  0x00000000000000e8       0x58 Core/Src/stm32l4xx_it.o
 .debug_ranges  0x0000000000000140       0x18 Core/Src/system_stm32l4xx.o
 .debug_ranges  0x0000000000000158       0x20 Core/Src/usart.o
 .debug_ranges  0x0000000000000178       0x20 Core/Startup/startup_stm32l476rgtx.o
 .debug_ranges  0x0000000000000198      0x120 Drivers/STM32L4xx_HAL_Driver/Src/stm32l4xx_hal.o
 .debug_ranges  0x00000000000002b8      0x108 Drivers/STM32L4xx_HAL_Driver/Src/stm32l4xx_hal_cortex.o
 .debug_ranges  0x00000000000003c0       0x70 Drivers/STM32L4xx_HAL_Driver/Src/stm32l4xx_hal_dma.o
 .debug_ranges  0x0000000000000430       0x48 Drivers/STM32L4xx_HAL_Driver/Src/stm32l4xx_hal_gpio.o
 .debug_ranges  0x0000000000000478      0x140 Drivers/STM32L4xx_HAL_Driver/Src/stm32l4xx_hal_pwr_ex.o
 .debug_ranges  0x00000000000005b8       0x78 Drivers/STM32L4xx_HAL_Driver/Src/stm32l4xx_hal_rcc.o
 .debug_ranges  0x0000000000000630       0xb0 Drivers/STM32L4xx_HAL_Driver/Src/stm32l4xx_hal_rcc_ex.o
 .debug_ranges  0x00000000000006e0      0x248 Drivers/STM32L4xx_HAL_Driver/Src/stm32l4xx_hal_uart.o
 .debug_ranges  0x0000000000000928       0x68 Drivers/STM32L4xx_HAL_Driver/Src/stm32l4xx_hal_uart_ex.o

.debug_macro    0x0000000000000000    0x287a1
 .debug_macro   0x0000000000000000      0x385 Core/Src/ESP8266.o
 .debug_macro   0x0000000000000385      0xaa8 Core/Src/ESP8266.o
 .debug_macro   0x0000000000000e2d      0x1a7 Core/Src/ESP8266.o
 .debug_macro   0x0000000000000fd4       0x2e Core/Src/ESP8266.o
 .debug_macro   0x0000000000001002       0x28 Core/Src/ESP8266.o
 .debug_macro   0x000000000000102a       0x22 Core/Src/ESP8266.o
 .debug_macro   0x000000000000104c       0x8e Core/Src/ESP8266.o
 .debug_macro   0x00000000000010da       0x51 Core/Src/ESP8266.o
 .debug_macro   0x000000000000112b      0x103 Core/Src/ESP8266.o
 .debug_macro   0x000000000000122e       0x6a Core/Src/ESP8266.o
 .debug_macro   0x0000000000001298      0x1df Core/Src/ESP8266.o
 .debug_macro   0x0000000000001477       0x1c Core/Src/ESP8266.o
 .debug_macro   0x0000000000001493       0x22 Core/Src/ESP8266.o
 .debug_macro   0x00000000000014b5      0x101 Core/Src/ESP8266.o
 .debug_macro   0x00000000000015b6     0x1011 Core/Src/ESP8266.o
 .debug_macro   0x00000000000025c7      0x11f Core/Src/ESP8266.o
 .debug_macro   0x00000000000026e6    0x1a13d Core/Src/ESP8266.o
 .debug_macro   0x000000000001c823       0x43 Core/Src/ESP8266.o
 .debug_macro   0x000000000001c866     0x3897 Core/Src/ESP8266.o
 .debug_macro   0x00000000000200fd      0x174 Core/Src/ESP8266.o
 .debug_macro   0x0000000000020271       0x5c Core/Src/ESP8266.o
 .debug_macro   0x00000000000202cd     0x155f Core/Src/ESP8266.o
 .debug_macro   0x000000000002182c      0x59e Core/Src/ESP8266.o
 .debug_macro   0x0000000000021dca      0x13d Core/Src/ESP8266.o
 .debug_macro   0x0000000000021f07      0x18b Core/Src/ESP8266.o
 .debug_macro   0x0000000000022092      0x26b Core/Src/ESP8266.o
 .debug_macro   0x00000000000222fd      0x23d Core/Src/ESP8266.o
 .debug_macro   0x000000000002253a      0x241 Core/Src/ESP8266.o
 .debug_macro   0x000000000002277b      0x37c Core/Src/ESP8266.o
 .debug_macro   0x0000000000022af7       0xd6 Core/Src/ESP8266.o
 .debug_macro   0x0000000000022bcd      0x22c Core/Src/ESP8266.o
 .debug_macro   0x0000000000022df9       0x61 Core/Src/ESP8266.o
 .debug_macro   0x0000000000022e5a       0xa5 Core/Src/ESP8266.o
 .debug_macro   0x0000000000022eff      0x122 Core/Src/ESP8266.o
 .debug_macro   0x0000000000023021      0x3e9 Core/Src/ESP8266.o
 .debug_macro   0x000000000002340a      0x5ba Core/Src/ESP8266.o
 .debug_macro   0x00000000000239c4       0x44 Core/Src/ESP8266.o
 .debug_macro   0x0000000000023a08      0x331 Core/Src/ESP8266.o
 .debug_macro   0x0000000000023d39       0x52 Core/Src/ESP8266.o
 .debug_macro   0x0000000000023d8b       0x18 Core/Src/ESP8266.o
 .debug_macro   0x0000000000023da3       0x3c Core/Src/ESP8266.o
 .debug_macro   0x0000000000023ddf       0x34 Core/Src/ESP8266.o
 .debug_macro   0x0000000000023e13       0x16 Core/Src/ESP8266.o
 .debug_macro   0x0000000000023e29       0x43 Core/Src/ESP8266.o
 .debug_macro   0x0000000000023e6c       0x34 Core/Src/ESP8266.o
 .debug_macro   0x0000000000023ea0       0x10 Core/Src/ESP8266.o
 .debug_macro   0x0000000000023eb0       0x58 Core/Src/ESP8266.o
 .debug_macro   0x0000000000023f08       0x71 Core/Src/ESP8266.o
 .debug_macro   0x0000000000023f79       0x1c Core/Src/ESP8266.o
 .debug_macro   0x0000000000023f95      0x12a Core/Src/ESP8266.o
 .debug_macro   0x00000000000240bf      0x333 Core/Src/ESP8266.o
 .debug_macro   0x00000000000243f2       0x10 Core/Src/ESP8266.o
 .debug_macro   0x0000000000024402       0x35 Core/Src/ESP8266.o
 .debug_macro   0x0000000000024437       0x20 Core/Src/ESP8266.o
 .debug_macro   0x0000000000024457       0x1c Core/Src/ESP8266.o
 .debug_macro   0x0000000000024473       0x10 Core/Src/ESP8266.o
 .debug_macro   0x0000000000024483       0x10 Core/Src/ESP8266.o
 .debug_macro   0x0000000000024493       0x1c Core/Src/ESP8266.o
 .debug_macro   0x00000000000244af       0x52 Core/Src/ESP8266.o
 .debug_macro   0x0000000000024501       0x22 Core/Src/ESP8266.o
 .debug_macro   0x0000000000024523       0x10 Core/Src/ESP8266.o
 .debug_macro   0x0000000000024533       0x40 Core/Src/ESP8266.o
 .debug_macro   0x0000000000024573       0xd5 Core/Src/ESP8266.o
 .debug_macro   0x0000000000024648       0x1c Core/Src/ESP8266.o
 .debug_macro   0x0000000000024664       0x3d Core/Src/ESP8266.o
 .debug_macro   0x00000000000246a1       0x16 Core/Src/ESP8266.o
 .debug_macro   0x00000000000246b7      0x145 Core/Src/ESP8266.o
 .debug_macro   0x00000000000247fc       0x22 Core/Src/ESP8266.o
 .debug_macro   0x000000000002481e      0x1d9 Core/Src/gpio.o
 .debug_macro   0x00000000000249f7      0x42f Core/Src/main.o
 .debug_macro   0x0000000000024e26       0x16 Core/Src/main.o
 .debug_macro   0x0000000000024e3c       0x16 Core/Src/main.o
 .debug_macro   0x0000000000024e52       0x28 Core/Src/main.o
 .debug_macro   0x0000000000024e7a      0x1a9 Core/Src/main.o
 .debug_macro   0x0000000000025023       0x7c Core/Src/main.o
 .debug_macro   0x000000000002509f       0x17 Core/Src/main.o
 .debug_macro   0x00000000000250b6      0x118 Core/Src/main.o
 .debug_macro   0x00000000000251ce      0x651 Core/Src/main.o
 .debug_macro   0x000000000002581f      0xc23 Core/Src/main.o
 .debug_macro   0x0000000000026442      0x383 Core/Src/office_environment_monitor.o
 .debug_macro   0x00000000000267c5       0x4c Core/Src/office_environment_monitor.o
 .debug_macro   0x0000000000026811       0x94 Core/Src/office_environment_monitor.o
 .debug_macro   0x00000000000268a5       0x57 Core/Src/office_environment_monitor.o
 .debug_macro   0x00000000000268fc       0x97 Core/Src/office_environment_monitor.o
 .debug_macro   0x0000000000026993      0x339 Core/Src/office_environment_monitor.o
 .debug_macro   0x0000000000026ccc       0xfd Core/Src/office_environment_monitor.o
 .debug_macro   0x0000000000026dc9       0xfb Core/Src/office_environment_monitor.o
 .debug_macro   0x0000000000026ec4       0x56 Core/Src/office_environment_monitor.o
 .debug_macro   0x0000000000026f1a      0x1cf Core/Src/stm32l4xx_hal_msp.o
 .debug_macro   0x00000000000270e9      0x1d9 Core/Src/stm32l4xx_it.o
 .debug_macro   0x00000000000272c2      0x1c5 Core/Src/system_stm32l4xx.o
 .debug_macro   0x0000000000027487      0x1d9 Core/Src/usart.o
 .debug_macro   0x0000000000027660      0x213 Drivers/STM32L4xx_HAL_Driver/Src/stm32l4xx_hal.o
 .debug_macro   0x0000000000027873      0x1c5 Drivers/STM32L4xx_HAL_Driver/Src/stm32l4xx_hal_cortex.o
 .debug_macro   0x0000000000027a38      0x1c5 Drivers/STM32L4xx_HAL_Driver/Src/stm32l4xx_hal_dma.o
 .debug_macro   0x0000000000027bfd      0x204 Drivers/STM32L4xx_HAL_Driver/Src/stm32l4xx_hal_gpio.o
 .debug_macro   0x0000000000027e01      0x1e9 Drivers/STM32L4xx_HAL_Driver/Src/stm32l4xx_hal_pwr_ex.o
 .debug_macro   0x0000000000027fea      0x207 Drivers/STM32L4xx_HAL_Driver/Src/stm32l4xx_hal_rcc.o
 .debug_macro   0x00000000000281f1      0x1fb Drivers/STM32L4xx_HAL_Driver/Src/stm32l4xx_hal_rcc_ex.o
 .debug_macro   0x00000000000283ec      0x1f0 Drivers/STM32L4xx_HAL_Driver/Src/stm32l4xx_hal_uart.o
 .debug_macro   0x00000000000285dc      0x1c5 Drivers/STM32L4xx_HAL_Driver/Src/stm32l4xx_hal_uart_ex.o

.debug_line     0x0000000000000000     0xcc19
 .debug_line    0x0000000000000000      0xbc1 Core/Src/ESP8266.o
 .debug_line    0x0000000000000bc1      0x6c3 Core/Src/gpio.o
 .debug_line    0x0000000000001284      0xba1 Core/Src/main.o
 .debug_line    0x0000000000001e25      0x9ab Core/Src/office_environment_monitor.o
 .debug_line    0x00000000000027d0      0x6c8 Core/Src/stm32l4xx_hal_msp.o
 .debug_line    0x0000000000002e98      0x7a2 Core/Src/stm32l4xx_it.o
 .debug_line    0x000000000000363a      0x778 Core/Src/system_stm32l4xx.o
 .debug_line    0x0000000000003db2      0x73a Core/Src/usart.o
 .debug_line    0x00000000000044ec       0x87 Core/Startup/startup_stm32l476rgtx.o
 .debug_line    0x0000000000004573      0xab7 Drivers/STM32L4xx_HAL_Driver/Src/stm32l4xx_hal.o
 .debug_line    0x000000000000502a      0xc5e Drivers/STM32L4xx_HAL_Driver/Src/stm32l4xx_hal_cortex.o
 .debug_line    0x0000000000005c88      0xc96 Drivers/STM32L4xx_HAL_Driver/Src/stm32l4xx_hal_dma.o
 .debug_line    0x000000000000691e      0xb31 Drivers/STM32L4xx_HAL_Driver/Src/stm32l4xx_hal_gpio.o
 .debug_line    0x000000000000744f      0xc73 Drivers/STM32L4xx_HAL_Driver/Src/stm32l4xx_hal_pwr_ex.o
 .debug_line    0x00000000000080c2      0xefb Drivers/STM32L4xx_HAL_Driver/Src/stm32l4xx_hal_rcc.o
 .debug_line    0x0000000000008fbd     0x1470 Drivers/STM32L4xx_HAL_Driver/Src/stm32l4xx_hal_rcc_ex.o
 .debug_line    0x000000000000a42d     0x1d48 Drivers/STM32L4xx_HAL_Driver/Src/stm32l4xx_hal_uart.o
 .debug_line    0x000000000000c175      0xaa4 Drivers/STM32L4xx_HAL_Driver/Src/stm32l4xx_hal_uart_ex.o

.debug_str      0x0000000000000000   0x10442b
 .debug_str     0x0000000000000000    0xe6ab5 Core/Src/ESP8266.o
                                      0xe6e52 (size before relaxing)
 .debug_str     0x00000000000e6ab5      0x14f Core/Src/gpio.o
                                      0xe2410 (size before relaxing)
 .debug_str     0x00000000000e6c04    0x1abd2 Core/Src/main.o
                                     0x10188c (size before relaxing)
 .debug_str     0x00000000001017d6       0xec Core/Src/office_environment_monitor.o
                                      0xe6c71 (size before relaxing)
 .debug_str     0x00000000001018c2       0x2c Core/Src/stm32l4xx_hal_msp.o
                                      0xe2410 (size before relaxing)
 .debug_str     0x00000000001018ee       0xce Core/Src/stm32l4xx_it.o
                                      0xe274e (size before relaxing)
 .debug_str     0x00000000001019bc       0xb8 Core/Src/system_stm32l4xx.o
                                      0xe248b (size before relaxing)
 .debug_str     0x0000000000101a74      0x4fd Core/Src/usart.o
                                      0xe2d7a (size before relaxing)
 .debug_str     0x0000000000101f71       0x36 Core/Startup/startup_stm32l476rgtx.o
                                         0x7c (size before relaxing)
 .debug_str     0x0000000000101fa7      0x5c0 Drivers/STM32L4xx_HAL_Driver/Src/stm32l4xx_hal.o
                                      0xe2f8a (size before relaxing)
 .debug_str     0x0000000000102567      0x389 Drivers/STM32L4xx_HAL_Driver/Src/stm32l4xx_hal_cortex.o
                                      0xe2cfa (size before relaxing)
 .debug_str     0x00000000001028f0      0x258 Drivers/STM32L4xx_HAL_Driver/Src/stm32l4xx_hal_dma.o
                                      0xe26fe (size before relaxing)
 .debug_str     0x0000000000102b48      0x252 Drivers/STM32L4xx_HAL_Driver/Src/stm32l4xx_hal_gpio.o
                                      0xe2725 (size before relaxing)
 .debug_str     0x0000000000102d9a      0x4b4 Drivers/STM32L4xx_HAL_Driver/Src/stm32l4xx_hal_pwr_ex.o
                                      0xe29c1 (size before relaxing)
 .debug_str     0x000000000010324e      0x3b5 Drivers/STM32L4xx_HAL_Driver/Src/stm32l4xx_hal_rcc.o
                                      0xe2a68 (size before relaxing)
 .debug_str     0x0000000000103603      0x3a6 Drivers/STM32L4xx_HAL_Driver/Src/stm32l4xx_hal_rcc_ex.o
                                      0xe2bf9 (size before relaxing)
 .debug_str     0x00000000001039a9      0x89c Drivers/STM32L4xx_HAL_Driver/Src/stm32l4xx_hal_uart.o
                                      0xe30ea (size before relaxing)
 .debug_str     0x0000000000104245      0x1e6 Drivers/STM32L4xx_HAL_Driver/Src/stm32l4xx_hal_uart_ex.o
                                      0xe28fa (size before relaxing)

.comment        0x0000000000000000       0x53
 .comment       0x0000000000000000       0x53 Core/Src/ESP8266.o
                                         0x54 (size before relaxing)
 .comment       0x0000000000000053       0x54 Core/Src/gpio.o
 .comment       0x0000000000000053       0x54 Core/Src/main.o
 .comment       0x0000000000000053       0x54 Core/Src/office_environment_monitor.o
 .comment       0x0000000000000053       0x54 Core/Src/stm32l4xx_hal_msp.o
 .comment       0x0000000000000053       0x54 Core/Src/stm32l4xx_it.o
 .comment       0x0000000000000053       0x54 Core/Src/system_stm32l4xx.o
 .comment       0x0000000000000053       0x54 Core/Src/usart.o
 .comment       0x0000000000000053       0x54 Drivers/STM32L4xx_HAL_Driver/Src/stm32l4xx_hal.o
 .comment       0x0000000000000053       0x54 Drivers/STM32L4xx_HAL_Driver/Src/stm32l4xx_hal_cortex.o
 .comment       0x0000000000000053       0x54 Drivers/STM32L4xx_HAL_Driver/Src/stm32l4xx_hal_dma.o
 .comment       0x0000000000000053       0x54 Drivers/STM32L4xx_HAL_Driver/Src/stm32l4xx_hal_gpio.o
 .comment       0x0000000000000053       0x54 Drivers/STM32L4xx_HAL_Driver/Src/stm32l4xx_hal_pwr_ex.o
 .comment       0x0000000000000053       0x54 Drivers/STM32L4xx_HAL_Driver/Src/stm32l4xx_hal_rcc.o
 .comment       0x0000000000000053       0x54 Drivers/STM32L4xx_HAL_Driver/Src/stm32l4xx_hal_rcc_ex.o
 .comment       0x0000000000000053       0x54 Drivers/STM32L4xx_HAL_Driver/Src/stm32l4xx_hal_uart.o
 .comment       0x0000000000000053       0x54 Drivers/STM32L4xx_HAL_Driver/Src/stm32l4xx_hal_uart_ex.o

.debug_frame    0x0000000000000000     0x28e4
 .debug_frame   0x0000000000000000      0x1b4 Core/Src/ESP8266.o
 .debug_frame   0x00000000000001b4       0x38 Core/Src/gpio.o
 .debug_frame   0x00000000000001ec       0xb8 Core/Src/main.o
 .debug_frame   0x00000000000002a4       0xa8 Core/Src/office_environment_monitor.o
 .debug_frame   0x000000000000034c       0x38 Core/Src/stm32l4xx_hal_msp.o
 .debug_frame   0x0000000000000384      0x120 Core/Src/stm32l4xx_it.o
 .debug_frame   0x00000000000004a4       0x58 Core/Src/system_stm32l4xx.o
 .debug_frame   0x00000000000004fc       0x74 Core/Src/usart.o
 .debug_frame   0x0000000000000570      0x498 Drivers/STM32L4xx_HAL_Driver/Src/stm32l4xx_hal.o
 .debug_frame   0x0000000000000a08      0x498 Drivers/STM32L4xx_HAL_Driver/Src/stm32l4xx_hal_cortex.o
 .debug_frame   0x0000000000000ea0      0x204 Drivers/STM32L4xx_HAL_Driver/Src/stm32l4xx_hal_dma.o
 .debug_frame   0x00000000000010a4      0x14c Drivers/STM32L4xx_HAL_Driver/Src/stm32l4xx_hal_gpio.o
 .debug_frame   0x00000000000011f0      0x544 Drivers/STM32L4xx_HAL_Driver/Src/stm32l4xx_hal_pwr_ex.o
 .debug_frame   0x0000000000001734      0x1f4 Drivers/STM32L4xx_HAL_Driver/Src/stm32l4xx_hal_rcc.o
 .debug_frame   0x0000000000001928      0x2fc Drivers/STM32L4xx_HAL_Driver/Src/stm32l4xx_hal_rcc_ex.o
 .debug_frame   0x0000000000001c24      0x9e4 Drivers/STM32L4xx_HAL_Driver/Src/stm32l4xx_hal_uart.o
 .debug_frame   0x0000000000002608      0x1e0 Drivers/STM32L4xx_HAL_Driver/Src/stm32l4xx_hal_uart_ex.o
 .debug_frame   0x00000000000027e8       0x2c c:/st/stm32cubeide_1.6.0/stm32cubeide/plugins/com.st.stm32cube.ide.mcu.externaltools.gnu-tools-for-stm32.9-2020-q2-update.win32_1.5.0.202011040924/tools/bin/../lib/gcc/arm-none-eabi/9.3.1/../../../../arm-none-eabi/lib/thumb/v7e-m+fp/hard\libc_nano.a(lib_a-init.o)
 .debug_frame   0x0000000000002814       0x20 c:/st/stm32cubeide_1.6.0/stm32cubeide/plugins/com.st.stm32cube.ide.mcu.externaltools.gnu-tools-for-stm32.9-2020-q2-update.win32_1.5.0.202011040924/tools/bin/../lib/gcc/arm-none-eabi/9.3.1/../../../../arm-none-eabi/lib/thumb/v7e-m+fp/hard\libc_nano.a(lib_a-memset.o)
 .debug_frame   0x0000000000002834       0x20 c:/st/stm32cubeide_1.6.0/stm32cubeide/plugins/com.st.stm32cube.ide.mcu.externaltools.gnu-tools-for-stm32.9-2020-q2-update.win32_1.5.0.202011040924/tools/bin/../lib/gcc/arm-none-eabi/9.3.1/../../../../arm-none-eabi/lib/thumb/v7e-m+fp/hard\libc_nano.a(lib_a-strcmp.o)
 .debug_frame   0x0000000000002854       0x30 c:/st/stm32cubeide_1.6.0/stm32cubeide/plugins/com.st.stm32cube.ide.mcu.externaltools.gnu-tools-for-stm32.9-2020-q2-update.win32_1.5.0.202011040924/tools/bin/../lib/gcc/arm-none-eabi/9.3.1/../../../../arm-none-eabi/lib/thumb/v7e-m+fp/hard\libc_nano.a(lib_a-strstr.o)
 .debug_frame   0x0000000000002884       0x2c c:/st/stm32cubeide_1.6.0/stm32cubeide/plugins/com.st.stm32cube.ide.mcu.externaltools.gnu-tools-for-stm32.9-2020-q2-update.win32_1.5.0.202011040924/tools/bin/../lib/gcc/arm-none-eabi/9.3.1/thumb/v7e-m+fp/hard\libgcc.a(_aeabi_uldivmod.o)
 .debug_frame   0x00000000000028b0       0x34 c:/st/stm32cubeide_1.6.0/stm32cubeide/plugins/com.st.stm32cube.ide.mcu.externaltools.gnu-tools-for-stm32.9-2020-q2-update.win32_1.5.0.202011040924/tools/bin/../lib/gcc/arm-none-eabi/9.3.1/thumb/v7e-m+fp/hard\libgcc.a(_udivmoddi4.o)
